Archive member included to satisfy reference by file (symbol)

/Applications/STM32CubeIDE.app/Contents/Eclipse/plugins/com.st.stm32cube.ide.mcu.externaltools.gnu-tools-for-stm32.13.3.rel1.macos64_1.0.0.202411102158/tools/bin/../lib/gcc/arm-none-eabi/13.3.1/../../../../arm-none-eabi/lib/thumb/v7e-m+fp/hard/libstdc++_nano.a(del_ops.o)
                              ./Core/Src/Interfaces/Display/Sprite.o (operator delete(void*, unsigned int))
/Applications/STM32CubeIDE.app/Contents/Eclipse/plugins/com.st.stm32cube.ide.mcu.externaltools.gnu-tools-for-stm32.13.3.rel1.macos64_1.0.0.202411102158/tools/bin/../lib/gcc/arm-none-eabi/13.3.1/../../../../arm-none-eabi/lib/thumb/v7e-m+fp/hard/libstdc++_nano.a(new_op.o)
                              ./Core/Src/NucleoImp/Display/ILI9341Display.o (operator new(unsigned int))
/Applications/STM32CubeIDE.app/Contents/Eclipse/plugins/com.st.stm32cube.ide.mcu.externaltools.gnu-tools-for-stm32.13.3.rel1.macos64_1.0.0.202411102158/tools/bin/../lib/gcc/arm-none-eabi/13.3.1/../../../../arm-none-eabi/lib/thumb/v7e-m+fp/hard/libstdc++_nano.a(string-inst.o)
                              ./Core/Src/NucleoImp/Display/ILI9341Display.o (std::__cxx11::basic_string<char, std::char_traits<char>, std::allocator<char> >::c_str() const)
/Applications/STM32CubeIDE.app/Contents/Eclipse/plugins/com.st.stm32cube.ide.mcu.externaltools.gnu-tools-for-stm32.13.3.rel1.macos64_1.0.0.202411102158/tools/bin/../lib/gcc/arm-none-eabi/13.3.1/../../../../arm-none-eabi/lib/thumb/v7e-m+fp/hard/libstdc++_nano.a(del_op.o)
                              /Applications/STM32CubeIDE.app/Contents/Eclipse/plugins/com.st.stm32cube.ide.mcu.externaltools.gnu-tools-for-stm32.13.3.rel1.macos64_1.0.0.202411102158/tools/bin/../lib/gcc/arm-none-eabi/13.3.1/../../../../arm-none-eabi/lib/thumb/v7e-m+fp/hard/libstdc++_nano.a(del_ops.o) (operator delete(void*))
/Applications/STM32CubeIDE.app/Contents/Eclipse/plugins/com.st.stm32cube.ide.mcu.externaltools.gnu-tools-for-stm32.13.3.rel1.macos64_1.0.0.202411102158/tools/bin/../lib/gcc/arm-none-eabi/13.3.1/../../../../arm-none-eabi/lib/thumb/v7e-m+fp/hard/libstdc++_nano.a(new_handler.o)
                              /Applications/STM32CubeIDE.app/Contents/Eclipse/plugins/com.st.stm32cube.ide.mcu.externaltools.gnu-tools-for-stm32.13.3.rel1.macos64_1.0.0.202411102158/tools/bin/../lib/gcc/arm-none-eabi/13.3.1/../../../../arm-none-eabi/lib/thumb/v7e-m+fp/hard/libstdc++_nano.a(new_op.o) (std::get_new_handler())
/Applications/STM32CubeIDE.app/Contents/Eclipse/plugins/com.st.stm32cube.ide.mcu.externaltools.gnu-tools-for-stm32.13.3.rel1.macos64_1.0.0.202411102158/tools/bin/../lib/gcc/arm-none-eabi/13.3.1/../../../../arm-none-eabi/lib/thumb/v7e-m+fp/hard/libstdc++_nano.a(functexcept.o)
                              /Applications/STM32CubeIDE.app/Contents/Eclipse/plugins/com.st.stm32cube.ide.mcu.externaltools.gnu-tools-for-stm32.13.3.rel1.macos64_1.0.0.202411102158/tools/bin/../lib/gcc/arm-none-eabi/13.3.1/../../../../arm-none-eabi/lib/thumb/v7e-m+fp/hard/libstdc++_nano.a(string-inst.o) (std::__throw_bad_alloc())
/Applications/STM32CubeIDE.app/Contents/Eclipse/plugins/com.st.stm32cube.ide.mcu.externaltools.gnu-tools-for-stm32.13.3.rel1.macos64_1.0.0.202411102158/tools/bin/../lib/gcc/arm-none-eabi/13.3.1/../../../../arm-none-eabi/lib/thumb/v7e-m+fp/hard/libm.a(libm_a-wf_fmod.o)
                              ./Core/Src/NucleoImp/Display/ILI9341Display.o (fmodf)
/Applications/STM32CubeIDE.app/Contents/Eclipse/plugins/com.st.stm32cube.ide.mcu.externaltools.gnu-tools-for-stm32.13.3.rel1.macos64_1.0.0.202411102158/tools/bin/../lib/gcc/arm-none-eabi/13.3.1/../../../../arm-none-eabi/lib/thumb/v7e-m+fp/hard/libm.a(libm_a-s_cos.o)
                              ./Core/Src/NucleoImp/Display/ILI9341Display.o (cos)
/Applications/STM32CubeIDE.app/Contents/Eclipse/plugins/com.st.stm32cube.ide.mcu.externaltools.gnu-tools-for-stm32.13.3.rel1.macos64_1.0.0.202411102158/tools/bin/../lib/gcc/arm-none-eabi/13.3.1/../../../../arm-none-eabi/lib/thumb/v7e-m+fp/hard/libm.a(libm_a-s_sin.o)
                              ./Core/Src/NucleoImp/Display/ILI9341Display.o (sin)
/Applications/STM32CubeIDE.app/Contents/Eclipse/plugins/com.st.stm32cube.ide.mcu.externaltools.gnu-tools-for-stm32.13.3.rel1.macos64_1.0.0.202411102158/tools/bin/../lib/gcc/arm-none-eabi/13.3.1/../../../../arm-none-eabi/lib/thumb/v7e-m+fp/hard/libm.a(libm_a-ef_fmod.o)
                              /Applications/STM32CubeIDE.app/Contents/Eclipse/plugins/com.st.stm32cube.ide.mcu.externaltools.gnu-tools-for-stm32.13.3.rel1.macos64_1.0.0.202411102158/tools/bin/../lib/gcc/arm-none-eabi/13.3.1/../../../../arm-none-eabi/lib/thumb/v7e-m+fp/hard/libm.a(libm_a-wf_fmod.o) (__ieee754_fmodf)
/Applications/STM32CubeIDE.app/Contents/Eclipse/plugins/com.st.stm32cube.ide.mcu.externaltools.gnu-tools-for-stm32.13.3.rel1.macos64_1.0.0.202411102158/tools/bin/../lib/gcc/arm-none-eabi/13.3.1/../../../../arm-none-eabi/lib/thumb/v7e-m+fp/hard/libm.a(libm_a-e_rem_pio2.o)
[...]
Memory Configuration

Name             Origin             Length             Attributes
RAM              0x20000000         0x00020000         xrw
FLASH            0x08000000         0x00080000         xr
*default*        0x00000000         0xffffffff

Linker script and memory map

LOAD /Applications/STM32CubeIDE.app/Contents/Eclipse/plugins/com.st.stm32cube.ide.mcu.externaltools.gnu-tools-for-stm32.13.3.rel1.macos64_1.0.0.202411102158/tools/bin/../lib/gcc/arm-none-eabi/13.3.1/thumb/v7e-m+fp/hard/crti.o
LOAD /Applications/STM32CubeIDE.app/Contents/Eclipse/plugins/com.st.stm32cube.ide.mcu.externaltools.gnu-tools-for-stm32.13.3.rel1.macos64_1.0.0.202411102158/tools/bin/../lib/gcc/arm-none-eabi/13.3.1/thumb/v7e-m+fp/hard/crtbegin.o
LOAD /Applications/STM32CubeIDE.app/Contents/Eclipse/plugins/com.st.stm32cube.ide.mcu.externaltools.gnu-tools-for-stm32.13.3.rel1.macos64_1.0.0.202411102158/tools/bin/../lib/gcc/arm-none-eabi/13.3.1/../../../../arm-none-eabi/lib/thumb/v7e-m+fp/hard/crt0.o
LOAD ./Core/Src/Graphics/Graphics/GraphObjects/Snake.o
LOAD ./Core/Src/Interfaces/Display/Sprite.o
LOAD ./Core/Src/NucleoImp/Display/ILI9341Display.o
LOAD ./Core/Src/NucleoImp/Display/ili9341.o
LOAD ./Core/Src/NucleoImp/Display/ili9341_font.o
LOAD ./Core/Src/NucleoImp/Display/ili9341_gfx.o
LOAD ./Core/Src/cpp_main.o
LOAD ./Core/Src/main.o
LOAD ./Core/Src/stm32f4xx_hal_msp.o
LOAD ./Core/Src/stm32f4xx_it.o
LOAD ./Core/Src/syscalls.o
LOAD ./Core/Src/sysmem.o
LOAD ./Core/Src/system_stm32f4xx.o
LOAD ./Core/Startup/startup_stm32f446retx.o
LOAD ./Drivers/STM32F4xx_HAL_Driver/Src/stm32f4xx_hal.o
LOAD ./Drivers/STM32F4xx_HAL_Driver/Src/stm32f4xx_hal_adc.o
LOAD ./Drivers/STM32F4xx_HAL_Driver/Src/stm32f4xx_hal_adc_ex.o
LOAD ./Drivers/STM32F4xx_HAL_Driver/Src/stm32f4xx_hal_cortex.o
LOAD ./Drivers/STM32F4xx_HAL_Driver/Src/stm32f4xx_hal_dac.o
LOAD ./Drivers/STM32F4xx_HAL_Driver/Src/stm32f4xx_hal_dac_ex.o
LOAD ./Drivers/STM32F4xx_HAL_Driver/Src/stm32f4xx_hal_dma.o
LOAD ./Drivers/STM32F4xx_HAL_Driver/Src/stm32f4xx_hal_dma_ex.o
LOAD ./Drivers/STM32F4xx_HAL_Driver/Src/stm32f4xx_hal_exti.o
LOAD ./Drivers/STM32F4xx_HAL_Driver/Src/stm32f4xx_hal_flash.o
LOAD ./Drivers/STM32F4xx_HAL_Driver/Src/stm32f4xx_hal_flash_ex.o
LOAD ./Drivers/STM32F4xx_HAL_Driver/Src/stm32f4xx_hal_flash_ramfunc.o
LOAD ./Drivers/STM32F4xx_HAL_Driver/Src/stm32f4xx_hal_gpio.o
LOAD ./Drivers/STM32F4xx_HAL_Driver/Src/stm32f4xx_hal_i2c.o
LOAD ./Drivers/STM32F4xx_HAL_Driver/Src/stm32f4xx_hal_i2c_ex.o
LOAD ./Drivers/STM32F4xx_HAL_Driver/Src/stm32f4xx_hal_pwr.o
LOAD ./Drivers/STM32F4xx_HAL_Driver/Src/stm32f4xx_hal_pwr_ex.o
LOAD ./Drivers/STM32F4xx_HAL_Driver/Src/stm32f4xx_hal_rcc.o
LOAD ./Drivers/STM32F4xx_HAL_Driver/Src/stm32f4xx_hal_rcc_ex.o
LOAD ./Drivers/STM32F4xx_HAL_Driver/Src/stm32f4xx_hal_spi.o
LOAD ./Drivers/STM32F4xx_HAL_Driver/Src/stm32f4xx_hal_tim.o
LOAD ./Drivers/STM32F4xx_HAL_Driver/Src/stm32f4xx_hal_tim_ex.o
LOAD ./Drivers/STM32F4xx_HAL_Driver/Src/stm32f4xx_hal_uart.o
LOAD ./Drivers/STM32F4xx_HAL_Driver/Src/stm32f4xx_ll_adc.o
START GROUP
LOAD /Applications/STM32CubeIDE.app/Contents/Eclipse/plugins/com.st.stm32cube.ide.mcu.externaltools.gnu-tools-for-stm32.13.3.rel1.macos64_1.0.0.202411102158/tools/bin/../lib/gcc/arm-none-eabi/13.3.1/../../../../arm-none-eabi/lib/thumb/v7e-m+fp/hard/libstdc++_nano.a
LOAD /Applications/STM32CubeIDE.app/Contents/Eclipse/plugins/com.st.stm32cube.ide.mcu.externaltools.gnu-tools-for-stm32.13.3.rel1.macos64_1.0.0.202411102158/tools/bin/../lib/gcc/arm-none-eabi/13.3.1/../../../../arm-none-eabi/lib/thumb/v7e-m+fp/hard/libsupc++_nano.a
END GROUP
LOAD /Applications/STM32CubeIDE.app/Contents/Eclipse/plugins/com.st.stm32cube.ide.mcu.externaltools.gnu-tools-for-stm32.13.3.rel1.macos64_1.0.0.202411102158/tools/bin/../lib/gcc/arm-none-eabi/13.3.1/../../../../arm-none-eabi/lib/thumb/v7e-m+fp/hard/libstdc++_nano.a
LOAD /Applications/STM32CubeIDE.app/Contents/Eclipse/plugins/com.st.stm32cube.ide.mcu.externaltools.gnu-tools-for-stm32.13.3.rel1.macos64_1.0.0.202411102158/tools/bin/../lib/gcc/arm-none-eabi/13.3.1/../../../../arm-none-eabi/lib/thumb/v7e-m+fp/hard/libm.a
LOAD /Applications/STM32CubeIDE.app/Contents/Eclipse/plugins/com.st.stm32cube.ide.mcu.externaltools.gnu-tools-for-stm32.13.3.rel1.macos64_1.0.0.202411102158/tools/bin/../lib/gcc/arm-none-eabi/13.3.1/../../../../arm-none-eabi/lib/thumb/v7e-m+fp/hard/libc_nano.a
START GROUP
LOAD /Applications/STM32CubeIDE.app/Contents/Eclipse/plugins/com.st.stm32cube.ide.mcu.externaltools.gnu-tools-for-stm32.13.3.rel1.macos64_1.0.0.202411102158/tools/bin/../lib/gcc/arm-none-eabi/13.3.1/thumb/v7e-m+fp/hard/libgcc.a
LOAD /Applications/STM32CubeIDE.app/Contents/Eclipse/plugins/com.st.stm32cube.ide.mcu.externaltools.gnu-tools-for-stm32.13.3.rel1.macos64_1.0.0.202411102158/tools/bin/../lib/gcc/arm-none-eabi/13.3.1/../../../../arm-none-eabi/lib/thumb/v7e-m+fp/hard/libc_nano.a
END GROUP
START GROUP
LOAD /Applications/STM32CubeIDE.app/Contents/Eclipse/plugins/com.st.stm32cube.ide.mcu.externaltools.gnu-tools-for-stm32.13.3.rel1.macos64_1.0.0.202411102158/tools/bin/../lib/gcc/arm-none-eabi/13.3.1/thumb/v7e-m+fp/hard/libgcc.a
LOAD /Applications/STM32CubeIDE.app/Contents/Eclipse/plugins/com.st.stm32cube.ide.mcu.externaltools.gnu-tools-for-stm32.13.3.rel1.macos64_1.0.0.202411102158/tools/bin/../lib/gcc/arm-none-eabi/13.3.1/../../../../arm-none-eabi/lib/thumb/v7e-m+fp/hard/libc_nano.a
LOAD /Applications/STM32CubeIDE.app/Contents/Eclipse/plugins/com.st.stm32cube.ide.mcu.externaltools.gnu-tools-for-stm32.13.3.rel1.macos64_1.0.0.202411102158/tools/bin/../lib/gcc/arm-none-eabi/13.3.1/../../../../arm-none-eabi/lib/thumb/v7e-m+fp/hard/libnosys.a
END GROUP
START GROUP
LOAD /Applications/STM32CubeIDE.app/Contents/Eclipse/plugins/com.st.stm32cube.ide.mcu.externaltools.gnu-tools-for-stm32.13.3.rel1.macos64_1.0.0.202411102158/tools/bin/../lib/gcc/arm-none-eabi/13.3.1/thumb/v7e-m+fp/hard/libgcc.a
LOAD /Applications/STM32CubeIDE.app/Contents/Eclipse/plugins/com.st.stm32cube.ide.mcu.externaltools.gnu-tools-for-stm32.13.3.rel1.macos64_1.0.0.202411102158/tools/bin/../lib/gcc/arm-none-eabi/13.3.1/../../../../arm-none-eabi/lib/thumb/v7e-m+fp/hard/libc_nano.a
LOAD /Applications/STM32CubeIDE.app/Contents/Eclipse/plugins/com.st.stm32cube.ide.mcu.externaltools.gnu-tools-for-stm32.13.3.rel1.macos64_1.0.0.202411102158/tools/bin/../lib/gcc/arm-none-eabi/13.3.1/../../../../arm-none-eabi/lib/thumb/v7e-m+fp/hard/libnosys.a
END GROUP
LOAD /Applications/STM32CubeIDE.app/Contents/Eclipse/plugins/com.st.stm32cube.ide.mcu.externaltools.gnu-tools-for-stm32.13.3.rel1.macos64_1.0.0.202411102158/tools/bin/../lib/gcc/arm-none-eabi/13.3.1/thumb/v7e-m+fp/hard/crtend.o
LOAD /Applications/STM32CubeIDE.app/Contents/Eclipse/plugins/com.st.stm32cube.ide.mcu.externaltools.gnu-tools-for-stm32.13.3.rel1.macos64_1.0.0.202411102158/tools/bin/../lib/gcc/arm-none-eabi/13.3.1/thumb/v7e-m+fp/hard/crtn.o
                0x20020000                        _estack = (ORIGIN (RAM) + LENGTH (RAM))
                0x00000200                        _Min_Heap_Size = 0x200
                0x00000400                        _Min_Stack_Size = 0x400

.isr_vector     0x08000000      0x1c4
                0x08000000                        . = ALIGN (0x4)
 *(.isr_vector)
 .isr_vector    0x08000000      0x1c4 ./Core/Startup/startup_stm32f446retx.o
                0x08000000                g_pfnVectors
                0x080001c4                        . = ALIGN (0x4)

.text           0x080001d0     0xdbac
                0x080001d0                        . = ALIGN (0x4)
 *(.text)
 .text          0x080001d0       0x40 /Applications/STM32CubeIDE.app/Contents/Eclipse/plugins/com.st.stm32cube.ide.mcu.externaltools.gnu-tools-for-stm32.13.3.rel1.macos64_1.0.0.202411102158/tools/bin/../lib/gcc/arm-none-eabi/13.3.1/thumb/v7e-m+fp/hard/crtbegin.o
 .text          0x08000210       0xa0 /Applications/STM32CubeIDE.app/Contents/Eclipse/plugins/com.st.stm32cube.ide.mcu.externaltools.gnu-tools-for-stm32.13.3.rel1.macos64_1.0.0.202411102158/tools/bin/../lib/gcc/arm-none-eabi/13.3.1/../../../../arm-none-eabi/lib/thumb/v7e-m+fp/hard/libc_nano.a(libc_a-memchr.o)
                0x08000210                memchr
 .text          0x080002b0      0x378 /Applications/STM32CubeIDE.app/Contents/Eclipse/plugins/com.st.stm32cube.ide.mcu.externaltools.gnu-tools-for-stm32.13.3.rel1.macos64_1.0.0.202411102158/tools/bin/../lib/gcc/arm-none-eabi/13.3.1/thumb/v7e-m+fp/hard/libgcc.a(_arm_addsubdf3.o)
                0x080002b0                __aeabi_drsub
                0x080002b8                __subdf3
                0x080002b8                __aeabi_dsub
                0x080002bc                __aeabi_dadd
                0x080002bc                __adddf3
                0x08000534                __aeabi_ui2d
                0x08000534                __floatunsidf
                0x08000554                __floatsidf
                0x08000554                __aeabi_i2d
                0x08000578                __extendsfdf2
                0x08000578                __aeabi_f2d
                0x080005bc                __aeabi_ul2d
                0x080005bc                __floatundidf
                0x080005cc                __aeabi_l2d
                0x080005cc                __floatdidf
 .text          0x08000628      0x424 /Applications/STM32CubeIDE.app/Contents/Eclipse/plugins/com.st.stm32cube.ide.mcu.externaltools.gnu-tools-for-stm32.13.3.rel1.macos64_1.0.0.202411102158/tools/bin/../lib/gcc/arm-none-eabi/13.3.1/thumb/v7e-m+fp/hard/libgcc.a(_arm_muldivdf3.o)
                0x08000628                __aeabi_dmul
                0x08000628                __muldf3
                0x0800087c                __aeabi_ddiv
                0x0800087c                __divdf3
 .text          0x08000a4c      0x110 /Applications/STM32CubeIDE.app/Contents/Eclipse/plugins/com.st.stm32cube.ide.mcu.externaltools.gnu-tools-for-stm32.13.3.rel1.macos64_1.0.0.202411102158/tools/bin/../lib/gcc/arm-none-eabi/13.3.1/thumb/v7e-m+fp/hard/libgcc.a(_arm_cmpdf2.o)
                0x08000a4c                __gedf2
                0x08000a4c                __gtdf2
                0x08000a54                __ledf2
                0x08000a54                __ltdf2
                0x08000a5c                __cmpdf2
                0x08000a5c                __eqdf2
                0x08000a5c                __nedf2
                0x08000ad8                __aeabi_cdrcmple
                0x08000ae8                __aeabi_cdcmple
                0x08000ae8                __aeabi_cdcmpeq
                0x08000af8                __aeabi_dcmpeq
                0x08000b0c                __aeabi_dcmplt
                0x08000b20                __aeabi_dcmple
                0x08000b34                __aeabi_dcmpge
                0x08000b48                __aeabi_dcmpgt
 .text          0x08000b5c       0x50 /Applications/STM32CubeIDE.app/Contents/Eclipse/plugins/com.st.stm32cube.ide.mcu.externaltools.gnu-tools-for-stm32.13.3.rel1.macos64_1.0.0.202411102158/tools/bin/../lib/gcc/arm-none-eabi/13.3.1/thumb/v7e-m+fp/hard/libgcc.a(_arm_fixdfsi.o)
                0x08000b5c                __fixdfsi
                0x08000b5c                __aeabi_d2iz
 .text          0x08000bac       0xa0 /Applications/STM32CubeIDE.app/Contents/Eclipse/plugins/com.st.stm32cube.ide.mcu.externaltools.gnu-tools-for-stm32.13.3.rel1.macos64_1.0.0.202411102158/tools/bin/../lib/gcc/arm-none-eabi/13.3.1/thumb/v7e-m+fp/hard/libgcc.a(_arm_truncdfsf2.o)
                0x08000bac                __aeabi_d2f
                0x08000bac                __truncdfsf2
 .text          0x08000c4c       0x30 /Applications/STM32CubeIDE.app/Contents/Eclipse/plugins/com.st.stm32cube.ide.mcu.externaltools.gnu-tools-for-stm32.13.3.rel1.macos64_1.0.0.202411102158/tools/bin/../lib/gcc/arm-none-eabi/13.3.1/thumb/v7e-m+fp/hard/libgcc.a(_aeabi_uldivmod.o)
                0x08000c4c                __aeabi_uldivmod
 .text          0x08000c7c      0x2f8 /Applications/STM32CubeIDE.app/Contents/Eclipse/plugins/com.st.stm32cube.ide.mcu.externaltools.gnu-tools-for-stm32.13.3.rel1.macos64_1.0.0.202411102158/tools/bin/../lib/gcc/arm-none-eabi/13.3.1/thumb/v7e-m+fp/hard/libgcc.a(_udivmoddi4.o)
                0x08000c7c                __udivmoddi4
 .text          0x08000f74        0x4 /Applications/STM32CubeIDE.app/Contents/Eclipse/plugins/com.st.stm32cube.ide.mcu.externaltools.gnu-tools-for-stm32.13.3.rel1.macos64_1.0.0.202411102158/tools/bin/../lib/gcc/arm-none-eabi/13.3.1/thumb/v7e-m+fp/hard/libgcc.a(_dvmd_tls.o)
                0x08000f74                __aeabi_ldiv0
                0x08000f74                __aeabi_idiv0
 *(.text*)
 .text._ZN7ELE331219colorToILI9341ColorENS_5ColorE
                0x08000f78      0x130 ./Core/Src/NucleoImp/Display/ILI9341Display.o
                0x08000f78                ELE3312::colorToILI9341Color(ELE3312::Color)
 .text._ZN7ELE33127DisplayC2Ev
                0x080010a8       0x20 ./Core/Src/NucleoImp/Display/ILI9341Display.o
                0x080010a8                ELE3312::Display::Display()
                0x080010a8                ELE3312::Display::Display()
 .text._ZN7ELE33127DisplayD2Ev
                0x080010c8       0x20 ./Core/Src/NucleoImp/Display/ILI9341Display.o
                0x080010c8                ELE3312::Display::~Display()
                0x080010c8                ELE3312::Display::~Display()
 .text._ZN7ELE33127DisplayD0Ev
                0x080010e8       0x20 ./Core/Src/NucleoImp/Display/ILI9341Display.o
                0x080010e8                ELE3312::Display::~Display()
 .text._ZN7ELE331214ILI9341DisplayC2Ev
                0x08001108       0x30 ./Core/Src/NucleoImp/Display/ILI9341Display.o
                0x08001108                ELE3312::ILI9341Display::ILI9341Display()
                0x08001108                ELE3312::ILI9341Display::ILI9341Display()
 .text._ZN7ELE331214ILI9341DisplayD2Ev
                0x08001138       0x3c ./Core/Src/NucleoImp/Display/ILI9341Display.o
                0x08001138                ELE3312::ILI9341Display::~ILI9341Display()
                0x08001138                ELE3312::ILI9341Display::~ILI9341Display()
 .text._ZN7ELE331214ILI9341DisplayD0Ev
                0x08001174       0x20 ./Core/Src/NucleoImp/Display/ILI9341Display.o
                0x08001174                ELE3312::ILI9341Display::~ILI9341Display()
 .text._ZN7ELE331214ILI9341Display5setupEP19__SPI_HandleTypeDef
                0x08001194       0x58 ./Core/Src/NucleoImp/Display/ILI9341Display.o
                0x08001194                ELE3312::ILI9341Display::setup(__SPI_HandleTypeDef*)
 .text._ZN7ELE331214ILI9341Display11clearScreenEv
                0x080011ec       0x24 ./Core/Src/NucleoImp/Display/ILI9341Display.o
                0x080011ec                ELE3312::ILI9341Display::clearScreen()
 .text._ZN7ELE331214ILI9341Display10fillScreenENS_5ColorE
                0x08001210       0x26 ./Core/Src/NucleoImp/Display/ILI9341Display.o
                0x08001210                ELE3312::ILI9341Display::fillScreen(ELE3312::Color)
 .text._ZN7ELE331214ILI9341Display9drawPixelENS_5ColorEtt
                0x08001236       0x3a ./Core/Src/NucleoImp/Display/ILI9341Display.o
                0x08001236                ELE3312::ILI9341Display::drawPixel(ELE3312::Color, unsigned short, unsigned short)
 .text._ZN7ELE331214ILI9341Display8drawLineENS_5ColorEtttt
                0x08001270       0x4c ./Core/Src/NucleoImp/Display/ILI9341Display.o
                0x08001270                ELE3312::ILI9341Display::drawLine(ELE3312::Color, unsigned short, unsigned short, unsigned short, unsigned short)
 .text._ZN7ELE331214ILI9341Display8drawRectENS_5ColorEtttt
                0x080012bc       0x46 ./Core/Src/NucleoImp/Display/ILI9341Display.o
                0x080012bc                ELE3312::ILI9341Display::drawRect(ELE3312::Color, unsigned short, unsigned short, unsigned short, unsigned short)
 .text._ZN7ELE331214ILI9341Display8drawRectENS_5ColorERKNS_4RectItEE
                0x08001302       0x5e ./Core/Src/NucleoImp/Display/ILI9341Display.o
                0x08001302                ELE3312::ILI9341Display::drawRect(ELE3312::Color, ELE3312::Rect<unsigned short> const&)
 .text._ZN7ELE331214ILI9341Display8fillRectENS_5ColorEtttt
                0x08001360       0x46 ./Core/Src/NucleoImp/Display/ILI9341Display.o
                0x08001360                ELE3312::ILI9341Display::fillRect(ELE3312::Color, unsigned short, unsigned short, unsigned short, unsigned short)
 .text._ZN7ELE331214ILI9341Display8fillRectENS_5ColorERKNS_4RectItEE
                0x080013a6       0x5e ./Core/Src/NucleoImp/Display/ILI9341Display.o
                0x080013a6                ELE3312::ILI9341Display::fillRect(ELE3312::Color, ELE3312::Rect<unsigned short> const&)
 .text._ZN7ELE331214ILI9341Display10drawCircleENS_5ColorEttt
                0x08001404       0x44 ./Core/Src/NucleoImp/Display/ILI9341Display.o
                0x08001404                ELE3312::ILI9341Display::drawCircle(ELE3312::Color, unsigned short, unsigned short, unsigned short)
 .text._ZN7ELE331214ILI9341Display10fillCircleENS_5ColorEttt
                0x08001448       0x44 ./Core/Src/NucleoImp/Display/ILI9341Display.o
                0x08001448                ELE3312::ILI9341Display::fillCircle(ELE3312::Color, unsigned short, unsigned short, unsigned short)
 .text._ZN7ELE331214ILI9341Display8drawCharEttc
                0x0800148c       0x80 ./Core/Src/NucleoImp/Display/ILI9341Display.o
                0x0800148c                ELE3312::ILI9341Display::drawChar(unsigned short, unsigned short, char)
 .text._ZN7ELE331214ILI9341Display10drawStringEttNSt7__cxx1112basic_stringIcSt11char_traitsIcESaIcEEENS_5ColorE
                0x0800150c       0x90 ./Core/Src/NucleoImp/Display/ILI9341Display.o
                0x0800150c                ELE3312::ILI9341Display::drawString(unsigned short, unsigned short, std::__cxx11::basic_string<char, std::char_traits<char>, std::allocator<char> >, ELE3312::Color)
 .text._ZN7ELE331214ILI9341Display10drawBitmapEPttttt
                0x0800159c       0x86 ./Core/Src/NucleoImp/Display/ILI9341Display.o
                0x0800159c                ELE3312::ILI9341Display::drawBitmap(unsigned short*, unsigned short, unsigned short, unsigned short, unsigned short)
 *fill*         0x08001622        0x6 
 .text._ZN7ELE331214ILI9341Display18writeFillArcHelperEstttfft
                0x08001628      0x5e0 ./Core/Src/NucleoImp/Display/ILI9341Display.o
                0x08001628                ELE3312::ILI9341Display::writeFillArcHelper(short, unsigned short, unsigned short, unsigned short, float, float, unsigned short)
 .text._ZN7ELE331214ILI9341Display7fillArcEttttffNS_5ColorE
                0x08001c08      0x150 ./Core/Src/NucleoImp/Display/ILI9341Display.o
                0x08001c08                ELE3312::ILI9341Display::fillArc(unsigned short, unsigned short, unsigned short, unsigned short, float, float, ELE3312::Color)
 .text._ZNK7ELE331214ILI9341Display14getScreenWidthEv
                0x08001d58       0x18 ./Core/Src/NucleoImp/Display/ILI9341Display.o
                0x08001d58                ELE3312::ILI9341Display::getScreenWidth() const
 .text._ZNK7ELE331214ILI9341Display15getScreenHeightEv
                0x08001d70       0x16 ./Core/Src/NucleoImp/Display/ILI9341Display.o
                0x08001d70                ELE3312::ILI9341Display::getScreenHeight() const
 .text._ZN7ELE331214ILI9341Display18setBackgroundColorENS_5ColorE
                0x08001d86       0x1c ./Core/Src/NucleoImp/Display/ILI9341Display.o
                0x08001d86                ELE3312::ILI9341Display::setBackgroundColor(ELE3312::Color)
 .text._ZNK7ELE331214ILI9341Display18getBackgroundColorEv
                0x08001da2       0x18 ./Core/Src/NucleoImp/Display/ILI9341Display.o
                0x08001da2                ELE3312::ILI9341Display::getBackgroundColor() const
 .text._ZN7ELE331214ILI9341Display10readMemoryEttttPh
                0x08001dba       0x80 ./Core/Src/NucleoImp/Display/ILI9341Display.o
                0x08001dba                ELE3312::ILI9341Display::readMemory(unsigned short, unsigned short, unsigned short, unsigned short, unsigned char*)
 .text._ZNK7ELE33124RectItE5getX1Ev
                0x08001e3a       0x1c ./Core/Src/NucleoImp/Display/ILI9341Display.o
                0x08001e3a                ELE3312::Rect<unsigned short>::getX1() const
 .text._ZNK7ELE33124RectItE5getY1Ev
                0x08001e56       0x1c ./Core/Src/NucleoImp/Display/ILI9341Display.o
                0x08001e56                ELE3312::Rect<unsigned short>::getY1() const
 .text._ZNK7ELE33124RectItE8getWidthEv
                0x08001e72       0x2e ./Core/Src/NucleoImp/Display/ILI9341Display.o
                0x08001e72                ELE3312::Rect<unsigned short>::getWidth() const
 .text._ZNK7ELE33124RectItE9getHeightEv
                0x08001ea0       0x2e ./Core/Src/NucleoImp/Display/ILI9341Display.o
                0x08001ea0                ELE3312::Rect<unsigned short>::getHeight() const
 .text._ZNK7ELE33125PointItE4getXEv
                0x08001ece       0x18 ./Core/Src/NucleoImp/Display/ILI9341Display.o
                0x08001ece                ELE3312::Point<unsigned short>::getX() const
 .text._ZNK7ELE33125PointItE4getYEv
                0x08001ee6       0x18 ./Core/Src/NucleoImp/Display/ILI9341Display.o
                0x08001ee6                ELE3312::Point<unsigned short>::getY() const
 .text.ili9341_new
                0x08001efe      0x1f0 ./Core/Src/NucleoImp/Display/ili9341.o
                0x08001efe                ili9341_new
 .text.ili9341_spi_tft_select
                0x080020ee       0x20 ./Core/Src/NucleoImp/Display/ili9341.o
                0x080020ee                ili9341_spi_tft_select
 .text.ili9341_spi_tft_release
                0x0800210e       0x20 ./Core/Src/NucleoImp/Display/ili9341.o
                0x0800210e                ili9341_spi_tft_release
 .text.ili9341_spi_touch_select
                0x0800212e       0x20 ./Core/Src/NucleoImp/Display/ili9341.o
                0x0800212e                ili9341_spi_touch_select
 .text.ili9341_spi_touch_release
                0x0800214e       0x20 ./Core/Src/NucleoImp/Display/ili9341.o
                0x0800214e                ili9341_spi_touch_release
 .text.ili9341_spi_slave_select
                0x0800216e       0x32 ./Core/Src/NucleoImp/Display/ili9341.o
                0x0800216e                ili9341_spi_slave_select
 .text.ili9341_spi_slave_release
                0x080021a0       0x32 ./Core/Src/NucleoImp/Display/ili9341.o
                0x080021a0                ili9341_spi_slave_release
 .text.ili9341_spi_write_command
                0x080021d2       0x70 ./Core/Src/NucleoImp/Display/ili9341.o
                0x080021d2                ili9341_spi_write_command
 .text.ili9341_spi_write_data
                0x08002242       0x72 ./Core/Src/NucleoImp/Display/ili9341.o
                0x08002242                ili9341_spi_write_data
 .text.ili9341_spi_write_command_data
                0x080022b4       0x76 ./Core/Src/NucleoImp/Display/ili9341.o
                0x080022b4                ili9341_spi_write_command_data
 .text.ili9341_reset
                0x0800232a       0x42 ./Core/Src/NucleoImp/Display/ili9341.o
 .text.ili9341_initialize
                0x0800236c      0x2c0 ./Core/Src/NucleoImp/Display/ili9341.o
 .text.ili9341_screen_size
                0x0800262c       0x60 ./Core/Src/NucleoImp/Display/ili9341.o
 .text.ili9341_screen_rotation
                0x0800268c       0x38 ./Core/Src/NucleoImp/Display/ili9341.o
 .text.ili9341_read_memory
                0x080026c4       0xf4 ./Core/Src/NucleoImp/Display/ili9341.o
                0x080026c4                ili9341_read_memory
 .text.glyph_index
                0x080027b8       0x2c ./Core/Src/NucleoImp/Display/ili9341_font.o
                0x080027b8                glyph_index
 .text.ili9341_spi_tft_set_address_rect
                0x080027e4       0xa2 ./Core/Src/NucleoImp/Display/ili9341_gfx.o
                0x080027e4                ili9341_spi_tft_set_address_rect
 .text.ili9341_transmit_wait
                0x08002886       0x2e ./Core/Src/NucleoImp/Display/ili9341_gfx.o
                0x08002886                ili9341_transmit_wait
 .text.ili9341_transmit_color
                0x080028b4       0x4a ./Core/Src/NucleoImp/Display/ili9341_gfx.o
                0x080028b4                ili9341_transmit_color
 .text.ili9341_draw_pixel
                0x080028fe       0xb2 ./Core/Src/NucleoImp/Display/ili9341_gfx.o
                0x080028fe                ili9341_draw_pixel
 .text.ili9341_draw_line
                0x080029b0      0x1da ./Core/Src/NucleoImp/Display/ili9341_gfx.o
                0x080029b0                ili9341_draw_line
 .text.ili9341_draw_rect
                0x08002b8a       0xe0 ./Core/Src/NucleoImp/Display/ili9341_gfx.o
                0x08002b8a                ili9341_draw_rect
 *fill*         0x08002c6a        0x2 
 .text.ili9341_fill_rect
                0x08002c6c      0x124 ./Core/Src/NucleoImp/Display/ili9341_gfx.o
                0x08002c6c                ili9341_fill_rect
 .text.ili9341_draw_circle
                0x08002d90      0x1e4 ./Core/Src/NucleoImp/Display/ili9341_gfx.o
                0x08002d90                ili9341_draw_circle
 .text.ili9341_fill_circle
                0x08002f74       0x7a ./Core/Src/NucleoImp/Display/ili9341_gfx.o
                0x08002f74                ili9341_fill_circle
 .text.ili9341_fill_screen
                0x08002fee       0x2c ./Core/Src/NucleoImp/Display/ili9341_gfx.o
                0x08002fee                ili9341_fill_screen
 *fill*         0x0800301a        0x2 
 .text.ili9341_draw_char
                0x0800301c      0x1cc ./Core/Src/NucleoImp/Display/ili9341_gfx.o
                0x0800301c                ili9341_draw_char
 .text.ili9341_draw_string
                0x080031e8       0x9a ./Core/Src/NucleoImp/Display/ili9341_gfx.o
                0x080031e8                ili9341_draw_string
 .text.ili9341_clip_rect
                0x08003282      0x13e ./Core/Src/NucleoImp/Display/ili9341_gfx.o
 .text.ili9341_fill_quarter_circle
                0x080033c0      0x204 ./Core/Src/NucleoImp/Display/ili9341_gfx.o
 .text._Z9colorTypei
                0x080035c4       0x5c ./Core/Src/cpp_main.o
                0x080035c4                colorType(int)
 .text._Z8drawTile4tile
                0x08003620       0x4c ./Core/Src/cpp_main.o
                0x08003620                drawTile(tile)
 .text._Z9drawSnakev
                0x0800366c       0x60 ./Core/Src/cpp_main.o
                0x0800366c                drawSnake()
 .text._Z10drawFruitsv
                0x080036cc       0x98 ./Core/Src/cpp_main.o
                0x080036cc                drawFruits()
 .text.cpp_main
                0x08003764       0x2c ./Core/Src/cpp_main.o
                0x08003764                cpp_main
 .text._Z41__static_initialization_and_destruction_0v
                0x08003790       0x14 ./Core/Src/cpp_main.o
 .text._Z41__static_initialization_and_destruction_1v
                0x080037a4       0x14 ./Core/Src/cpp_main.o
 .text._GLOBAL__sub_I_display
                0x080037b8        0xa ./Core/Src/cpp_main.o
 .text._GLOBAL__sub_D_display
                0x080037c2        0xa ./Core/Src/cpp_main.o
 .text.main     0x080037cc       0x64 ./Core/Src/main.o
                0x080037cc                main
 .text.SystemClock_Config
                0x08003830       0xdc ./Core/Src/main.o
                0x08003830                SystemClock_Config
 .text.MX_ADC1_Init
                0x0800390c       0xa4 ./Core/Src/main.o
 .text.MX_DAC_Init
                0x080039b0       0x54 ./Core/Src/main.o
 .text.MX_I2C3_Init
                0x08003a04       0x5c ./Core/Src/main.o
 .text.MX_SPI1_Init
                0x08003a60       0x6c ./Core/Src/main.o
 .text.MX_TIM1_Init
                0x08003acc      0x170 ./Core/Src/main.o
 .text.MX_TIM2_Init
                0x08003c3c      0x134 ./Core/Src/main.o
 .text.MX_TIM4_Init
                0x08003d70       0x98 ./Core/Src/main.o
 .text.MX_TIM6_Init
                0x08003e08       0x6c ./Core/Src/main.o
 .text.MX_UART5_Init
                0x08003e74       0x54 ./Core/Src/main.o
 .text.MX_USART2_UART_Init
                0x08003ec8       0x54 ./Core/Src/main.o
 .text.MX_DMA_Init
                0x08003f1c       0x9c ./Core/Src/main.o
 .text.MX_GPIO_Init
                0x08003fb8      0x15c ./Core/Src/main.o
 .text.Error_Handler
                0x08004114        0xc ./Core/Src/main.o
                0x08004114                Error_Handler
 .text.HAL_MspInit
                0x08004120       0x50 ./Core/Src/stm32f4xx_hal_msp.o
                0x08004120                HAL_MspInit
 .text.HAL_ADC_MspInit
                0x08004170       0x88 ./Core/Src/stm32f4xx_hal_msp.o
                0x08004170                HAL_ADC_MspInit
 .text.HAL_DAC_MspInit
                0x080041f8       0xf4 ./Core/Src/stm32f4xx_hal_msp.o
                0x080041f8                HAL_DAC_MspInit
 .text.HAL_I2C_MspInit
                0x080042ec       0xf4 ./Core/Src/stm32f4xx_hal_msp.o
                0x080042ec                HAL_I2C_MspInit
 .text.HAL_SPI_MspInit
                0x080043e0      0x16c ./Core/Src/stm32f4xx_hal_msp.o
                0x080043e0                HAL_SPI_MspInit
 .text.HAL_TIM_Base_MspInit
                0x0800454c      0x120 ./Core/Src/stm32f4xx_hal_msp.o
                0x0800454c                HAL_TIM_Base_MspInit
 .text.HAL_TIM_MspPostInit
                0x0800466c       0xbc ./Core/Src/stm32f4xx_hal_msp.o
                0x0800466c                HAL_TIM_MspPostInit
 .text.HAL_UART_MspInit
                0x08004728      0x228 ./Core/Src/stm32f4xx_hal_msp.o
                0x08004728                HAL_UART_MspInit
 .text.NMI_Handler
                0x08004950        0x8 ./Core/Src/stm32f4xx_it.o
                0x08004950                NMI_Handler
 .text.HardFault_Handler
                0x08004958        0x8 ./Core/Src/stm32f4xx_it.o
                0x08004958                HardFault_Handler
 .text.MemManage_Handler
                0x08004960        0x8 ./Core/Src/stm32f4xx_it.o
                0x08004960                MemManage_Handler
 .text.BusFault_Handler
                0x08004968        0x8 ./Core/Src/stm32f4xx_it.o
                0x08004968                BusFault_Handler
 .text.UsageFault_Handler
                0x08004970        0x8 ./Core/Src/stm32f4xx_it.o
                0x08004970                UsageFault_Handler
 .text.SVC_Handler
                0x08004978        0xe ./Core/Src/stm32f4xx_it.o
                0x08004978                SVC_Handler
 .text.DebugMon_Handler
                0x08004986        0xe ./Core/Src/stm32f4xx_it.o
                0x08004986                DebugMon_Handler
 .text.PendSV_Handler
                0x08004994        0xe ./Core/Src/stm32f4xx_it.o
                0x08004994                PendSV_Handler
 .text.SysTick_Handler
                0x080049a2       0x10 ./Core/Src/stm32f4xx_it.o
                0x080049a2                SysTick_Handler
 *fill*         0x080049b2        0x2 
 .text.DMA1_Stream0_IRQHandler
                0x080049b4       0x14 ./Core/Src/stm32f4xx_it.o
                0x080049b4                DMA1_Stream0_IRQHandler
 .text.DMA1_Stream5_IRQHandler
                0x080049c8       0x14 ./Core/Src/stm32f4xx_it.o
                0x080049c8                DMA1_Stream5_IRQHandler
 .text.TIM2_IRQHandler
                0x080049dc       0x14 ./Core/Src/stm32f4xx_it.o
                0x080049dc                TIM2_IRQHandler
 .text.SPI1_IRQHandler
                0x080049f0       0x14 ./Core/Src/stm32f4xx_it.o
                0x080049f0                SPI1_IRQHandler
 .text.USART2_IRQHandler
                0x08004a04       0x14 ./Core/Src/stm32f4xx_it.o
                0x08004a04                USART2_IRQHandler
 .text.DMA1_Stream7_IRQHandler
                0x08004a18       0x14 ./Core/Src/stm32f4xx_it.o
                0x08004a18                DMA1_Stream7_IRQHandler
 .text.UART5_IRQHandler
                0x08004a2c       0x14 ./Core/Src/stm32f4xx_it.o
                0x08004a2c                UART5_IRQHandler
 .text.DMA2_Stream0_IRQHandler
                0x08004a40       0x14 ./Core/Src/stm32f4xx_it.o
                0x08004a40                DMA2_Stream0_IRQHandler
 .text.DMA2_Stream3_IRQHandler
                0x08004a54       0x14 ./Core/Src/stm32f4xx_it.o
                0x08004a54                DMA2_Stream3_IRQHandler
 .text.I2C3_EV_IRQHandler
                0x08004a68       0x14 ./Core/Src/stm32f4xx_it.o
                0x08004a68                I2C3_EV_IRQHandler
 .text.I2C3_ER_IRQHandler
                0x08004a7c       0x14 ./Core/Src/stm32f4xx_it.o
                0x08004a7c                I2C3_ER_IRQHandler
 .text._getpid  0x08004a90       0x10 ./Core/Src/syscalls.o
                0x08004a90                _getpid
 .text._kill    0x08004aa0       0x20 ./Core/Src/syscalls.o
                0x08004aa0                _kill
 .text._exit    0x08004ac0       0x16 ./Core/Src/syscalls.o
                0x08004ac0                _exit
 .text._read    0x08004ad6       0x3a ./Core/Src/syscalls.o
                0x08004ad6                _read
 .text._write   0x08004b10       0x38 ./Core/Src/syscalls.o
                0x08004b10                _write
 .text._close   0x08004b48       0x18 ./Core/Src/syscalls.o
                0x08004b48                _close
 .text._fstat   0x08004b60       0x20 ./Core/Src/syscalls.o
                0x08004b60                _fstat
 .text._isatty  0x08004b80       0x16 ./Core/Src/syscalls.o
                0x08004b80                _isatty
 .text._lseek   0x08004b96       0x1a ./Core/Src/syscalls.o
                0x08004b96                _lseek
 .text._sbrk    0x08004bb0       0x6c ./Core/Src/sysmem.o
                0x08004bb0                _sbrk
 .text.SystemInit
                0x08004c1c       0x24 ./Core/Src/system_stm32f4xx.o
                0x08004c1c                SystemInit
 .text.Reset_Handler
                0x08004c40       0x50 ./Core/Startup/startup_stm32f446retx.o
                0x08004c40                Reset_Handler
 .text.Default_Handler
                0x08004c90        0x2 ./Core/Startup/startup_stm32f446retx.o
                0x08004c90                DMA1_Stream3_IRQHandler
                0x08004c90                EXTI2_IRQHandler
                0x08004c90                TIM8_CC_IRQHandler
                0x08004c90                FMPI2C1_EV_IRQHandler
                0x08004c90                SPI4_IRQHandler
                0x08004c90                TIM1_CC_IRQHandler
                0x08004c90                DMA2_Stream5_IRQHandler
                0x08004c90                PVD_IRQHandler
                0x08004c90                SDIO_IRQHandler
                0x08004c90                TAMP_STAMP_IRQHandler
                0x08004c90                CAN2_RX1_IRQHandler
                0x08004c90                EXTI3_IRQHandler
                0x08004c90                TIM8_TRG_COM_TIM14_IRQHandler
                0x08004c90                TIM1_UP_TIM10_IRQHandler
                0x08004c90                TIM8_UP_TIM13_IRQHandler
                0x08004c90                EXTI0_IRQHandler
                0x08004c90                I2C2_EV_IRQHandler
                0x08004c90                DMA1_Stream2_IRQHandler
                0x08004c90                CAN1_RX0_IRQHandler
                0x08004c90                FPU_IRQHandler
                0x08004c90                OTG_HS_WKUP_IRQHandler
                0x08004c90                CAN2_SCE_IRQHandler
                0x08004c90                DMA2_Stream2_IRQHandler
                0x08004c90                TIM6_DAC_IRQHandler
                0x08004c90                TIM1_BRK_TIM9_IRQHandler
                0x08004c90                DCMI_IRQHandler
                0x08004c90                CAN2_RX0_IRQHandler
                0x08004c90                SAI2_IRQHandler
                0x08004c90                USART6_IRQHandler
                0x08004c90                USART3_IRQHandler
                0x08004c90                CAN1_RX1_IRQHandler
                0x08004c90                TIM4_IRQHandler
                0x08004c90                QUADSPI_IRQHandler
                0x08004c90                I2C1_EV_IRQHandler
                0x08004c90                DMA1_Stream6_IRQHandler
                0x08004c90                DMA1_Stream1_IRQHandler
                0x08004c90                UART4_IRQHandler
                0x08004c90                TIM3_IRQHandler
                0x08004c90                RCC_IRQHandler
                0x08004c90                TIM8_BRK_TIM12_IRQHandler
                0x08004c90                Default_Handler
                0x08004c90                CEC_IRQHandler
                0x08004c90                EXTI15_10_IRQHandler
                0x08004c90                ADC_IRQHandler
                0x08004c90                TIM7_IRQHandler
                0x08004c90                CAN2_TX_IRQHandler
                0x08004c90                TIM5_IRQHandler
                0x08004c90                DMA2_Stream7_IRQHandler
                0x08004c90                EXTI9_5_IRQHandler
                0x08004c90                RTC_WKUP_IRQHandler
                0x08004c90                SPDIF_RX_IRQHandler
                0x08004c90                SPI2_IRQHandler
                0x08004c90                OTG_HS_EP1_IN_IRQHandler
                0x08004c90                CAN1_TX_IRQHandler
                0x08004c90                FMPI2C1_ER_IRQHandler
                0x08004c90                EXTI4_IRQHandler
                0x08004c90                OTG_HS_EP1_OUT_IRQHandler
                0x08004c90                WWDG_IRQHandler
                0x08004c90                OTG_FS_WKUP_IRQHandler
                0x08004c90                TIM1_TRG_COM_TIM11_IRQHandler
                0x08004c90                OTG_HS_IRQHandler
                0x08004c90                EXTI1_IRQHandler
                0x08004c90                I2C2_ER_IRQHandler
                0x08004c90                DMA2_Stream1_IRQHandler
                0x08004c90                CAN1_SCE_IRQHandler
                0x08004c90                FLASH_IRQHandler
                0x08004c90                DMA2_Stream4_IRQHandler
                0x08004c90                USART1_IRQHandler
                0x08004c90                OTG_FS_IRQHandler
                0x08004c90                SPI3_IRQHandler
                0x08004c90                DMA1_Stream4_IRQHandler
                0x08004c90                I2C1_ER_IRQHandler
                0x08004c90                FMC_IRQHandler
                0x08004c90                DMA2_Stream6_IRQHandler
                0x08004c90                SAI1_IRQHandler
                0x08004c90                RTC_Alarm_IRQHandler
 *fill*         0x08004c92        0x2 
 .text.HAL_Init
                0x08004c94       0x44 ./Drivers/STM32F4xx_HAL_Driver/Src/stm32f4xx_hal.o
                0x08004c94                HAL_Init
 .text.HAL_InitTick
                0x08004cd8       0x60 ./Drivers/STM32F4xx_HAL_Driver/Src/stm32f4xx_hal.o
                0x08004cd8                HAL_InitTick
 .text.HAL_IncTick
                0x08004d38       0x28 ./Drivers/STM32F4xx_HAL_Driver/Src/stm32f4xx_hal.o
                0x08004d38                HAL_IncTick
 .text.HAL_GetTick
                0x08004d60       0x18 ./Drivers/STM32F4xx_HAL_Driver/Src/stm32f4xx_hal.o
                0x08004d60                HAL_GetTick
 .text.HAL_Delay
                0x08004d78       0x48 ./Drivers/STM32F4xx_HAL_Driver/Src/stm32f4xx_hal.o
                0x08004d78                HAL_Delay
 .text.HAL_ADC_Init
                0x08004dc0       0x86 ./Drivers/STM32F4xx_HAL_Driver/Src/stm32f4xx_hal_adc.o
                0x08004dc0                HAL_ADC_Init
 *fill*         0x08004e46        0x2 
 .text.HAL_ADC_ConfigChannel
                0x08004e48      0x264 ./Drivers/STM32F4xx_HAL_Driver/Src/stm32f4xx_hal_adc.o
                0x08004e48                HAL_ADC_ConfigChannel
 .text.ADC_Init
                0x080050ac      0x1f8 ./Drivers/STM32F4xx_HAL_Driver/Src/stm32f4xx_hal_adc.o
 .text.__NVIC_SetPriorityGrouping
                0x080052a4       0x48 ./Drivers/STM32F4xx_HAL_Driver/Src/stm32f4xx_hal_cortex.o
 .text.__NVIC_GetPriorityGrouping
                0x080052ec       0x1c ./Drivers/STM32F4xx_HAL_Driver/Src/stm32f4xx_hal_cortex.o
 .text.__NVIC_EnableIRQ
                0x08005308       0x3c ./Drivers/STM32F4xx_HAL_Driver/Src/stm32f4xx_hal_cortex.o
 .text.__NVIC_SetPriority
                0x08005344       0x54 ./Drivers/STM32F4xx_HAL_Driver/Src/stm32f4xx_hal_cortex.o
 .text.NVIC_EncodePriority
                0x08005398       0x66 ./Drivers/STM32F4xx_HAL_Driver/Src/stm32f4xx_hal_cortex.o
 *fill*         0x080053fe        0x2 
 .text.SysTick_Config
                0x08005400       0x44 ./Drivers/STM32F4xx_HAL_Driver/Src/stm32f4xx_hal_cortex.o
 .text.HAL_NVIC_SetPriorityGrouping
                0x08005444       0x16 ./Drivers/STM32F4xx_HAL_Driver/Src/stm32f4xx_hal_cortex.o
                0x08005444                HAL_NVIC_SetPriorityGrouping
 .text.HAL_NVIC_SetPriority
                0x0800545a       0x38 ./Drivers/STM32F4xx_HAL_Driver/Src/stm32f4xx_hal_cortex.o
                0x0800545a                HAL_NVIC_SetPriority
 .text.HAL_NVIC_EnableIRQ
                0x08005492       0x1c ./Drivers/STM32F4xx_HAL_Driver/Src/stm32f4xx_hal_cortex.o
                0x08005492                HAL_NVIC_EnableIRQ
 .text.HAL_SYSTICK_Config
                0x080054ae       0x18 ./Drivers/STM32F4xx_HAL_Driver/Src/stm32f4xx_hal_cortex.o
                0x080054ae                HAL_SYSTICK_Config
 .text.HAL_SYSTICK_Callback
                0x080054c6        0xe ./Drivers/STM32F4xx_HAL_Driver/Src/stm32f4xx_hal_cortex.o
                0x080054c6                HAL_SYSTICK_Callback
 .text.HAL_DAC_Init
                0x080054d4       0x44 ./Drivers/STM32F4xx_HAL_Driver/Src/stm32f4xx_hal_dac.o
                0x080054d4                HAL_DAC_Init
 .text.HAL_DAC_ConfigChannel
                0x08005518       0xb2 ./Drivers/STM32F4xx_HAL_Driver/Src/stm32f4xx_hal_dac.o
                0x08005518                HAL_DAC_ConfigChannel
 *fill*         0x080055ca        0x2 
 .text.HAL_DMA_Init
                0x080055cc      0x15c ./Drivers/STM32F4xx_HAL_Driver/Src/stm32f4xx_hal_dma.o
                0x080055cc                HAL_DMA_Init
 .text.HAL_DMA_Start_IT
                0x08005728       0xb0 ./Drivers/STM32F4xx_HAL_Driver/Src/stm32f4xx_hal_dma.o
                0x08005728                HAL_DMA_Start_IT
 .text.HAL_DMA_Abort
                0x080057d8       0xe0 ./Drivers/STM32F4xx_HAL_Driver/Src/stm32f4xx_hal_dma.o
                0x080057d8                HAL_DMA_Abort
 .text.HAL_DMA_Abort_IT
                0x080058b8       0x44 ./Drivers/STM32F4xx_HAL_Driver/Src/stm32f4xx_hal_dma.o
                0x080058b8                HAL_DMA_Abort_IT
 .text.HAL_DMA_IRQHandler
                0x080058fc      0x314 ./Drivers/STM32F4xx_HAL_Driver/Src/stm32f4xx_hal_dma.o
                0x080058fc                HAL_DMA_IRQHandler
 .text.HAL_DMA_GetState
                0x08005c10       0x1c ./Drivers/STM32F4xx_HAL_Driver/Src/stm32f4xx_hal_dma.o
                0x08005c10                HAL_DMA_GetState
 .text.DMA_SetConfig
                0x08005c2c       0x5c ./Drivers/STM32F4xx_HAL_Driver/Src/stm32f4xx_hal_dma.o
 .text.DMA_CalcBaseAndBitshift
                0x08005c88       0x6c ./Drivers/STM32F4xx_HAL_Driver/Src/stm32f4xx_hal_dma.o
 .text.DMA_CheckFifoParam
                0x08005cf4       0xf8 ./Drivers/STM32F4xx_HAL_Driver/Src/stm32f4xx_hal_dma.o
 .text.HAL_GPIO_Init
                0x08005dec      0x328 ./Drivers/STM32F4xx_HAL_Driver/Src/stm32f4xx_hal_gpio.o
                0x08005dec                HAL_GPIO_Init
 .text.HAL_GPIO_WritePin
                0x08006114       0x32 ./Drivers/STM32F4xx_HAL_Driver/Src/stm32f4xx_hal_gpio.o
                0x08006114                HAL_GPIO_WritePin
 *fill*         0x08006146        0x2 
 .text.HAL_I2C_Init
                0x08006148      0x288 ./Drivers/STM32F4xx_HAL_Driver/Src/stm32f4xx_hal_i2c.o
                0x08006148                HAL_I2C_Init
 .text.I2C_Flush_DR
                0x080063d0       0x2a ./Drivers/STM32F4xx_HAL_Driver/Src/stm32f4xx_hal_i2c.o
 .text.HAL_I2C_EV_IRQHandler
                0x080063fa      0x2e2 ./Drivers/STM32F4xx_HAL_Driver/Src/stm32f4xx_hal_i2c.o
                0x080063fa                HAL_I2C_EV_IRQHandler
 .text.HAL_I2C_ER_IRQHandler
                0x080066dc      0x14e ./Drivers/STM32F4xx_HAL_Driver/Src/stm32f4xx_hal_i2c.o
                0x080066dc                HAL_I2C_ER_IRQHandler
 .text.HAL_I2C_MasterTxCpltCallback
                0x0800682a       0x14 ./Drivers/STM32F4xx_HAL_Driver/Src/stm32f4xx_hal_i2c.o
                0x0800682a                HAL_I2C_MasterTxCpltCallback
 .text.HAL_I2C_MasterRxCpltCallback
                0x0800683e       0x14 ./Drivers/STM32F4xx_HAL_Driver/Src/stm32f4xx_hal_i2c.o
                0x0800683e                HAL_I2C_MasterRxCpltCallback
 .text.HAL_I2C_SlaveTxCpltCallback
                0x08006852       0x14 ./Drivers/STM32F4xx_HAL_Driver/Src/stm32f4xx_hal_i2c.o
                0x08006852                HAL_I2C_SlaveTxCpltCallback
 .text.HAL_I2C_SlaveRxCpltCallback
                0x08006866       0x14 ./Drivers/STM32F4xx_HAL_Driver/Src/stm32f4xx_hal_i2c.o
                0x08006866                HAL_I2C_SlaveRxCpltCallback
 .text.HAL_I2C_AddrCallback
                0x0800687a       0x1c ./Drivers/STM32F4xx_HAL_Driver/Src/stm32f4xx_hal_i2c.o
                0x0800687a                HAL_I2C_AddrCallback
 .text.HAL_I2C_ListenCpltCallback
                0x08006896       0x14 ./Drivers/STM32F4xx_HAL_Driver/Src/stm32f4xx_hal_i2c.o
                0x08006896                HAL_I2C_ListenCpltCallback
 .text.HAL_I2C_MemTxCpltCallback
                0x080068aa       0x14 ./Drivers/STM32F4xx_HAL_Driver/Src/stm32f4xx_hal_i2c.o
                0x080068aa                HAL_I2C_MemTxCpltCallback
 .text.HAL_I2C_MemRxCpltCallback
                0x080068be       0x14 ./Drivers/STM32F4xx_HAL_Driver/Src/stm32f4xx_hal_i2c.o
                0x080068be                HAL_I2C_MemRxCpltCallback
 .text.HAL_I2C_ErrorCallback
                0x080068d2       0x14 ./Drivers/STM32F4xx_HAL_Driver/Src/stm32f4xx_hal_i2c.o
                0x080068d2                HAL_I2C_ErrorCallback
 .text.HAL_I2C_AbortCpltCallback
                0x080068e6       0x14 ./Drivers/STM32F4xx_HAL_Driver/Src/stm32f4xx_hal_i2c.o
                0x080068e6                HAL_I2C_AbortCpltCallback
 .text.I2C_MasterTransmit_TXE
                0x080068fa      0x138 ./Drivers/STM32F4xx_HAL_Driver/Src/stm32f4xx_hal_i2c.o
 .text.I2C_MasterTransmit_BTF
                0x08006a32       0xec ./Drivers/STM32F4xx_HAL_Driver/Src/stm32f4xx_hal_i2c.o
 .text.I2C_MemoryTransmit_TXE_BTF
                0x08006b1e      0x130 ./Drivers/STM32F4xx_HAL_Driver/Src/stm32f4xx_hal_i2c.o
 .text.I2C_MasterReceive_RXNE
                0x08006c4e      0x190 ./Drivers/STM32F4xx_HAL_Driver/Src/stm32f4xx_hal_i2c.o
 .text.I2C_MasterReceive_BTF
                0x08006dde      0x1e2 ./Drivers/STM32F4xx_HAL_Driver/Src/stm32f4xx_hal_i2c.o
 .text.I2C_Master_SB
                0x08006fc0      0x10c ./Drivers/STM32F4xx_HAL_Driver/Src/stm32f4xx_hal_i2c.o
 .text.I2C_Master_ADD10
                0x080070cc       0x54 ./Drivers/STM32F4xx_HAL_Driver/Src/stm32f4xx_hal_i2c.o
 .text.I2C_Master_ADDR
                0x08007120      0x322 ./Drivers/STM32F4xx_HAL_Driver/Src/stm32f4xx_hal_i2c.o
 .text.I2C_SlaveTransmit_TXE
                0x08007442       0x7a ./Drivers/STM32F4xx_HAL_Driver/Src/stm32f4xx_hal_i2c.o
 .text.I2C_SlaveTransmit_BTF
                0x080074bc       0x42 ./Drivers/STM32F4xx_HAL_Driver/Src/stm32f4xx_hal_i2c.o
 .text.I2C_SlaveReceive_RXNE
                0x080074fe       0x7c ./Drivers/STM32F4xx_HAL_Driver/Src/stm32f4xx_hal_i2c.o
 .text.I2C_SlaveReceive_BTF
                0x0800757a       0x44 ./Drivers/STM32F4xx_HAL_Driver/Src/stm32f4xx_hal_i2c.o
 .text.I2C_Slave_ADDR
                0x080075be       0x94 ./Drivers/STM32F4xx_HAL_Driver/Src/stm32f4xx_hal_i2c.o
 *fill*         0x08007652        0x2 
 .text.I2C_Slave_STOPF
                0x08007654      0x260 ./Drivers/STM32F4xx_HAL_Driver/Src/stm32f4xx_hal_i2c.o
 .text.I2C_Slave_AF
                0x080078b4       0xe8 ./Drivers/STM32F4xx_HAL_Driver/Src/stm32f4xx_hal_i2c.o
 .text.I2C_ITError
                0x0800799c      0x264 ./Drivers/STM32F4xx_HAL_Driver/Src/stm32f4xx_hal_i2c.o
 .text.I2C_DMAAbort
                0x08007c00      0x150 ./Drivers/STM32F4xx_HAL_Driver/Src/stm32f4xx_hal_i2c.o
 .text.I2C_WaitOnSTOPRequestThroughIT
                0x08007d50       0x64 ./Drivers/STM32F4xx_HAL_Driver/Src/stm32f4xx_hal_i2c.o
 .text.I2C_ConvertOtherXferOptions
                0x08007db4       0x36 ./Drivers/STM32F4xx_HAL_Driver/Src/stm32f4xx_hal_i2c.o
 *fill*         0x08007dea        0x2 
 .text.HAL_RCC_ClockConfig
                0x08007dec      0x1cc ./Drivers/STM32F4xx_HAL_Driver/Src/stm32f4xx_hal_rcc.o
                0x08007dec                HAL_RCC_ClockConfig
 .text.HAL_RCC_GetHCLKFreq
                0x08007fb8       0x18 ./Drivers/STM32F4xx_HAL_Driver/Src/stm32f4xx_hal_rcc.o
                0x08007fb8                HAL_RCC_GetHCLKFreq
 .text.HAL_RCC_GetPCLK1Freq
                0x08007fd0       0x28 ./Drivers/STM32F4xx_HAL_Driver/Src/stm32f4xx_hal_rcc.o
                0x08007fd0                HAL_RCC_GetPCLK1Freq
 .text.HAL_RCC_GetPCLK2Freq
                0x08007ff8       0x28 ./Drivers/STM32F4xx_HAL_Driver/Src/stm32f4xx_hal_rcc.o
                0x08007ff8                HAL_RCC_GetPCLK2Freq
 .text.HAL_RCC_GetSysClockFreq
                0x08008020      0x460 ./Drivers/STM32F4xx_HAL_Driver/Src/stm32f4xx_hal_rcc_ex.o
                0x08008020                HAL_RCC_GetSysClockFreq
 .text.HAL_RCC_OscConfig
                0x08008480      0x53c ./Drivers/STM32F4xx_HAL_Driver/Src/stm32f4xx_hal_rcc_ex.o
                0x08008480                HAL_RCC_OscConfig
 .text.HAL_SPI_Init
                0x080089bc      0x112 ./Drivers/STM32F4xx_HAL_Driver/Src/stm32f4xx_hal_spi.o
                0x080089bc                HAL_SPI_Init
 .text.HAL_SPI_Transmit
                0x08008ace      0x288 ./Drivers/STM32F4xx_HAL_Driver/Src/stm32f4xx_hal_spi.o
                0x08008ace                HAL_SPI_Transmit
 .text.HAL_SPI_Receive
                0x08008d56      0x232 ./Drivers/STM32F4xx_HAL_Driver/Src/stm32f4xx_hal_spi.o
                0x08008d56                HAL_SPI_Receive
 .text.HAL_SPI_TransmitReceive
                0x08008f88      0x352 ./Drivers/STM32F4xx_HAL_Driver/Src/stm32f4xx_hal_spi.o
                0x08008f88                HAL_SPI_TransmitReceive
 *fill*         0x080092da        0x2 
 .text.HAL_SPI_Transmit_DMA
                0x080092dc      0x164 ./Drivers/STM32F4xx_HAL_Driver/Src/stm32f4xx_hal_spi.o
                0x080092dc                HAL_SPI_Transmit_DMA
 .text.HAL_SPI_IRQHandler
                0x08009440      0x200 ./Drivers/STM32F4xx_HAL_Driver/Src/stm32f4xx_hal_spi.o
                0x08009440                HAL_SPI_IRQHandler
 .text.HAL_SPI_TxCpltCallback
                0x08009640       0x14 ./Drivers/STM32F4xx_HAL_Driver/Src/stm32f4xx_hal_spi.o
                0x08009640                HAL_SPI_TxCpltCallback
 .text.HAL_SPI_TxHalfCpltCallback
                0x08009654       0x14 ./Drivers/STM32F4xx_HAL_Driver/Src/stm32f4xx_hal_spi.o
                0x08009654                HAL_SPI_TxHalfCpltCallback
 .text.HAL_SPI_ErrorCallback
                0x08009668       0x14 ./Drivers/STM32F4xx_HAL_Driver/Src/stm32f4xx_hal_spi.o
                0x08009668                HAL_SPI_ErrorCallback
 .text.SPI_DMATransmitCplt
                0x0800967c       0xa8 ./Drivers/STM32F4xx_HAL_Driver/Src/stm32f4xx_hal_spi.o
 .text.SPI_DMAHalfTransmitCplt
                0x08009724       0x1c ./Drivers/STM32F4xx_HAL_Driver/Src/stm32f4xx_hal_spi.o
 .text.SPI_DMAError
                0x08009740       0x40 ./Drivers/STM32F4xx_HAL_Driver/Src/stm32f4xx_hal_spi.o
 .text.SPI_DMAAbortOnError
                0x08009780       0x28 ./Drivers/STM32F4xx_HAL_Driver/Src/stm32f4xx_hal_spi.o
 .text.SPI_WaitFlagStateUntilTimeout
                0x080097a8      0x110 ./Drivers/STM32F4xx_HAL_Driver/Src/stm32f4xx_hal_spi.o
 .text.SPI_EndRxTransaction
                0x080098b8       0xca ./Drivers/STM32F4xx_HAL_Driver/Src/stm32f4xx_hal_spi.o
 *fill*         0x08009982        0x2 
 .text.SPI_EndRxTxTransaction
                0x08009984       0xa8 ./Drivers/STM32F4xx_HAL_Driver/Src/stm32f4xx_hal_spi.o
 .text.HAL_TIM_Base_Init
                0x08009a2c       0x9e ./Drivers/STM32F4xx_HAL_Driver/Src/stm32f4xx_hal_tim.o
                0x08009a2c                HAL_TIM_Base_Init
 .text.HAL_TIM_PWM_Init
                0x08009aca       0x9e ./Drivers/STM32F4xx_HAL_Driver/Src/stm32f4xx_hal_tim.o
                0x08009aca                HAL_TIM_PWM_Init
 .text.HAL_TIM_PWM_MspInit
                0x08009b68       0x14 ./Drivers/STM32F4xx_HAL_Driver/Src/stm32f4xx_hal_tim.o
                0x08009b68                HAL_TIM_PWM_MspInit
 .text.HAL_TIM_IC_Init
                0x08009b7c       0x9e ./Drivers/STM32F4xx_HAL_Driver/Src/stm32f4xx_hal_tim.o
                0x08009b7c                HAL_TIM_IC_Init
 .text.HAL_TIM_IC_MspInit
                0x08009c1a       0x14 ./Drivers/STM32F4xx_HAL_Driver/Src/stm32f4xx_hal_tim.o
                0x08009c1a                HAL_TIM_IC_MspInit
 .text.HAL_TIM_IRQHandler
                0x08009c2e      0x1e0 ./Drivers/STM32F4xx_HAL_Driver/Src/stm32f4xx_hal_tim.o
                0x08009c2e                HAL_TIM_IRQHandler
 .text.HAL_TIM_IC_ConfigChannel
                0x08009e0e      0x138 ./Drivers/STM32F4xx_HAL_Driver/Src/stm32f4xx_hal_tim.o
                0x08009e0e                HAL_TIM_IC_ConfigChannel
 *fill*         0x08009f46        0x2 
 .text.HAL_TIM_PWM_ConfigChannel
                0x08009f48      0x184 ./Drivers/STM32F4xx_HAL_Driver/Src/stm32f4xx_hal_tim.o
                0x08009f48                HAL_TIM_PWM_ConfigChannel
 .text.HAL_TIM_ConfigClockSource
                0x0800a0cc      0x18e ./Drivers/STM32F4xx_HAL_Driver/Src/stm32f4xx_hal_tim.o
                0x0800a0cc                HAL_TIM_ConfigClockSource
 .text.HAL_TIM_PeriodElapsedCallback
                0x0800a25a       0x14 ./Drivers/STM32F4xx_HAL_Driver/Src/stm32f4xx_hal_tim.o
                0x0800a25a                HAL_TIM_PeriodElapsedCallback
 .text.HAL_TIM_OC_DelayElapsedCallback
                0x0800a26e       0x14 ./Drivers/STM32F4xx_HAL_Driver/Src/stm32f4xx_hal_tim.o
                0x0800a26e                HAL_TIM_OC_DelayElapsedCallback
 .text.HAL_TIM_IC_CaptureCallback
                0x0800a282       0x14 ./Drivers/STM32F4xx_HAL_Driver/Src/stm32f4xx_hal_tim.o
                0x0800a282                HAL_TIM_IC_CaptureCallback
 .text.HAL_TIM_PWM_PulseFinishedCallback
                0x0800a296       0x14 ./Drivers/STM32F4xx_HAL_Driver/Src/stm32f4xx_hal_tim.o
                0x0800a296                HAL_TIM_PWM_PulseFinishedCallback
 .text.HAL_TIM_TriggerCallback
                0x0800a2aa       0x14 ./Drivers/STM32F4xx_HAL_Driver/Src/stm32f4xx_hal_tim.o
                0x0800a2aa                HAL_TIM_TriggerCallback
 *fill*         0x0800a2be        0x2 
 .text.TIM_Base_SetConfig
                0x0800a2c0      0x14c ./Drivers/STM32F4xx_HAL_Driver/Src/stm32f4xx_hal_tim.o
                0x0800a2c0                TIM_Base_SetConfig
 .text.TIM_OC1_SetConfig
                0x0800a40c       0xe0 ./Drivers/STM32F4xx_HAL_Driver/Src/stm32f4xx_hal_tim.o
 .text.TIM_OC2_SetConfig
                0x0800a4ec       0xec ./Drivers/STM32F4xx_HAL_Driver/Src/stm32f4xx_hal_tim.o
                0x0800a4ec                TIM_OC2_SetConfig
 .text.TIM_OC3_SetConfig
                0x0800a5d8       0xe8 ./Drivers/STM32F4xx_HAL_Driver/Src/stm32f4xx_hal_tim.o
 .text.TIM_OC4_SetConfig
                0x0800a6c0       0xac ./Drivers/STM32F4xx_HAL_Driver/Src/stm32f4xx_hal_tim.o
 .text.TIM_TI1_SetConfig
                0x0800a76c       0xe8 ./Drivers/STM32F4xx_HAL_Driver/Src/stm32f4xx_hal_tim.o
                0x0800a76c                TIM_TI1_SetConfig
 .text.TIM_TI1_ConfigInputStage
                0x0800a854       0x5e ./Drivers/STM32F4xx_HAL_Driver/Src/stm32f4xx_hal_tim.o
 .text.TIM_TI2_SetConfig
                0x0800a8b2       0x7a ./Drivers/STM32F4xx_HAL_Driver/Src/stm32f4xx_hal_tim.o
 .text.TIM_TI2_ConfigInputStage
                0x0800a92c       0x60 ./Drivers/STM32F4xx_HAL_Driver/Src/stm32f4xx_hal_tim.o
 .text.TIM_TI3_SetConfig
                0x0800a98c       0x78 ./Drivers/STM32F4xx_HAL_Driver/Src/stm32f4xx_hal_tim.o
 .text.TIM_TI4_SetConfig
                0x0800aa04       0x7a ./Drivers/STM32F4xx_HAL_Driver/Src/stm32f4xx_hal_tim.o
 .text.TIM_ITRx_SetConfig
                0x0800aa7e       0x36 ./Drivers/STM32F4xx_HAL_Driver/Src/stm32f4xx_hal_tim.o
 .text.TIM_ETR_SetConfig
                0x0800aab4       0x40 ./Drivers/STM32F4xx_HAL_Driver/Src/stm32f4xx_hal_tim.o
                0x0800aab4                TIM_ETR_SetConfig
 .text.HAL_TIMEx_MasterConfigSynchronization
                0x0800aaf4       0xf8 ./Drivers/STM32F4xx_HAL_Driver/Src/stm32f4xx_hal_tim_ex.o
                0x0800aaf4                HAL_TIMEx_MasterConfigSynchronization
 .text.HAL_TIMEx_ConfigBreakDeadTime
                0x0800abec       0xa4 ./Drivers/STM32F4xx_HAL_Driver/Src/stm32f4xx_hal_tim_ex.o
                0x0800abec                HAL_TIMEx_ConfigBreakDeadTime
 .text.HAL_TIMEx_CommutCallback
                0x0800ac90       0x14 ./Drivers/STM32F4xx_HAL_Driver/Src/stm32f4xx_hal_tim_ex.o
                0x0800ac90                HAL_TIMEx_CommutCallback
 .text.HAL_TIMEx_BreakCallback
                0x0800aca4       0x14 ./Drivers/STM32F4xx_HAL_Driver/Src/stm32f4xx_hal_tim_ex.o
                0x0800aca4                HAL_TIMEx_BreakCallback
 .text.HAL_UART_Init
                0x0800acb8       0xa0 ./Drivers/STM32F4xx_HAL_Driver/Src/stm32f4xx_hal_uart.o
                0x0800acb8                HAL_UART_Init
 .text.HAL_UART_IRQHandler
                0x0800ad58      0x554 ./Drivers/STM32F4xx_HAL_Driver/Src/stm32f4xx_hal_uart.o
                0x0800ad58                HAL_UART_IRQHandler
 .text.HAL_UART_TxCpltCallback
                0x0800b2ac       0x14 ./Drivers/STM32F4xx_HAL_Driver/Src/stm32f4xx_hal_uart.o
                0x0800b2ac                HAL_UART_TxCpltCallback
 .text.HAL_UART_RxCpltCallback
                0x0800b2c0       0x14 ./Drivers/STM32F4xx_HAL_Driver/Src/stm32f4xx_hal_uart.o
                0x0800b2c0                HAL_UART_RxCpltCallback
 .text.HAL_UART_ErrorCallback
                0x0800b2d4       0x14 ./Drivers/STM32F4xx_HAL_Driver/Src/stm32f4xx_hal_uart.o
                0x0800b2d4                HAL_UART_ErrorCallback
 .text.HAL_UARTEx_RxEventCallback
                0x0800b2e8       0x18 ./Drivers/STM32F4xx_HAL_Driver/Src/stm32f4xx_hal_uart.o
                0x0800b2e8                HAL_UARTEx_RxEventCallback
 .text.UART_EndRxTransfer
                0x0800b300       0xc6 ./Drivers/STM32F4xx_HAL_Driver/Src/stm32f4xx_hal_uart.o
 .text.UART_DMAAbortOnError
                0x0800b3c6       0x22 ./Drivers/STM32F4xx_HAL_Driver/Src/stm32f4xx_hal_uart.o
 .text.UART_Transmit_IT
                0x0800b3e8       0xa0 ./Drivers/STM32F4xx_HAL_Driver/Src/stm32f4xx_hal_uart.o
 .text.UART_EndTransmit_IT
                0x0800b488       0x30 ./Drivers/STM32F4xx_HAL_Driver/Src/stm32f4xx_hal_uart.o
 .text.UART_Receive_IT
                0x0800b4b8      0x17c ./Drivers/STM32F4xx_HAL_Driver/Src/stm32f4xx_hal_uart.o
 .text.UART_SetConfig
                0x0800b634      0x4e8 ./Drivers/STM32F4xx_HAL_Driver/Src/stm32f4xx_hal_uart.o
 .text._ZdlPvj  0x0800bb1c        0x4 /Applications/STM32CubeIDE.app/Contents/Eclipse/plugins/com.st.stm32cube.ide.mcu.externaltools.gnu-tools-for-stm32.13.3.rel1.macos64_1.0.0.202411102158/tools/bin/../lib/gcc/arm-none-eabi/13.3.1/../../../../arm-none-eabi/lib/thumb/v7e-m+fp/hard/libstdc++_nano.a(del_ops.o)
                0x0800bb1c                operator delete(void*, unsigned int)
 .text._Znwj    0x0800bb20       0x22 /Applications/STM32CubeIDE.app/Contents/Eclipse/plugins/com.st.stm32cube.ide.mcu.externaltools.gnu-tools-for-stm32.13.3.rel1.macos64_1.0.0.202411102158/tools/bin/../lib/gcc/arm-none-eabi/13.3.1/../../../../arm-none-eabi/lib/thumb/v7e-m+fp/hard/libstdc++_nano.a(new_op.o)
                0x0800bb20                operator new(unsigned int)
 .text._ZNKSt7__cxx1112basic_stringIcSt11char_traitsIcESaIcEE5c_strEv
                0x0800bb42        0x4 /Applications/STM32CubeIDE.app/Contents/Eclipse/plugins/com.st.stm32cube.ide.mcu.externaltools.gnu-tools-for-stm32.13.3.rel1.macos64_1.0.0.202411102158/tools/bin/../lib/gcc/arm-none-eabi/13.3.1/../../../../arm-none-eabi/lib/thumb/v7e-m+fp/hard/libstdc++_nano.a(string-inst.o)
                0x0800bb42                std::__cxx11::basic_string<char, std::char_traits<char>, std::allocator<char> >::c_str() const
 .text._ZdlPv   0x0800bb46        0x4 /Applications/STM32CubeIDE.app/Contents/Eclipse/plugins/com.st.stm32cube.ide.mcu.externaltools.gnu-tools-for-stm32.13.3.rel1.macos64_1.0.0.202411102158/tools/bin/../lib/gcc/arm-none-eabi/13.3.1/../../../../arm-none-eabi/lib/thumb/v7e-m+fp/hard/libstdc++_nano.a(del_op.o)
                0x0800bb46                operator delete(void*)
 *fill*         0x0800bb4a        0x2 
 .text._ZSt15get_new_handlerv
                0x0800bb4c       0x10 /Applications/STM32CubeIDE.app/Contents/Eclipse/plugins/com.st.stm32cube.ide.mcu.externaltools.gnu-tools-for-stm32.13.3.rel1.macos64_1.0.0.202411102158/tools/bin/../lib/gcc/arm-none-eabi/13.3.1/../../../../arm-none-eabi/lib/thumb/v7e-m+fp/hard/libstdc++_nano.a(new_handler.o)
                0x0800bb4c                std::get_new_handler()
 .text.fmodf    0x0800bb5c       0x40 /Applications/STM32CubeIDE.app/Contents/Eclipse/plugins/com.st.stm32cube.ide.mcu.externaltools.gnu-tools-for-stm32.13.3.rel1.macos64_1.0.0.202411102158/tools/bin/../lib/gcc/arm-none-eabi/13.3.1/../../../../arm-none-eabi/lib/thumb/v7e-m+fp/hard/libm.a(libm_a-wf_fmod.o)
                0x0800bb5c                fmodf
 *fill*         0x0800bb9c        0x4 
 .text.cos      0x0800bba0       0xa8 /Applications/STM32CubeIDE.app/Contents/Eclipse/plugins/com.st.stm32cube.ide.mcu.externaltools.gnu-tools-for-stm32.13.3.rel1.macos64_1.0.0.202411102158/tools/bin/../lib/gcc/arm-none-eabi/13.3.1/../../../../arm-none-eabi/lib/thumb/v7e-m+fp/hard/libm.a(libm_a-s_cos.o)
                0x0800bba0                cos
 .text.sin      0x0800bc48       0xa8 /Applications/STM32CubeIDE.app/Contents/Eclipse/plugins/com.st.stm32cube.ide.mcu.externaltools.gnu-tools-for-stm32.13.3.rel1.macos64_1.0.0.202411102158/tools/bin/../lib/gcc/arm-none-eabi/13.3.1/../../../../arm-none-eabi/lib/thumb/v7e-m+fp/hard/libm.a(libm_a-s_sin.o)
                0x0800bc48                sin
 .text.__ieee754_fmodf
                0x0800bcf0      0x104 /Applications/STM32CubeIDE.app/Contents/Eclipse/plugins/com.st.stm32cube.ide.mcu.externaltools.gnu-tools-for-stm32.13.3.rel1.macos64_1.0.0.202411102158/tools/bin/../lib/gcc/arm-none-eabi/13.3.1/../../../../arm-none-eabi/lib/thumb/v7e-m+fp/hard/libm.a(libm_a-ef_fmod.o)
                0x0800bcf0                __ieee754_fmodf
 *fill*         0x0800bdf4        0x4 
 .text.__ieee754_rem_pio2
                0x0800bdf8      0x3f8 /Applications/STM32CubeIDE.app/Contents/Eclipse/plugins/com.st.stm32cube.ide.mcu.externaltools.gnu-tools-for-stm32.13.3.rel1.macos64_1.0.0.202411102158/tools/bin/../lib/gcc/arm-none-eabi/13.3.1/../../../../arm-none-eabi/lib/thumb/v7e-m+fp/hard/libm.a(libm_a-e_rem_pio2.o)
                0x0800bdf8                __ieee754_rem_pio2
 .text.__kernel_rem_pio2
                0x0800c1f0      0x6a0 /Applications/STM32CubeIDE.app/Contents/Eclipse/plugins/com.st.stm32cube.ide.mcu.externaltools.gnu-tools-for-stm32.13.3.rel1.macos64_1.0.0.202411102158/tools/bin/../lib/gcc/arm-none-eabi/13.3.1/../../../../arm-none-eabi/lib/thumb/v7e-m+fp/hard/libm.a(libm_a-k_rem_pio2.o)
                0x0800c1f0                __kernel_rem_pio2
 .text.__kernel_cos
                0x0800c890      0x18c /Applications/STM32CubeIDE.app/Contents/Eclipse/plugins/com.st.stm32cube.ide.mcu.externaltools.gnu-tools-for-stm32.13.3.rel1.macos64_1.0.0.202411102158/tools/bin/../lib/gcc/arm-none-eabi/13.3.1/../../../../arm-none-eabi/lib/thumb/v7e-m+fp/hard/libm.a(libm_a-k_cos.o)
                0x0800c890                __kernel_cos
 *fill*         0x0800ca1c        0x4 
 .text.__kernel_sin
                0x0800ca20      0x174 /Applications/STM32CubeIDE.app/Contents/Eclipse/plugins/com.st.stm32cube.ide.mcu.externaltools.gnu-tools-for-stm32.13.3.rel1.macos64_1.0.0.202411102158/tools/bin/../lib/gcc/arm-none-eabi/13.3.1/../../../../arm-none-eabi/lib/thumb/v7e-m+fp/hard/libm.a(libm_a-k_sin.o)
                0x0800ca20                __kernel_sin
 .text.fabs     0x0800cb94       0x10 /Applications/STM32CubeIDE.app/Contents/Eclipse/plugins/com.st.stm32cube.ide.mcu.externaltools.gnu-tools-for-stm32.13.3.rel1.macos64_1.0.0.202411102158/tools/bin/../lib/gcc/arm-none-eabi/13.3.1/../../../../arm-none-eabi/lib/thumb/v7e-m+fp/hard/libm.a(libm_a-s_fabs.o)
                0x0800cb94                fabs
 *fill*         0x0800cba4        0x4 
 .text.scalbn   0x0800cba8       0xf4 /Applications/STM32CubeIDE.app/Contents/Eclipse/plugins/com.st.stm32cube.ide.mcu.externaltools.gnu-tools-for-stm32.13.3.rel1.macos64_1.0.0.202411102158/tools/bin/../lib/gcc/arm-none-eabi/13.3.1/../../../../arm-none-eabi/lib/thumb/v7e-m+fp/hard/libm.a(libm_a-s_scalbn.o)
                0x0800cba8                scalbn
 *fill*         0x0800cc9c        0x4 
 .text.floor    0x0800cca0       0xf8 /Applications/STM32CubeIDE.app/Contents/Eclipse/plugins/com.st.stm32cube.ide.mcu.externaltools.gnu-tools-for-stm32.13.3.rel1.macos64_1.0.0.202411102158/tools/bin/../lib/gcc/arm-none-eabi/13.3.1/../../../../arm-none-eabi/lib/thumb/v7e-m+fp/hard/libm.a(libm_a-s_floor.o)
                0x0800cca0                floor
 .text.abort    0x0800cd98        0xe /Applications/STM32CubeIDE.app/Contents/Eclipse/plugins/com.st.stm32cube.ide.mcu.externaltools.gnu-tools-for-stm32.13.3.rel1.macos64_1.0.0.202411102158/tools/bin/../lib/gcc/arm-none-eabi/13.3.1/../../../../arm-none-eabi/lib/thumb/v7e-m+fp/hard/libc_nano.a(libc_a-abort.o)
                0x0800cd98                abort
 *fill*         0x0800cda6        0x2 
 .text.malloc   0x0800cda8       0x10 /Applications/STM32CubeIDE.app/Contents/Eclipse/plugins/com.st.stm32cube.ide.mcu.externaltools.gnu-tools-for-stm32.13.3.rel1.macos64_1.0.0.202411102158/tools/bin/../lib/gcc/arm-none-eabi/13.3.1/../../../../arm-none-eabi/lib/thumb/v7e-m+fp/hard/libc_nano.a(libc_a-malloc.o)
                0x0800cda8                malloc
 .text.free     0x0800cdb8       0x10 /Applications/STM32CubeIDE.app/Contents/Eclipse/plugins/com.st.stm32cube.ide.mcu.externaltools.gnu-tools-for-stm32.13.3.rel1.macos64_1.0.0.202411102158/tools/bin/../lib/gcc/arm-none-eabi/13.3.1/../../../../arm-none-eabi/lib/thumb/v7e-m+fp/hard/libc_nano.a(libc_a-malloc.o)
                0x0800cdb8                free
 .text.sbrk_aligned
                0x0800cdc8       0x44 /Applications/STM32CubeIDE.app/Contents/Eclipse/plugins/com.st.stm32cube.ide.mcu.externaltools.gnu-tools-for-stm32.13.3.rel1.macos64_1.0.0.202411102158/tools/bin/../lib/gcc/arm-none-eabi/13.3.1/../../../../arm-none-eabi/lib/thumb/v7e-m+fp/hard/libc_nano.a(libc_a-mallocr.o)
 .text._malloc_r
                0x0800ce0c      0x100 /Applications/STM32CubeIDE.app/Contents/Eclipse/plugins/com.st.stm32cube.ide.mcu.externaltools.gnu-tools-for-stm32.13.3.rel1.macos64_1.0.0.202411102158/tools/bin/../lib/gcc/arm-none-eabi/13.3.1/../../../../arm-none-eabi/lib/thumb/v7e-m+fp/hard/libc_nano.a(libc_a-mallocr.o)
                0x0800ce0c                _malloc_r
 .text.__malloc_lock
                0x0800cf0c        0xc /Applications/STM32CubeIDE.app/Contents/Eclipse/plugins/com.st.stm32cube.ide.mcu.externaltools.gnu-tools-for-stm32.13.3.rel1.macos64_1.0.0.202411102158/tools/bin/../lib/gcc/arm-none-eabi/13.3.1/../../../../arm-none-eabi/lib/thumb/v7e-m+fp/hard/libc_nano.a(libc_a-mlock.o)
                0x0800cf0c                __malloc_lock
 .text.__malloc_unlock
                0x0800cf18        0xc /Applications/STM32CubeIDE.app/Contents/Eclipse/plugins/com.st.stm32cube.ide.mcu.externaltools.gnu-tools-for-stm32.13.3.rel1.macos64_1.0.0.202411102158/tools/bin/../lib/gcc/arm-none-eabi/13.3.1/../../../../arm-none-eabi/lib/thumb/v7e-m+fp/hard/libc_nano.a(libc_a-mlock.o)
                0x0800cf18                __malloc_unlock
 .text.rand     0x0800cf24       0x7c /Applications/STM32CubeIDE.app/Contents/Eclipse/plugins/com.st.stm32cube.ide.mcu.externaltools.gnu-tools-for-stm32.13.3.rel1.macos64_1.0.0.202411102158/tools/bin/../lib/gcc/arm-none-eabi/13.3.1/../../../../arm-none-eabi/lib/thumb/v7e-m+fp/hard/libc_nano.a(libc_a-rand.o)
                0x0800cf24                rand
 .text.std      0x0800cfa0       0x6c /Applications/STM32CubeIDE.app/Contents/Eclipse/plugins/com.st.stm32cube.ide.mcu.externaltools.gnu-tools-for-stm32.13.3.rel1.macos64_1.0.0.202411102158/tools/bin/../lib/gcc/arm-none-eabi/13.3.1/../../../../arm-none-eabi/lib/thumb/v7e-m+fp/hard/libc_nano.a(libc_a-findfp.o)
 .text.stdio_exit_handler
                0x0800d00c       0x18 /Applications/STM32CubeIDE.app/Contents/Eclipse/plugins/com.st.stm32cube.ide.mcu.externaltools.gnu-tools-for-stm32.13.3.rel1.macos64_1.0.0.202411102158/tools/bin/../lib/gcc/arm-none-eabi/13.3.1/../../../../arm-none-eabi/lib/thumb/v7e-m+fp/hard/libc_nano.a(libc_a-findfp.o)
 .text.cleanup_stdio
                0x0800d024       0x40 /Applications/STM32CubeIDE.app/Contents/Eclipse/plugins/com.st.stm32cube.ide.mcu.externaltools.gnu-tools-for-stm32.13.3.rel1.macos64_1.0.0.202411102158/tools/bin/../lib/gcc/arm-none-eabi/13.3.1/../../../../arm-none-eabi/lib/thumb/v7e-m+fp/hard/libc_nano.a(libc_a-findfp.o)
 .text.global_stdio_init.part.0
                0x0800d064       0x3c /Applications/STM32CubeIDE.app/Contents/Eclipse/plugins/com.st.stm32cube.ide.mcu.externaltools.gnu-tools-for-stm32.13.3.rel1.macos64_1.0.0.202411102158/tools/bin/../lib/gcc/arm-none-eabi/13.3.1/../../../../arm-none-eabi/lib/thumb/v7e-m+fp/hard/libc_nano.a(libc_a-findfp.o)
 .text.__sfp_lock_acquire
                0x0800d0a0        0xc /Applications/STM32CubeIDE.app/Contents/Eclipse/plugins/com.st.stm32cube.ide.mcu.externaltools.gnu-tools-for-stm32.13.3.rel1.macos64_1.0.0.202411102158/tools/bin/../lib/gcc/arm-none-eabi/13.3.1/../../../../arm-none-eabi/lib/thumb/v7e-m+fp/hard/libc_nano.a(libc_a-findfp.o)
                0x0800d0a0                __sfp_lock_acquire
 .text.__sfp_lock_release
                0x0800d0ac        0xc /Applications/STM32CubeIDE.app/Contents/Eclipse/plugins/com.st.stm32cube.ide.mcu.externaltools.gnu-tools-for-stm32.13.3.rel1.macos64_1.0.0.202411102158/tools/bin/../lib/gcc/arm-none-eabi/13.3.1/../../../../arm-none-eabi/lib/thumb/v7e-m+fp/hard/libc_nano.a(libc_a-findfp.o)
                0x0800d0ac                __sfp_lock_release
 .text.__sinit  0x0800d0b8       0x30 /Applications/STM32CubeIDE.app/Contents/Eclipse/plugins/com.st.stm32cube.ide.mcu.externaltools.gnu-tools-for-stm32.13.3.rel1.macos64_1.0.0.202411102158/tools/bin/../lib/gcc/arm-none-eabi/13.3.1/../../../../arm-none-eabi/lib/thumb/v7e-m+fp/hard/libc_nano.a(libc_a-findfp.o)
                0x0800d0b8                __sinit
 .text._fwalk_sglue
                0x0800d0e8       0x3c /Applications/STM32CubeIDE.app/Contents/Eclipse/plugins/com.st.stm32cube.ide.mcu.externaltools.gnu-tools-for-stm32.13.3.rel1.macos64_1.0.0.202411102158/tools/bin/../lib/gcc/arm-none-eabi/13.3.1/../../../../arm-none-eabi/lib/thumb/v7e-m+fp/hard/libc_nano.a(libc_a-fwalk.o)
                0x0800d0e8                _fwalk_sglue
 .text.memset   0x0800d124       0x10 /Applications/STM32CubeIDE.app/Contents/Eclipse/plugins/com.st.stm32cube.ide.mcu.externaltools.gnu-tools-for-stm32.13.3.rel1.macos64_1.0.0.202411102158/tools/bin/../lib/gcc/arm-none-eabi/13.3.1/../../../../arm-none-eabi/lib/thumb/v7e-m+fp/hard/libc_nano.a(libc_a-memset.o)
                0x0800d124                memset
 .text._raise_r
                0x0800d134       0x50 /Applications/STM32CubeIDE.app/Contents/Eclipse/plugins/com.st.stm32cube.ide.mcu.externaltools.gnu-tools-for-stm32.13.3.rel1.macos64_1.0.0.202411102158/tools/bin/../lib/gcc/arm-none-eabi/13.3.1/../../../../arm-none-eabi/lib/thumb/v7e-m+fp/hard/libc_nano.a(libc_a-signal.o)
                0x0800d134                _raise_r
 .text.raise    0x0800d184       0x10 /Applications/STM32CubeIDE.app/Contents/Eclipse/plugins/com.st.stm32cube.ide.mcu.externaltools.gnu-tools-for-stm32.13.3.rel1.macos64_1.0.0.202411102158/tools/bin/../lib/gcc/arm-none-eabi/13.3.1/../../../../arm-none-eabi/lib/thumb/v7e-m+fp/hard/libc_nano.a(libc_a-signal.o)
                0x0800d184                raise
 .text._kill_r  0x0800d194       0x24 /Applications/STM32CubeIDE.app/Contents/Eclipse/plugins/com.st.stm32cube.ide.mcu.externaltools.gnu-tools-for-stm32.13.3.rel1.macos64_1.0.0.202411102158/tools/bin/../lib/gcc/arm-none-eabi/13.3.1/../../../../arm-none-eabi/lib/thumb/v7e-m+fp/hard/libc_nano.a(libc_a-signalr.o)
                0x0800d194                _kill_r
 .text._getpid_r
                0x0800d1b8        0x4 /Applications/STM32CubeIDE.app/Contents/Eclipse/plugins/com.st.stm32cube.ide.mcu.externaltools.gnu-tools-for-stm32.13.3.rel1.macos64_1.0.0.202411102158/tools/bin/../lib/gcc/arm-none-eabi/13.3.1/../../../../arm-none-eabi/lib/thumb/v7e-m+fp/hard/libc_nano.a(libc_a-signalr.o)
                0x0800d1b8                _getpid_r
 .text._sbrk_r  0x0800d1bc       0x20 /Applications/STM32CubeIDE.app/Contents/Eclipse/plugins/com.st.stm32cube.ide.mcu.externaltools.gnu-tools-for-stm32.13.3.rel1.macos64_1.0.0.202411102158/tools/bin/../lib/gcc/arm-none-eabi/13.3.1/../../../../arm-none-eabi/lib/thumb/v7e-m+fp/hard/libc_nano.a(libc_a-sbrkr.o)
                0x0800d1bc                _sbrk_r
 .text.__errno  0x0800d1dc        0xc /Applications/STM32CubeIDE.app/Contents/Eclipse/plugins/com.st.stm32cube.ide.mcu.externaltools.gnu-tools-for-stm32.13.3.rel1.macos64_1.0.0.202411102158/tools/bin/../lib/gcc/arm-none-eabi/13.3.1/../../../../arm-none-eabi/lib/thumb/v7e-m+fp/hard/libc_nano.a(libc_a-errno.o)
                0x0800d1dc                __errno
 .text.__libc_init_array
                0x0800d1e8       0x48 /Applications/STM32CubeIDE.app/Contents/Eclipse/plugins/com.st.stm32cube.ide.mcu.externaltools.gnu-tools-for-stm32.13.3.rel1.macos64_1.0.0.202411102158/tools/bin/../lib/gcc/arm-none-eabi/13.3.1/../../../../arm-none-eabi/lib/thumb/v7e-m+fp/hard/libc_nano.a(libc_a-init.o)
                0x0800d1e8                __libc_init_array
 .text.__retarget_lock_init_recursive
                0x0800d230        0x2 /Applications/STM32CubeIDE.app/Contents/Eclipse/plugins/com.st.stm32cube.ide.mcu.externaltools.gnu-tools-for-stm32.13.3.rel1.macos64_1.0.0.202411102158/tools/bin/../lib/gcc/arm-none-eabi/13.3.1/../../../../arm-none-eabi/lib/thumb/v7e-m+fp/hard/libc_nano.a(libc_a-lock.o)
                0x0800d230                __retarget_lock_init_recursive
 .text.__retarget_lock_acquire_recursive
                0x0800d232        0x2 /Applications/STM32CubeIDE.app/Contents/Eclipse/plugins/com.st.stm32cube.ide.mcu.externaltools.gnu-tools-for-stm32.13.3.rel1.macos64_1.0.0.202411102158/tools/bin/../lib/gcc/arm-none-eabi/13.3.1/../../../../arm-none-eabi/lib/thumb/v7e-m+fp/hard/libc_nano.a(libc_a-lock.o)
                0x0800d232                __retarget_lock_acquire_recursive
 .text.__retarget_lock_release_recursive
                0x0800d234        0x2 /Applications/STM32CubeIDE.app/Contents/Eclipse/plugins/com.st.stm32cube.ide.mcu.externaltools.gnu-tools-for-stm32.13.3.rel1.macos64_1.0.0.202411102158/tools/bin/../lib/gcc/arm-none-eabi/13.3.1/../../../../arm-none-eabi/lib/thumb/v7e-m+fp/hard/libc_nano.a(libc_a-lock.o)
                0x0800d234                __retarget_lock_release_recursive
 *fill*         0x0800d236        0x2 
 .text.__assert_func
                0x0800d238       0x3c /Applications/STM32CubeIDE.app/Contents/Eclipse/plugins/com.st.stm32cube.ide.mcu.externaltools.gnu-tools-for-stm32.13.3.rel1.macos64_1.0.0.202411102158/tools/bin/../lib/gcc/arm-none-eabi/13.3.1/../../../../arm-none-eabi/lib/thumb/v7e-m+fp/hard/libc_nano.a(libc_a-assert.o)
                0x0800d238                __assert_func
 .text._free_r  0x0800d274       0x94 /Applications/STM32CubeIDE.app/Contents/Eclipse/plugins/com.st.stm32cube.ide.mcu.externaltools.gnu-tools-for-stm32.13.3.rel1.macos64_1.0.0.202411102158/tools/bin/../lib/gcc/arm-none-eabi/13.3.1/../../../../arm-none-eabi/lib/thumb/v7e-m+fp/hard/libc_nano.a(libc_a-freer.o)
                0x0800d274                _free_r
 .text.__sflush_r
                0x0800d308      0x108 /Applications/STM32CubeIDE.app/Contents/Eclipse/plugins/com.st.stm32cube.ide.mcu.externaltools.gnu-tools-for-stm32.13.3.rel1.macos64_1.0.0.202411102158/tools/bin/../lib/gcc/arm-none-eabi/13.3.1/../../../../arm-none-eabi/lib/thumb/v7e-m+fp/hard/libc_nano.a(libc_a-fflush.o)
                0x0800d308                __sflush_r
 .text._fflush_r
                0x0800d410       0x50 /Applications/STM32CubeIDE.app/Contents/Eclipse/plugins/com.st.stm32cube.ide.mcu.externaltools.gnu-tools-for-stm32.13.3.rel1.macos64_1.0.0.202411102158/tools/bin/../lib/gcc/arm-none-eabi/13.3.1/../../../../arm-none-eabi/lib/thumb/v7e-m+fp/hard/libc_nano.a(libc_a-fflush.o)
                0x0800d410                _fflush_r
 .text.__sread  0x0800d460       0x22 /Applications/STM32CubeIDE.app/Contents/Eclipse/plugins/com.st.stm32cube.ide.mcu.externaltools.gnu-tools-for-stm32.13.3.rel1.macos64_1.0.0.202411102158/tools/bin/../lib/gcc/arm-none-eabi/13.3.1/../../../../arm-none-eabi/lib/thumb/v7e-m+fp/hard/libc_nano.a(libc_a-stdio.o)
                0x0800d460                __sread
 .text.__swrite
                0x0800d482       0x38 /Applications/STM32CubeIDE.app/Contents/Eclipse/plugins/com.st.stm32cube.ide.mcu.externaltools.gnu-tools-for-stm32.13.3.rel1.macos64_1.0.0.202411102158/tools/bin/../lib/gcc/arm-none-eabi/13.3.1/../../../../arm-none-eabi/lib/thumb/v7e-m+fp/hard/libc_nano.a(libc_a-stdio.o)
                0x0800d482                __swrite
 .text.__sseek  0x0800d4ba       0x24 /Applications/STM32CubeIDE.app/Contents/Eclipse/plugins/com.st.stm32cube.ide.mcu.externaltools.gnu-tools-for-stm32.13.3.rel1.macos64_1.0.0.202411102158/tools/bin/../lib/gcc/arm-none-eabi/13.3.1/../../../../arm-none-eabi/lib/thumb/v7e-m+fp/hard/libc_nano.a(libc_a-stdio.o)
                0x0800d4ba                __sseek
 .text.__sclose
                0x0800d4de        0x8 /Applications/STM32CubeIDE.app/Contents/Eclipse/plugins/com.st.stm32cube.ide.mcu.externaltools.gnu-tools-for-stm32.13.3.rel1.macos64_1.0.0.202411102158/tools/bin/../lib/gcc/arm-none-eabi/13.3.1/../../../../arm-none-eabi/lib/thumb/v7e-m+fp/hard/libc_nano.a(libc_a-stdio.o)
                0x0800d4de                __sclose
 *fill*         0x0800d4e6        0x2 
 .text.fprintf  0x0800d4e8       0x24 /Applications/STM32CubeIDE.app/Contents/Eclipse/plugins/com.st.stm32cube.ide.mcu.externaltools.gnu-tools-for-stm32.13.3.rel1.macos64_1.0.0.202411102158/tools/bin/../lib/gcc/arm-none-eabi/13.3.1/../../../../arm-none-eabi/lib/thumb/v7e-m+fp/hard/libc_nano.a(libc_a-fprintf.o)
                0x0800d4e8                fprintf
                0x0800d4e8                fiprintf
 .text._lseek_r
                0x0800d50c       0x24 /Applications/STM32CubeIDE.app/Contents/Eclipse/plugins/com.st.stm32cube.ide.mcu.externaltools.gnu-tools-for-stm32.13.3.rel1.macos64_1.0.0.202411102158/tools/bin/../lib/gcc/arm-none-eabi/13.3.1/../../../../arm-none-eabi/lib/thumb/v7e-m+fp/hard/libc_nano.a(libc_a-lseekr.o)
                0x0800d50c                _lseek_r
 .text._read_r  0x0800d530       0x24 /Applications/STM32CubeIDE.app/Contents/Eclipse/plugins/com.st.stm32cube.ide.mcu.externaltools.gnu-tools-for-stm32.13.3.rel1.macos64_1.0.0.202411102158/tools/bin/../lib/gcc/arm-none-eabi/13.3.1/../../../../arm-none-eabi/lib/thumb/v7e-m+fp/hard/libc_nano.a(libc_a-readr.o)
                0x0800d530                _read_r
 .text._write_r
                0x0800d554       0x24 /Applications/STM32CubeIDE.app/Contents/Eclipse/plugins/com.st.stm32cube.ide.mcu.externaltools.gnu-tools-for-stm32.13.3.rel1.macos64_1.0.0.202411102158/tools/bin/../lib/gcc/arm-none-eabi/13.3.1/../../../../arm-none-eabi/lib/thumb/v7e-m+fp/hard/libc_nano.a(libc_a-writer.o)
                0x0800d554                _write_r
 .text._close_r
                0x0800d578       0x20 /Applications/STM32CubeIDE.app/Contents/Eclipse/plugins/com.st.stm32cube.ide.mcu.externaltools.gnu-tools-for-stm32.13.3.rel1.macos64_1.0.0.202411102158/tools/bin/../lib/gcc/arm-none-eabi/13.3.1/../../../../arm-none-eabi/lib/thumb/v7e-m+fp/hard/libc_nano.a(libc_a-closer.o)
                0x0800d578                _close_r
 .text.__sfputc_r
                0x0800d598       0x2e /Applications/STM32CubeIDE.app/Contents/Eclipse/plugins/com.st.stm32cube.ide.mcu.externaltools.gnu-tools-for-stm32.13.3.rel1.macos64_1.0.0.202411102158/tools/bin/../lib/gcc/arm-none-eabi/13.3.1/../../../../arm-none-eabi/lib/thumb/v7e-m+fp/hard/libc_nano.a(libc_a-nano-vfprintf.o)
 .text.__sfputs_r
                0x0800d5c6       0x24 /Applications/STM32CubeIDE.app/Contents/Eclipse/plugins/com.st.stm32cube.ide.mcu.externaltools.gnu-tools-for-stm32.13.3.rel1.macos64_1.0.0.202411102158/tools/bin/../lib/gcc/arm-none-eabi/13.3.1/../../../../arm-none-eabi/lib/thumb/v7e-m+fp/hard/libc_nano.a(libc_a-nano-vfprintf.o)
                0x0800d5c6                __sfputs_r
 *fill*         0x0800d5ea        0x2 
 .text._vfprintf_r
                0x0800d5ec      0x230 /Applications/STM32CubeIDE.app/Contents/Eclipse/plugins/com.st.stm32cube.ide.mcu.externaltools.gnu-tools-for-stm32.13.3.rel1.macos64_1.0.0.202411102158/tools/bin/../lib/gcc/arm-none-eabi/13.3.1/../../../../arm-none-eabi/lib/thumb/v7e-m+fp/hard/libc_nano.a(libc_a-nano-vfprintf.o)
                0x0800d5ec                _vfiprintf_r
                0x0800d5ec                _vfprintf_r
 .text._printf_common
                0x0800d81c       0xda /Applications/STM32CubeIDE.app/Contents/Eclipse/plugins/com.st.stm32cube.ide.mcu.externaltools.gnu-tools-for-stm32.13.3.rel1.macos64_1.0.0.202411102158/tools/bin/../lib/gcc/arm-none-eabi/13.3.1/../../../../arm-none-eabi/lib/thumb/v7e-m+fp/hard/libc_nano.a(libc_a-nano-vfprintf_i.o)
                0x0800d81c                _printf_common
 *fill*         0x0800d8f6        0x2 
 .text._printf_i
                0x0800d8f8      0x23c /Applications/STM32CubeIDE.app/Contents/Eclipse/plugins/com.st.stm32cube.ide.mcu.externaltools.gnu-tools-for-stm32.13.3.rel1.macos64_1.0.0.202411102158/tools/bin/../lib/gcc/arm-none-eabi/13.3.1/../../../../arm-none-eabi/lib/thumb/v7e-m+fp/hard/libc_nano.a(libc_a-nano-vfprintf_i.o)
                0x0800d8f8                _printf_i
 .text.__swbuf_r
                0x0800db34       0x7c /Applications/STM32CubeIDE.app/Contents/Eclipse/plugins/com.st.stm32cube.ide.mcu.externaltools.gnu-tools-for-stm32.13.3.rel1.macos64_1.0.0.202411102158/tools/bin/../lib/gcc/arm-none-eabi/13.3.1/../../../../arm-none-eabi/lib/thumb/v7e-m+fp/hard/libc_nano.a(libc_a-wbuf.o)
                0x0800db34                __swbuf_r
 .text.__swsetup_r
                0x0800dbb0       0xac /Applications/STM32CubeIDE.app/Contents/Eclipse/plugins/com.st.stm32cube.ide.mcu.externaltools.gnu-tools-for-stm32.13.3.rel1.macos64_1.0.0.202411102158/tools/bin/../lib/gcc/arm-none-eabi/13.3.1/../../../../arm-none-eabi/lib/thumb/v7e-m+fp/hard/libc_nano.a(libc_a-wsetup.o)
                0x0800dbb0                __swsetup_r
 .text.__swhatbuf_r
                0x0800dc5c       0x4c /Applications/STM32CubeIDE.app/Contents/Eclipse/plugins/com.st.stm32cube.ide.mcu.externaltools.gnu-tools-for-stm32.13.3.rel1.macos64_1.0.0.202411102158/tools/bin/../lib/gcc/arm-none-eabi/13.3.1/../../../../arm-none-eabi/lib/thumb/v7e-m+fp/hard/libc_nano.a(libc_a-makebuf.o)
                0x0800dc5c                __swhatbuf_r
 .text.__smakebuf_r
                0x0800dca8       0x78 /Applications/STM32CubeIDE.app/Contents/Eclipse/plugins/com.st.stm32cube.ide.mcu.externaltools.gnu-tools-for-stm32.13.3.rel1.macos64_1.0.0.202411102158/tools/bin/../lib/gcc/arm-none-eabi/13.3.1/../../../../arm-none-eabi/lib/thumb/v7e-m+fp/hard/libc_nano.a(libc_a-makebuf.o)
                0x0800dca8                __smakebuf_r
 .text._isatty_r
                0x0800dd20       0x20 /Applications/STM32CubeIDE.app/Contents/Eclipse/plugins/com.st.stm32cube.ide.mcu.externaltools.gnu-tools-for-stm32.13.3.rel1.macos64_1.0.0.202411102158/tools/bin/../lib/gcc/arm-none-eabi/13.3.1/../../../../arm-none-eabi/lib/thumb/v7e-m+fp/hard/libc_nano.a(libc_a-isattyr.o)
                0x0800dd20                _isatty_r
 .text._fstat_r
                0x0800dd40       0x24 /Applications/STM32CubeIDE.app/Contents/Eclipse/plugins/com.st.stm32cube.ide.mcu.externaltools.gnu-tools-for-stm32.13.3.rel1.macos64_1.0.0.202411102158/tools/bin/../lib/gcc/arm-none-eabi/13.3.1/../../../../arm-none-eabi/lib/thumb/v7e-m+fp/hard/libc_nano.a(libc_a-fstatr.o)
                0x0800dd40                _fstat_r
 *(.glue_7)
 .glue_7        0x0800dd64        0x0 linker stubs
 *(.glue_7t)
 .glue_7t       0x0800dd64        0x0 linker stubs
 *(.eh_frame)
 .eh_frame      0x0800dd64        0x0 /Applications/STM32CubeIDE.app/Contents/Eclipse/plugins/com.st.stm32cube.ide.mcu.externaltools.gnu-tools-for-stm32.13.3.rel1.macos64_1.0.0.202411102158/tools/bin/../lib/gcc/arm-none-eabi/13.3.1/thumb/v7e-m+fp/hard/crtbegin.o
 *(.init)
 .init          0x0800dd64        0x4 /Applications/STM32CubeIDE.app/Contents/Eclipse/plugins/com.st.stm32cube.ide.mcu.externaltools.gnu-tools-for-stm32.13.3.rel1.macos64_1.0.0.202411102158/tools/bin/../lib/gcc/arm-none-eabi/13.3.1/thumb/v7e-m+fp/hard/crti.o
                0x0800dd64                _init
 .init          0x0800dd68        0x8 /Applications/STM32CubeIDE.app/Contents/Eclipse/plugins/com.st.stm32cube.ide.mcu.externaltools.gnu-tools-for-stm32.13.3.rel1.macos64_1.0.0.202411102158/tools/bin/../lib/gcc/arm-none-eabi/13.3.1/thumb/v7e-m+fp/hard/crtn.o
 *(.fini)
 .fini          0x0800dd70        0x4 /Applications/STM32CubeIDE.app/Contents/Eclipse/plugins/com.st.stm32cube.ide.mcu.externaltools.gnu-tools-for-stm32.13.3.rel1.macos64_1.0.0.202411102158/tools/bin/../lib/gcc/arm-none-eabi/13.3.1/thumb/v7e-m+fp/hard/crti.o
                0x0800dd70                _fini
 .fini          0x0800dd74        0x8 /Applications/STM32CubeIDE.app/Contents/Eclipse/plugins/com.st.stm32cube.ide.mcu.externaltools.gnu-tools-for-stm32.13.3.rel1.macos64_1.0.0.202411102158/tools/bin/../lib/gcc/arm-none-eabi/13.3.1/thumb/v7e-m+fp/hard/crtn.o
                0x0800dd7c                        . = ALIGN (0x4)
                0x0800dd7c                        _etext = .

.vfp11_veneer   0x0800dd7c        0x0
 .vfp11_veneer  0x0800dd7c        0x0 linker stubs

.v4_bx          0x0800dd7c        0x0
 .v4_bx         0x0800dd7c        0x0 linker stubs

.iplt           0x0800dd7c        0x0
 .iplt          0x0800dd7c        0x0 /Applications/STM32CubeIDE.app/Contents/Eclipse/plugins/com.st.stm32cube.ide.mcu.externaltools.gnu-tools-for-stm32.13.3.rel1.macos64_1.0.0.202411102158/tools/bin/../lib/gcc/arm-none-eabi/13.3.1/thumb/v7e-m+fp/hard/crtbegin.o

.rodata         0x0800dd80     0x11b0
                0x0800dd80                        . = ALIGN (0x4)
 *(.rodata)
 .rodata        0x0800dd80       0x44 ./Core/Src/NucleoImp/Display/ili9341.o
 .rodata        0x0800ddc4       0x24 ./Core/Src/cpp_main.o
 .rodata        0x0800dde8       0x28 ./Core/Src/main.o
 *(.rodata*)
 .rodata._ZTVN7ELE331214ILI9341DisplayE
                0x0800de10       0x5c ./Core/Src/NucleoImp/Display/ILI9341Display.o
                0x0800de10                vtable for ELE3312::ILI9341Display
 .rodata._ZTVN7ELE33127DisplayE
                0x0800de6c       0x5c ./Core/Src/NucleoImp/Display/ILI9341Display.o
                0x0800de6c                vtable for ELE3312::Display
 .rodata.ili9341_font_11x18
                0x0800dec8      0xd5e ./Core/Src/NucleoImp/Display/ili9341_font.o
                0x0800dec8                ili9341_font_11x18
 .rodata.ILI9341_BLACK
                0x0800ec26        0x2 ./Core/Src/NucleoImp/Display/ili9341_gfx.o
                0x0800ec26                ILI9341_BLACK
 .rodata.ILI9341_NAVY
                0x0800ec28        0x2 ./Core/Src/NucleoImp/Display/ili9341_gfx.o
                0x0800ec28                ILI9341_NAVY
 .rodata.ILI9341_DARKGREEN
                0x0800ec2a        0x2 ./Core/Src/NucleoImp/Display/ili9341_gfx.o
                0x0800ec2a                ILI9341_DARKGREEN
 .rodata.ILI9341_DARKCYAN
                0x0800ec2c        0x2 ./Core/Src/NucleoImp/Display/ili9341_gfx.o
                0x0800ec2c                ILI9341_DARKCYAN
 .rodata.ILI9341_MAROON
                0x0800ec2e        0x2 ./Core/Src/NucleoImp/Display/ili9341_gfx.o
                0x0800ec2e                ILI9341_MAROON
 .rodata.ILI9341_PURPLE
                0x0800ec30        0x2 ./Core/Src/NucleoImp/Display/ili9341_gfx.o
                0x0800ec30                ILI9341_PURPLE
 .rodata.ILI9341_OLIVE
                0x0800ec32        0x2 ./Core/Src/NucleoImp/Display/ili9341_gfx.o
                0x0800ec32                ILI9341_OLIVE
 .rodata.ILI9341_LIGHTGREY
                0x0800ec34        0x2 ./Core/Src/NucleoImp/Display/ili9341_gfx.o
                0x0800ec34                ILI9341_LIGHTGREY
 .rodata.ILI9341_DARKGREY
                0x0800ec36        0x2 ./Core/Src/NucleoImp/Display/ili9341_gfx.o
                0x0800ec36                ILI9341_DARKGREY
 .rodata.ILI9341_BLUE
                0x0800ec38        0x2 ./Core/Src/NucleoImp/Display/ili9341_gfx.o
                0x0800ec38                ILI9341_BLUE
 .rodata.ILI9341_GREEN
                0x0800ec3a        0x2 ./Core/Src/NucleoImp/Display/ili9341_gfx.o
                0x0800ec3a                ILI9341_GREEN
 .rodata.ILI9341_CYAN
                0x0800ec3c        0x2 ./Core/Src/NucleoImp/Display/ili9341_gfx.o
                0x0800ec3c                ILI9341_CYAN
 .rodata.ILI9341_RED
                0x0800ec3e        0x2 ./Core/Src/NucleoImp/Display/ili9341_gfx.o
                0x0800ec3e                ILI9341_RED
 .rodata.ILI9341_MAGENTA
                0x0800ec40        0x2 ./Core/Src/NucleoImp/Display/ili9341_gfx.o
                0x0800ec40                ILI9341_MAGENTA
 .rodata.ILI9341_YELLOW
                0x0800ec42        0x2 ./Core/Src/NucleoImp/Display/ili9341_gfx.o
                0x0800ec42                ILI9341_YELLOW
 .rodata.ILI9341_WHITE
                0x0800ec44        0x2 ./Core/Src/NucleoImp/Display/ili9341_gfx.o
                0x0800ec44                ILI9341_WHITE
 .rodata.ILI9341_ORANGE
                0x0800ec46        0x2 ./Core/Src/NucleoImp/Display/ili9341_gfx.o
                0x0800ec46                ILI9341_ORANGE
 .rodata.ILI9341_GREENYELLOW
                0x0800ec48        0x2 ./Core/Src/NucleoImp/Display/ili9341_gfx.o
                0x0800ec48                ILI9341_GREENYELLOW
 .rodata.ILI9341_PINK
                0x0800ec4a        0x2 ./Core/Src/NucleoImp/Display/ili9341_gfx.o
                0x0800ec4a                ILI9341_PINK
 .rodata.AHBPrescTable
                0x0800ec4c       0x10 ./Core/Src/system_stm32f4xx.o
                0x0800ec4c                AHBPrescTable
 .rodata.APBPrescTable
                0x0800ec5c        0x8 ./Core/Src/system_stm32f4xx.o
                0x0800ec5c                APBPrescTable
 .rodata.flagBitshiftOffset.0
                0x0800ec64        0x8 ./Drivers/STM32F4xx_HAL_Driver/Src/stm32f4xx_hal_dma.o
 .rodata.Zero   0x0800ec6c        0x8 /Applications/STM32CubeIDE.app/Contents/Eclipse/plugins/com.st.stm32cube.ide.mcu.externaltools.gnu-tools-for-stm32.13.3.rel1.macos64_1.0.0.202411102158/tools/bin/../lib/gcc/arm-none-eabi/13.3.1/../../../../arm-none-eabi/lib/thumb/v7e-m+fp/hard/libm.a(libm_a-ef_fmod.o)
 .rodata.npio2_hw
                0x0800ec74       0x80 /Applications/STM32CubeIDE.app/Contents/Eclipse/plugins/com.st.stm32cube.ide.mcu.externaltools.gnu-tools-for-stm32.13.3.rel1.macos64_1.0.0.202411102158/tools/bin/../lib/gcc/arm-none-eabi/13.3.1/../../../../arm-none-eabi/lib/thumb/v7e-m+fp/hard/libm.a(libm_a-e_rem_pio2.o)
 .rodata.two_over_pi
                0x0800ecf4      0x108 /Applications/STM32CubeIDE.app/Contents/Eclipse/plugins/com.st.stm32cube.ide.mcu.externaltools.gnu-tools-for-stm32.13.3.rel1.macos64_1.0.0.202411102158/tools/bin/../lib/gcc/arm-none-eabi/13.3.1/../../../../arm-none-eabi/lib/thumb/v7e-m+fp/hard/libm.a(libm_a-e_rem_pio2.o)
 *fill*         0x0800edfc        0x4 
 .rodata.PIo2   0x0800ee00       0x40 /Applications/STM32CubeIDE.app/Contents/Eclipse/plugins/com.st.stm32cube.ide.mcu.externaltools.gnu-tools-for-stm32.13.3.rel1.macos64_1.0.0.202411102158/tools/bin/../lib/gcc/arm-none-eabi/13.3.1/../../../../arm-none-eabi/lib/thumb/v7e-m+fp/hard/libm.a(libm_a-k_rem_pio2.o)
 .rodata.init_jk
                0x0800ee40       0x10 /Applications/STM32CubeIDE.app/Contents/Eclipse/plugins/com.st.stm32cube.ide.mcu.externaltools.gnu-tools-for-stm32.13.3.rel1.macos64_1.0.0.202411102158/tools/bin/../lib/gcc/arm-none-eabi/13.3.1/../../../../arm-none-eabi/lib/thumb/v7e-m+fp/hard/libm.a(libm_a-k_rem_pio2.o)
 .rodata.srand.str1.1
                0x0800ee50       0xde /Applications/STM32CubeIDE.app/Contents/Eclipse/plugins/com.st.stm32cube.ide.mcu.externaltools.gnu-tools-for-stm32.13.3.rel1.macos64_1.0.0.202411102158/tools/bin/../lib/gcc/arm-none-eabi/13.3.1/../../../../arm-none-eabi/lib/thumb/v7e-m+fp/hard/libc_nano.a(libc_a-rand.o)
                                 0x6f (size before relaxing)
 .rodata.__assert_func.str1.1
                0x0800ef2e       0x3d /Applications/STM32CubeIDE.app/Contents/Eclipse/plugins/com.st.stm32cube.ide.mcu.externaltools.gnu-tools-for-stm32.13.3.rel1.macos64_1.0.0.202411102158/tools/bin/../lib/gcc/arm-none-eabi/13.3.1/../../../../arm-none-eabi/lib/thumb/v7e-m+fp/hard/libc_nano.a(libc_a-assert.o)
 .rodata._vfprintf_r.str1.1