Archive member included to satisfy reference by file (symbol)

/opt/st/stm32cubeide_1.19.0/plugins/com.st.stm32cube.ide.mcu.externaltools.gnu-tools-for-stm32.13.3.rel1.linux64_1.0.0.202410170706/tools/bin/../lib/gcc/arm-none-eabi/13.3.1/../../../../arm-none-eabi/lib/thumb/v7e-m+fp/hard/libstdc++_nano.a(del_ops.o)
                              ./Core/Src/cpp_main.o (operator delete(void*, unsigned int))
/opt/st/stm32cubeide_1.19.0/plugins/com.st.stm32cube.ide.mcu.externaltools.gnu-tools-for-stm32.13.3.rel1.linux64_1.0.0.202410170706/tools/bin/../lib/gcc/arm-none-eabi/13.3.1/../../../../arm-none-eabi/lib/thumb/v7e-m+fp/hard/libstdc++_nano.a(new_op.o)
                              ./Core/Src/NucleoImp/Display/ILI9341Display.o (operator new(unsigned int))
/opt/st/stm32cubeide_1.19.0/plugins/com.st.stm32cube.ide.mcu.externaltools.gnu-tools-for-stm32.13.3.rel1.linux64_1.0.0.202410170706/tools/bin/../lib/gcc/arm-none-eabi/13.3.1/../../../../arm-none-eabi/lib/thumb/v7e-m+fp/hard/libstdc++_nano.a(string-inst.o)
                              ./Core/Src/NucleoImp/Display/ILI9341Display.o (std::__cxx11::basic_string<char, std::char_traits<char>, std::allocator<char> >::c_str() const)
/opt/st/stm32cubeide_1.19.0/plugins/com.st.stm32cube.ide.mcu.externaltools.gnu-tools-for-stm32.13.3.rel1.linux64_1.0.0.202410170706/tools/bin/../lib/gcc/arm-none-eabi/13.3.1/../../../../arm-none-eabi/lib/thumb/v7e-m+fp/hard/libstdc++_nano.a(del_op.o)
                              /opt/st/stm32cubeide_1.19.0/plugins/com.st.stm32cube.ide.mcu.externaltools.gnu-tools-for-stm32.13.3.rel1.linux64_1.0.0.202410170706/tools/bin/../lib/gcc/arm-none-eabi/13.3.1/../../../../arm-none-eabi/lib/thumb/v7e-m+fp/hard/libstdc++_nano.a(del_ops.o) (operator delete(void*))
/opt/st/stm32cubeide_1.19.0/plugins/com.st.stm32cube.ide.mcu.externaltools.gnu-tools-for-stm32.13.3.rel1.linux64_1.0.0.202410170706/tools/bin/../lib/gcc/arm-none-eabi/13.3.1/../../../../arm-none-eabi/lib/thumb/v7e-m+fp/hard/libstdc++_nano.a(new_handler.o)
                              /opt/st/stm32cubeide_1.19.0/plugins/com.st.stm32cube.ide.mcu.externaltools.gnu-tools-for-stm32.13.3.rel1.linux64_1.0.0.202410170706/tools/bin/../lib/gcc/arm-none-eabi/13.3.1/../../../../arm-none-eabi/lib/thumb/v7e-m+fp/hard/libstdc++_nano.a(new_op.o) (std::get_new_handler())
/opt/st/stm32cubeide_1.19.0/plugins/com.st.stm32cube.ide.mcu.externaltools.gnu-tools-for-stm32.13.3.rel1.linux64_1.0.0.202410170706/tools/bin/../lib/gcc/arm-none-eabi/13.3.1/../../../../arm-none-eabi/lib/thumb/v7e-m+fp/hard/libstdc++_nano.a(functexcept.o)
                              /opt/st/stm32cubeide_1.19.0/plugins/com.st.stm32cube.ide.mcu.externaltools.gnu-tools-for-stm32.13.3.rel1.linux64_1.0.0.202410170706/tools/bin/../lib/gcc/arm-none-eabi/13.3.1/../../../../arm-none-eabi/lib/thumb/v7e-m+fp/hard/libstdc++_nano.a(string-inst.o) (std::__throw_bad_alloc())
/opt/st/stm32cubeide_1.19.0/plugins/com.st.stm32cube.ide.mcu.externaltools.gnu-tools-for-stm32.13.3.rel1.linux64_1.0.0.202410170706/tools/bin/../lib/gcc/arm-none-eabi/13.3.1/../../../../arm-none-eabi/lib/thumb/v7e-m+fp/hard/libm.a(libm_a-s_cos.o)
                              ./Core/Src/NucleoImp/Display/ILI9341Display.o (cos)
/opt/st/stm32cubeide_1.19.0/plugins/com.st.stm32cube.ide.mcu.externaltools.gnu-tools-for-stm32.13.3.rel1.linux64_1.0.0.202410170706/tools/bin/../lib/gcc/arm-none-eabi/13.3.1/../../../../arm-none-eabi/lib/thumb/v7e-m+fp/hard/libm.a(libm_a-s_sin.o)
                              ./Core/Src/NucleoImp/Display/ILI9341Display.o (sin)
/opt/st/stm32cubeide_1.19.0/plugins/com.st.stm32cube.ide.mcu.externaltools.gnu-tools-for-stm32.13.3.rel1.linux64_1.0.0.202410170706/tools/bin/../lib/gcc/arm-none-eabi/13.3.1/../../../../arm-none-eabi/lib/thumb/v7e-m+fp/hard/libm.a(libm_a-wf_fmod.o)
                              ./Core/Src/NucleoImp/Display/ILI9341Display.o (fmodf)
/opt/st/stm32cubeide_1.19.0/plugins/com.st.stm32cube.ide.mcu.externaltools.gnu-tools-for-stm32.13.3.rel1.linux64_1.0.0.202410170706/tools/bin/../lib/gcc/arm-none-eabi/13.3.1/../../../../arm-none-eabi/lib/thumb/v7e-m+fp/hard/libm.a(libm_a-k_cos.o)
                              /opt/st/stm32cubeide_1.19.0/plugins/com.st.stm32cube.ide.mcu.externaltools.gnu-tools-for-stm32.13.3.rel1.linux64_1.0.0.202410170706/tools/bin/../lib/gcc/arm-none-eabi/13.3.1/../../../../arm-none-eabi/lib/thumb/v7e-m+fp/hard/libm.a(libm_a-s_cos.o) (__kernel_cos)
/opt/st/stm32cubeide_1.19.0/plugins/com.st.stm32cube.ide.mcu.externaltools.gnu-tools-for-stm32.13.3.rel1.linux64_1.0.0.202410170706/tools/bin/../lib/gcc/arm-none-eabi/13.3.1/../../../../arm-none-eabi/lib/thumb/v7e-m+fp/hard/libm.a(libm_a-k_sin.o)
                              /opt/st/stm32cubeide_1.19.0/plugins/com.st.stm32cube.ide.mcu.externaltools.gnu-tools-for-stm32.13.3.rel1.linux64_1.0.0.202410170706/tools/bin/../lib/gcc/arm-none-eabi/13.3.1/../../../../arm-none-eabi/lib/thumb/v7e-m+fp/hard/libm.a(libm_a-s_cos.o) (__kernel_sin)
[...]
Memory Configuration

Name             Origin             Length             Attributes
RAM              0x20000000         0x00020000         xrw
FLASH            0x08000000         0x00080000         xr
*default*        0x00000000         0xffffffff

Linker script and memory map

LOAD /opt/st/stm32cubeide_1.19.0/plugins/com.st.stm32cube.ide.mcu.externaltools.gnu-tools-for-stm32.13.3.rel1.linux64_1.0.0.202410170706/tools/bin/../lib/gcc/arm-none-eabi/13.3.1/thumb/v7e-m+fp/hard/crti.o
LOAD /opt/st/stm32cubeide_1.19.0/plugins/com.st.stm32cube.ide.mcu.externaltools.gnu-tools-for-stm32.13.3.rel1.linux64_1.0.0.202410170706/tools/bin/../lib/gcc/arm-none-eabi/13.3.1/thumb/v7e-m+fp/hard/crtbegin.o
LOAD /opt/st/stm32cubeide_1.19.0/plugins/com.st.stm32cube.ide.mcu.externaltools.gnu-tools-for-stm32.13.3.rel1.linux64_1.0.0.202410170706/tools/bin/../lib/gcc/arm-none-eabi/13.3.1/../../../../arm-none-eabi/lib/thumb/v7e-m+fp/hard/crt0.o
LOAD ./Core/Src/Collision.o
LOAD ./Core/Src/cpp_main.o
LOAD ./Core/Src/main.o
LOAD ./Core/Src/stm32f4xx_hal_msp.o
LOAD ./Core/Src/stm32f4xx_it.o
LOAD ./Core/Src/syscalls.o
LOAD ./Core/Src/sysmem.o
LOAD ./Core/Src/system_stm32f4xx.o
LOAD ./Core/Src/Game/Game.o
LOAD ./Core/Src/Game/Graphics/Graphics/GraphObjects/Fruit.o
LOAD ./Core/Src/Game/Graphics/Graphics/GraphObjects/Snake.o
LOAD ./Core/Src/Game/Graphics/Graphics/GraphObjects.o
LOAD ./Core/Src/Interfaces/Display/Sprite.o
LOAD ./Core/Src/NucleoImp/Display/ILI9341Display.o
LOAD ./Core/Src/NucleoImp/Display/ili9341.o
LOAD ./Core/Src/NucleoImp/Display/ili9341_font.o
LOAD ./Core/Src/NucleoImp/Display/ili9341_gfx.o
LOAD ./Core/Src/NucleoImp/Keypad/KeyPad.o
LOAD ./Core/Src/NucleoImp/MotionInput/MPU6050MotionInput.o
LOAD ./Core/Src/NucleoImp/MotionInput/mpu6050.o
LOAD ./Core/Startup/startup_stm32f446retx.o
LOAD ./Drivers/STM32F4xx_HAL_Driver/Src/stm32f4xx_hal.o
LOAD ./Drivers/STM32F4xx_HAL_Driver/Src/stm32f4xx_hal_adc.o
LOAD ./Drivers/STM32F4xx_HAL_Driver/Src/stm32f4xx_hal_adc_ex.o
LOAD ./Drivers/STM32F4xx_HAL_Driver/Src/stm32f4xx_hal_cortex.o
LOAD ./Drivers/STM32F4xx_HAL_Driver/Src/stm32f4xx_hal_dac.o
LOAD ./Drivers/STM32F4xx_HAL_Driver/Src/stm32f4xx_hal_dac_ex.o
LOAD ./Drivers/STM32F4xx_HAL_Driver/Src/stm32f4xx_hal_dma.o
LOAD ./Drivers/STM32F4xx_HAL_Driver/Src/stm32f4xx_hal_dma_ex.o
LOAD ./Drivers/STM32F4xx_HAL_Driver/Src/stm32f4xx_hal_exti.o
LOAD ./Drivers/STM32F4xx_HAL_Driver/Src/stm32f4xx_hal_flash.o
LOAD ./Drivers/STM32F4xx_HAL_Driver/Src/stm32f4xx_hal_flash_ex.o
LOAD ./Drivers/STM32F4xx_HAL_Driver/Src/stm32f4xx_hal_flash_ramfunc.o
LOAD ./Drivers/STM32F4xx_HAL_Driver/Src/stm32f4xx_hal_gpio.o
LOAD ./Drivers/STM32F4xx_HAL_Driver/Src/stm32f4xx_hal_i2c.o
LOAD ./Drivers/STM32F4xx_HAL_Driver/Src/stm32f4xx_hal_i2c_ex.o
LOAD ./Drivers/STM32F4xx_HAL_Driver/Src/stm32f4xx_hal_pwr.o
LOAD ./Drivers/STM32F4xx_HAL_Driver/Src/stm32f4xx_hal_pwr_ex.o
LOAD ./Drivers/STM32F4xx_HAL_Driver/Src/stm32f4xx_hal_rcc.o
LOAD ./Drivers/STM32F4xx_HAL_Driver/Src/stm32f4xx_hal_rcc_ex.o
LOAD ./Drivers/STM32F4xx_HAL_Driver/Src/stm32f4xx_hal_spi.o
LOAD ./Drivers/STM32F4xx_HAL_Driver/Src/stm32f4xx_hal_tim.o
LOAD ./Drivers/STM32F4xx_HAL_Driver/Src/stm32f4xx_hal_tim_ex.o
LOAD ./Drivers/STM32F4xx_HAL_Driver/Src/stm32f4xx_hal_uart.o
LOAD ./Drivers/STM32F4xx_HAL_Driver/Src/stm32f4xx_ll_adc.o
START GROUP
LOAD /opt/st/stm32cubeide_1.19.0/plugins/com.st.stm32cube.ide.mcu.externaltools.gnu-tools-for-stm32.13.3.rel1.linux64_1.0.0.202410170706/tools/bin/../lib/gcc/arm-none-eabi/13.3.1/../../../../arm-none-eabi/lib/thumb/v7e-m+fp/hard/libstdc++_nano.a
LOAD /opt/st/stm32cubeide_1.19.0/plugins/com.st.stm32cube.ide.mcu.externaltools.gnu-tools-for-stm32.13.3.rel1.linux64_1.0.0.202410170706/tools/bin/../lib/gcc/arm-none-eabi/13.3.1/../../../../arm-none-eabi/lib/thumb/v7e-m+fp/hard/libsupc++_nano.a
END GROUP
LOAD /opt/st/stm32cubeide_1.19.0/plugins/com.st.stm32cube.ide.mcu.externaltools.gnu-tools-for-stm32.13.3.rel1.linux64_1.0.0.202410170706/tools/bin/../lib/gcc/arm-none-eabi/13.3.1/../../../../arm-none-eabi/lib/thumb/v7e-m+fp/hard/libstdc++_nano.a
LOAD /opt/st/stm32cubeide_1.19.0/plugins/com.st.stm32cube.ide.mcu.externaltools.gnu-tools-for-stm32.13.3.rel1.linux64_1.0.0.202410170706/tools/bin/../lib/gcc/arm-none-eabi/13.3.1/../../../../arm-none-eabi/lib/thumb/v7e-m+fp/hard/libm.a
LOAD /opt/st/stm32cubeide_1.19.0/plugins/com.st.stm32cube.ide.mcu.externaltools.gnu-tools-for-stm32.13.3.rel1.linux64_1.0.0.202410170706/tools/bin/../lib/gcc/arm-none-eabi/13.3.1/../../../../arm-none-eabi/lib/thumb/v7e-m+fp/hard/libc_nano.a
START GROUP
LOAD /opt/st/stm32cubeide_1.19.0/plugins/com.st.stm32cube.ide.mcu.externaltools.gnu-tools-for-stm32.13.3.rel1.linux64_1.0.0.202410170706/tools/bin/../lib/gcc/arm-none-eabi/13.3.1/thumb/v7e-m+fp/hard/libgcc.a
LOAD /opt/st/stm32cubeide_1.19.0/plugins/com.st.stm32cube.ide.mcu.externaltools.gnu-tools-for-stm32.13.3.rel1.linux64_1.0.0.202410170706/tools/bin/../lib/gcc/arm-none-eabi/13.3.1/../../../../arm-none-eabi/lib/thumb/v7e-m+fp/hard/libc_nano.a
END GROUP
START GROUP
LOAD /opt/st/stm32cubeide_1.19.0/plugins/com.st.stm32cube.ide.mcu.externaltools.gnu-tools-for-stm32.13.3.rel1.linux64_1.0.0.202410170706/tools/bin/../lib/gcc/arm-none-eabi/13.3.1/thumb/v7e-m+fp/hard/libgcc.a
LOAD /opt/st/stm32cubeide_1.19.0/plugins/com.st.stm32cube.ide.mcu.externaltools.gnu-tools-for-stm32.13.3.rel1.linux64_1.0.0.202410170706/tools/bin/../lib/gcc/arm-none-eabi/13.3.1/../../../../arm-none-eabi/lib/thumb/v7e-m+fp/hard/libc_nano.a
LOAD /opt/st/stm32cubeide_1.19.0/plugins/com.st.stm32cube.ide.mcu.externaltools.gnu-tools-for-stm32.13.3.rel1.linux64_1.0.0.202410170706/tools/bin/../lib/gcc/arm-none-eabi/13.3.1/../../../../arm-none-eabi/lib/thumb/v7e-m+fp/hard/libnosys.a
END GROUP
START GROUP
LOAD /opt/st/stm32cubeide_1.19.0/plugins/com.st.stm32cube.ide.mcu.externaltools.gnu-tools-for-stm32.13.3.rel1.linux64_1.0.0.202410170706/tools/bin/../lib/gcc/arm-none-eabi/13.3.1/thumb/v7e-m+fp/hard/libgcc.a
LOAD /opt/st/stm32cubeide_1.19.0/plugins/com.st.stm32cube.ide.mcu.externaltools.gnu-tools-for-stm32.13.3.rel1.linux64_1.0.0.202410170706/tools/bin/../lib/gcc/arm-none-eabi/13.3.1/../../../../arm-none-eabi/lib/thumb/v7e-m+fp/hard/libc_nano.a
LOAD /opt/st/stm32cubeide_1.19.0/plugins/com.st.stm32cube.ide.mcu.externaltools.gnu-tools-for-stm32.13.3.rel1.linux64_1.0.0.202410170706/tools/bin/../lib/gcc/arm-none-eabi/13.3.1/../../../../arm-none-eabi/lib/thumb/v7e-m+fp/hard/libnosys.a
END GROUP
LOAD /opt/st/stm32cubeide_1.19.0/plugins/com.st.stm32cube.ide.mcu.externaltools.gnu-tools-for-stm32.13.3.rel1.linux64_1.0.0.202410170706/tools/bin/../lib/gcc/arm-none-eabi/13.3.1/thumb/v7e-m+fp/hard/crtend.o
LOAD /opt/st/stm32cubeide_1.19.0/plugins/com.st.stm32cube.ide.mcu.externaltools.gnu-tools-for-stm32.13.3.rel1.linux64_1.0.0.202410170706/tools/bin/../lib/gcc/arm-none-eabi/13.3.1/thumb/v7e-m+fp/hard/crtn.o
                0x20020000                        _estack = (ORIGIN (RAM) + LENGTH (RAM))
                0x00000200                        _Min_Heap_Size = 0x200
                0x00000400                        _Min_Stack_Size = 0x400

.isr_vector     0x08000000      0x1c4
                0x08000000                        . = ALIGN (0x4)
 *(.isr_vector)
 .isr_vector    0x08000000      0x1c4 ./Core/Startup/startup_stm32f446retx.o
                0x08000000                g_pfnVectors
                0x080001c4                        . = ALIGN (0x4)

.text           0x080001d0     0xfc84
                0x080001d0                        . = ALIGN (0x4)
 *(.text)
 .text          0x080001d0       0x40 /opt/st/stm32cubeide_1.19.0/plugins/com.st.stm32cube.ide.mcu.externaltools.gnu-tools-for-stm32.13.3.rel1.linux64_1.0.0.202410170706/tools/bin/../lib/gcc/arm-none-eabi/13.3.1/thumb/v7e-m+fp/hard/crtbegin.o
 .text          0x08000210       0x94 ./Core/Src/Collision.o
                0x08000210                FruitCollision_asm
                0x0800024a                SnakeCollision_asm
 *fill*         0x080002a4        0xc 
 .text          0x080002b0       0xa0 /opt/st/stm32cubeide_1.19.0/plugins/com.st.stm32cube.ide.mcu.externaltools.gnu-tools-for-stm32.13.3.rel1.linux64_1.0.0.202410170706/tools/bin/../lib/gcc/arm-none-eabi/13.3.1/../../../../arm-none-eabi/lib/thumb/v7e-m+fp/hard/libc_nano.a(libc_a-memchr.o)
                0x080002b0                memchr
 .text          0x08000350      0x378 /opt/st/stm32cubeide_1.19.0/plugins/com.st.stm32cube.ide.mcu.externaltools.gnu-tools-for-stm32.13.3.rel1.linux64_1.0.0.202410170706/tools/bin/../lib/gcc/arm-none-eabi/13.3.1/thumb/v7e-m+fp/hard/libgcc.a(_arm_addsubdf3.o)
                0x08000350                __aeabi_drsub
                0x08000358                __aeabi_dsub
                0x08000358                __subdf3
                0x0800035c                __adddf3
                0x0800035c                __aeabi_dadd
                0x080005d4                __aeabi_ui2d
                0x080005d4                __floatunsidf
                0x080005f4                __floatsidf
                0x080005f4                __aeabi_i2d
                0x08000618                __extendsfdf2
                0x08000618                __aeabi_f2d
                0x0800065c                __aeabi_ul2d
                0x0800065c                __floatundidf
                0x0800066c                __floatdidf
                0x0800066c                __aeabi_l2d
 .text          0x080006c8      0x424 /opt/st/stm32cubeide_1.19.0/plugins/com.st.stm32cube.ide.mcu.externaltools.gnu-tools-for-stm32.13.3.rel1.linux64_1.0.0.202410170706/tools/bin/../lib/gcc/arm-none-eabi/13.3.1/thumb/v7e-m+fp/hard/libgcc.a(_arm_muldivdf3.o)
                0x080006c8                __aeabi_dmul
                0x080006c8                __muldf3
                0x0800091c                __aeabi_ddiv
                0x0800091c                __divdf3
 .text          0x08000aec      0x110 /opt/st/stm32cubeide_1.19.0/plugins/com.st.stm32cube.ide.mcu.externaltools.gnu-tools-for-stm32.13.3.rel1.linux64_1.0.0.202410170706/tools/bin/../lib/gcc/arm-none-eabi/13.3.1/thumb/v7e-m+fp/hard/libgcc.a(_arm_cmpdf2.o)
                0x08000aec                __gtdf2
                0x08000aec                __gedf2
                0x08000af4                __ltdf2
                0x08000af4                __ledf2
                0x08000afc                __cmpdf2
                0x08000afc                __eqdf2
                0x08000afc                __nedf2
                0x08000b78                __aeabi_cdrcmple
                0x08000b88                __aeabi_cdcmple
                0x08000b88                __aeabi_cdcmpeq
                0x08000b98                __aeabi_dcmpeq
                0x08000bac                __aeabi_dcmplt
                0x08000bc0                __aeabi_dcmple
                0x08000bd4                __aeabi_dcmpge
                0x08000be8                __aeabi_dcmpgt
 .text          0x08000bfc       0x50 /opt/st/stm32cubeide_1.19.0/plugins/com.st.stm32cube.ide.mcu.externaltools.gnu-tools-for-stm32.13.3.rel1.linux64_1.0.0.202410170706/tools/bin/../lib/gcc/arm-none-eabi/13.3.1/thumb/v7e-m+fp/hard/libgcc.a(_arm_fixdfsi.o)
                0x08000bfc                __fixdfsi
                0x08000bfc                __aeabi_d2iz
 .text          0x08000c4c       0xa0 /opt/st/stm32cubeide_1.19.0/plugins/com.st.stm32cube.ide.mcu.externaltools.gnu-tools-for-stm32.13.3.rel1.linux64_1.0.0.202410170706/tools/bin/../lib/gcc/arm-none-eabi/13.3.1/thumb/v7e-m+fp/hard/libgcc.a(_arm_truncdfsf2.o)
                0x08000c4c                __aeabi_d2f
                0x08000c4c                __truncdfsf2
 .text          0x08000cec       0x30 /opt/st/stm32cubeide_1.19.0/plugins/com.st.stm32cube.ide.mcu.externaltools.gnu-tools-for-stm32.13.3.rel1.linux64_1.0.0.202410170706/tools/bin/../lib/gcc/arm-none-eabi/13.3.1/thumb/v7e-m+fp/hard/libgcc.a(_aeabi_uldivmod.o)
                0x08000cec                __aeabi_uldivmod
 .text          0x08000d1c      0x2f8 /opt/st/stm32cubeide_1.19.0/plugins/com.st.stm32cube.ide.mcu.externaltools.gnu-tools-for-stm32.13.3.rel1.linux64_1.0.0.202410170706/tools/bin/../lib/gcc/arm-none-eabi/13.3.1/thumb/v7e-m+fp/hard/libgcc.a(_udivmoddi4.o)
                0x08000d1c                __udivmoddi4
 .text          0x08001014        0x4 /opt/st/stm32cubeide_1.19.0/plugins/com.st.stm32cube.ide.mcu.externaltools.gnu-tools-for-stm32.13.3.rel1.linux64_1.0.0.202410170706/tools/bin/../lib/gcc/arm-none-eabi/13.3.1/thumb/v7e-m+fp/hard/libgcc.a(_dvmd_tls.o)
                0x08001014                __aeabi_ldiv0
                0x08001014                __aeabi_idiv0
 *(.text*)
 .text.cpp_main
                0x08001018      0x398 ./Core/Src/cpp_main.o
                0x08001018                cpp_main
 .text._Z41__static_initialization_and_destruction_0v
                0x080013b0       0x28 ./Core/Src/cpp_main.o
 .text._ZN7ELE331218MPU6050MotionInputD2Ev
                0x080013d8       0x20 ./Core/Src/cpp_main.o
                0x080013d8                ELE3312::MPU6050MotionInput::~MPU6050MotionInput()
                0x080013d8                ELE3312::MPU6050MotionInput::~MPU6050MotionInput()
 .text._ZN7ELE331218MPU6050MotionInputD0Ev
                0x080013f8       0x20 ./Core/Src/cpp_main.o
                0x080013f8                ELE3312::MPU6050MotionInput::~MPU6050MotionInput()
 .text._Z41__static_initialization_and_destruction_1v
                0x08001418       0x1c ./Core/Src/cpp_main.o
 .text._GLOBAL__sub_I_display
                0x08001434        0xa ./Core/Src/cpp_main.o
 .text._GLOBAL__sub_D_display
                0x0800143e        0xa ./Core/Src/cpp_main.o
 .text.main     0x08001448       0x64 ./Core/Src/main.o
                0x08001448                main
 .text.SystemClock_Config
                0x080014ac       0xdc ./Core/Src/main.o
                0x080014ac                SystemClock_Config
 .text.MX_ADC1_Init
                0x08001588       0xa4 ./Core/Src/main.o
 .text.MX_DAC_Init
                0x0800162c       0x54 ./Core/Src/main.o
 .text.MX_I2C3_Init
                0x08001680       0x5c ./Core/Src/main.o
 .text.MX_SPI1_Init
                0x080016dc       0x6c ./Core/Src/main.o
 .text.MX_TIM1_Init
                0x08001748      0x170 ./Core/Src/main.o
 .text.MX_TIM2_Init
                0x080018b8      0x134 ./Core/Src/main.o
 .text.MX_TIM4_Init
                0x080019ec       0x98 ./Core/Src/main.o
 .text.MX_TIM6_Init
                0x08001a84       0x6c ./Core/Src/main.o
 .text.MX_UART5_Init
                0x08001af0       0x54 ./Core/Src/main.o
 .text.MX_USART2_UART_Init
                0x08001b44       0x54 ./Core/Src/main.o
 .text.MX_DMA_Init
                0x08001b98       0x9c ./Core/Src/main.o
 .text.MX_GPIO_Init
                0x08001c34      0x15c ./Core/Src/main.o
 .text.Error_Handler
                0x08001d90        0xc ./Core/Src/main.o
                0x08001d90                Error_Handler
 .text.HAL_MspInit
                0x08001d9c       0x50 ./Core/Src/stm32f4xx_hal_msp.o
                0x08001d9c                HAL_MspInit
 .text.HAL_ADC_MspInit
                0x08001dec       0x88 ./Core/Src/stm32f4xx_hal_msp.o
                0x08001dec                HAL_ADC_MspInit
 .text.HAL_DAC_MspInit
                0x08001e74       0xf4 ./Core/Src/stm32f4xx_hal_msp.o
                0x08001e74                HAL_DAC_MspInit
 .text.HAL_I2C_MspInit
                0x08001f68       0xf4 ./Core/Src/stm32f4xx_hal_msp.o
                0x08001f68                HAL_I2C_MspInit
 .text.HAL_SPI_MspInit
                0x0800205c      0x16c ./Core/Src/stm32f4xx_hal_msp.o
                0x0800205c                HAL_SPI_MspInit
 .text.HAL_TIM_Base_MspInit
                0x080021c8      0x120 ./Core/Src/stm32f4xx_hal_msp.o
                0x080021c8                HAL_TIM_Base_MspInit
 .text.HAL_TIM_MspPostInit
                0x080022e8       0xbc ./Core/Src/stm32f4xx_hal_msp.o
                0x080022e8                HAL_TIM_MspPostInit
 .text.HAL_UART_MspInit
                0x080023a4      0x228 ./Core/Src/stm32f4xx_hal_msp.o
                0x080023a4                HAL_UART_MspInit
 .text.NMI_Handler
                0x080025cc        0x8 ./Core/Src/stm32f4xx_it.o
                0x080025cc                NMI_Handler
 .text.HardFault_Handler
                0x080025d4        0x8 ./Core/Src/stm32f4xx_it.o
                0x080025d4                HardFault_Handler
 .text.MemManage_Handler
                0x080025dc        0x8 ./Core/Src/stm32f4xx_it.o
                0x080025dc                MemManage_Handler
 .text.BusFault_Handler
                0x080025e4        0x8 ./Core/Src/stm32f4xx_it.o
                0x080025e4                BusFault_Handler
 .text.UsageFault_Handler
                0x080025ec        0x8 ./Core/Src/stm32f4xx_it.o
                0x080025ec                UsageFault_Handler
 .text.SVC_Handler
                0x080025f4        0xe ./Core/Src/stm32f4xx_it.o
                0x080025f4                SVC_Handler
 .text.DebugMon_Handler
                0x08002602        0xe ./Core/Src/stm32f4xx_it.o
                0x08002602                DebugMon_Handler
 .text.PendSV_Handler
                0x08002610        0xe ./Core/Src/stm32f4xx_it.o
                0x08002610                PendSV_Handler
 .text.SysTick_Handler
                0x0800261e       0x10 ./Core/Src/stm32f4xx_it.o
                0x0800261e                SysTick_Handler
 *fill*         0x0800262e        0x2 
 .text.DMA1_Stream0_IRQHandler
                0x08002630       0x14 ./Core/Src/stm32f4xx_it.o
                0x08002630                DMA1_Stream0_IRQHandler
 .text.DMA1_Stream5_IRQHandler
                0x08002644       0x14 ./Core/Src/stm32f4xx_it.o
                0x08002644                DMA1_Stream5_IRQHandler
 .text.TIM2_IRQHandler
                0x08002658       0x14 ./Core/Src/stm32f4xx_it.o
                0x08002658                TIM2_IRQHandler
 .text.SPI1_IRQHandler
                0x0800266c       0x14 ./Core/Src/stm32f4xx_it.o
                0x0800266c                SPI1_IRQHandler
 .text.USART2_IRQHandler
                0x08002680       0x14 ./Core/Src/stm32f4xx_it.o
                0x08002680                USART2_IRQHandler
 .text.DMA1_Stream7_IRQHandler
                0x08002694       0x14 ./Core/Src/stm32f4xx_it.o
                0x08002694                DMA1_Stream7_IRQHandler
 .text.UART5_IRQHandler
                0x080026a8       0x14 ./Core/Src/stm32f4xx_it.o
                0x080026a8                UART5_IRQHandler
 .text.DMA2_Stream0_IRQHandler
                0x080026bc       0x14 ./Core/Src/stm32f4xx_it.o
                0x080026bc                DMA2_Stream0_IRQHandler
 .text.DMA2_Stream3_IRQHandler
                0x080026d0       0x14 ./Core/Src/stm32f4xx_it.o
                0x080026d0                DMA2_Stream3_IRQHandler
 .text.I2C3_EV_IRQHandler
                0x080026e4       0x14 ./Core/Src/stm32f4xx_it.o
                0x080026e4                I2C3_EV_IRQHandler
 .text.I2C3_ER_IRQHandler
                0x080026f8       0x14 ./Core/Src/stm32f4xx_it.o
                0x080026f8                I2C3_ER_IRQHandler
 .text._getpid  0x0800270c       0x10 ./Core/Src/syscalls.o
                0x0800270c                _getpid
 .text._kill    0x0800271c       0x20 ./Core/Src/syscalls.o
                0x0800271c                _kill
 .text._exit    0x0800273c       0x16 ./Core/Src/syscalls.o
                0x0800273c                _exit
 .text._read    0x08002752       0x3a ./Core/Src/syscalls.o
                0x08002752                _read
 .text._write   0x0800278c       0x38 ./Core/Src/syscalls.o
                0x0800278c                _write
 .text._close   0x080027c4       0x18 ./Core/Src/syscalls.o
                0x080027c4                _close
 .text._fstat   0x080027dc       0x20 ./Core/Src/syscalls.o
                0x080027dc                _fstat
 .text._isatty  0x080027fc       0x16 ./Core/Src/syscalls.o
                0x080027fc                _isatty
 .text._lseek   0x08002812       0x1a ./Core/Src/syscalls.o
                0x08002812                _lseek
 .text._sbrk    0x0800282c       0x6c ./Core/Src/sysmem.o
                0x0800282c                _sbrk
 .text.SystemInit
                0x08002898       0x24 ./Core/Src/system_stm32f4xx.o
                0x08002898                SystemInit
 .text._ZN7ELE33124GameC2Ev
                0x080028bc       0x1c ./Core/Src/Game/Game.o
                0x080028bc                ELE3312::Game::Game()
                0x080028bc                ELE3312::Game::Game()
 .text._ZN7ELE33125FruitC2EPNS_14ILI9341DisplayE
                0x080028d8       0xd4 ./Core/Src/Game/Graphics/Graphics/GraphObjects/Fruit.o
                0x080028d8                ELE3312::Fruit::Fruit(ELE3312::ILI9341Display*)
                0x080028d8                ELE3312::Fruit::Fruit(ELE3312::ILI9341Display*)
 .text._ZN7ELE33125Fruit4drawEv
                0x080029ac       0xb0 ./Core/Src/Game/Graphics/Graphics/GraphObjects/Fruit.o
                0x080029ac                ELE3312::Fruit::draw()
 .text._ZN7ELE33125Fruit8getFruitEv
                0x08002a5c       0x18 ./Core/Src/Game/Graphics/Graphics/GraphObjects/Fruit.o
                0x08002a5c                ELE3312::Fruit::getFruit()
 .text._ZN7ELE33125SnakeC2EPNS_14ILI9341DisplayE
                0x08002a74      0x170 ./Core/Src/Game/Graphics/Graphics/GraphObjects/Snake.o
                0x08002a74                ELE3312::Snake::Snake(ELE3312::ILI9341Display*)
                0x08002a74                ELE3312::Snake::Snake(ELE3312::ILI9341Display*)
 .text._ZN7ELE33125Snake4drawEv
                0x08002be4       0x98 ./Core/Src/Game/Graphics/Graphics/GraphObjects/Snake.o
                0x08002be4                ELE3312::Snake::draw()
 .text._ZN7ELE33125Snake9clearTailEv
                0x08002c7c       0xa4 ./Core/Src/Game/Graphics/Graphics/GraphObjects/Snake.o
                0x08002c7c                ELE3312::Snake::clearTail()
 .text._ZN7ELE33125Snake4moveEi
                0x08002d20      0x10c ./Core/Src/Game/Graphics/Graphics/GraphObjects/Snake.o
                0x08002d20                ELE3312::Snake::move(int)
 .text._ZN7ELE33125Snake4turnENS_9DirectionE
                0x08002e2c       0xb0 ./Core/Src/Game/Graphics/Graphics/GraphObjects/Snake.o
                0x08002e2c                ELE3312::Snake::turn(ELE3312::Direction)
 .text._ZN7ELE33125Snake11relativePosEi
                0x08002edc       0x68 ./Core/Src/Game/Graphics/Graphics/GraphObjects/Snake.o
                0x08002edc                ELE3312::Snake::relativePos(int)
 .text._ZN7ELE33125Snake7getHeadEv
                0x08002f44       0x1a ./Core/Src/Game/Graphics/Graphics/GraphObjects/Snake.o
                0x08002f44                ELE3312::Snake::getHead()
 .text._ZN7ELE33125Snake9getTamponEv
                0x08002f5e       0x18 ./Core/Src/Game/Graphics/Graphics/GraphObjects/Snake.o
                0x08002f5e                ELE3312::Snake::getTampon()
 .text._ZN7ELE33125Snake11getLongueurEv
                0x08002f76       0x4a ./Core/Src/Game/Graphics/Graphics/GraphObjects/Snake.o
                0x08002f76                ELE3312::Snake::getLongueur()
 .text._ZN7ELE33125Snake11newPositionEii
                0x08002fc0      0x116 ./Core/Src/Game/Graphics/Graphics/GraphObjects/Snake.o
                0x08002fc0                ELE3312::Snake::newPosition(int, int)
 *fill*         0x080030d6        0x2 
 .text._ZN7ELE331219colorToILI9341ColorENS_5ColorE
                0x080030d8      0x130 ./Core/Src/NucleoImp/Display/ILI9341Display.o
                0x080030d8                ELE3312::colorToILI9341Color(ELE3312::Color)
 .text._ZN7ELE33127DisplayC2Ev
                0x08003208       0x20 ./Core/Src/NucleoImp/Display/ILI9341Display.o
                0x08003208                ELE3312::Display::Display()
                0x08003208                ELE3312::Display::Display()
 .text._ZN7ELE33127DisplayD2Ev
                0x08003228       0x20 ./Core/Src/NucleoImp/Display/ILI9341Display.o
                0x08003228                ELE3312::Display::~Display()
                0x08003228                ELE3312::Display::~Display()
 .text._ZN7ELE33127DisplayD0Ev
                0x08003248       0x20 ./Core/Src/NucleoImp/Display/ILI9341Display.o
                0x08003248                ELE3312::Display::~Display()
 .text._ZN7ELE331214ILI9341DisplayC2Ev
                0x08003268       0x30 ./Core/Src/NucleoImp/Display/ILI9341Display.o
                0x08003268                ELE3312::ILI9341Display::ILI9341Display()
                0x08003268                ELE3312::ILI9341Display::ILI9341Display()
 .text._ZN7ELE331214ILI9341DisplayD2Ev
                0x08003298       0x3c ./Core/Src/NucleoImp/Display/ILI9341Display.o
                0x08003298                ELE3312::ILI9341Display::~ILI9341Display()
                0x08003298                ELE3312::ILI9341Display::~ILI9341Display()
 .text._ZN7ELE331214ILI9341DisplayD0Ev
                0x080032d4       0x20 ./Core/Src/NucleoImp/Display/ILI9341Display.o
                0x080032d4                ELE3312::ILI9341Display::~ILI9341Display()
 .text._ZN7ELE331214ILI9341Display5setupEP19__SPI_HandleTypeDef
                0x080032f4       0x58 ./Core/Src/NucleoImp/Display/ILI9341Display.o
                0x080032f4                ELE3312::ILI9341Display::setup(__SPI_HandleTypeDef*)
 .text._ZN7ELE331214ILI9341Display11clearScreenEv
                0x0800334c       0x24 ./Core/Src/NucleoImp/Display/ILI9341Display.o
                0x0800334c                ELE3312::ILI9341Display::clearScreen()
 .text._ZN7ELE331214ILI9341Display10fillScreenENS_5ColorE
                0x08003370       0x26 ./Core/Src/NucleoImp/Display/ILI9341Display.o
                0x08003370                ELE3312::ILI9341Display::fillScreen(ELE3312::Color)
 .text._ZN7ELE331214ILI9341Display9drawPixelENS_5ColorEtt
                0x08003396       0x3a ./Core/Src/NucleoImp/Display/ILI9341Display.o
                0x08003396                ELE3312::ILI9341Display::drawPixel(ELE3312::Color, unsigned short, unsigned short)
 .text._ZN7ELE331214ILI9341Display8drawLineENS_5ColorEtttt
                0x080033d0       0x4c ./Core/Src/NucleoImp/Display/ILI9341Display.o
                0x080033d0                ELE3312::ILI9341Display::drawLine(ELE3312::Color, unsigned short, unsigned short, unsigned short, unsigned short)
 .text._ZN7ELE331214ILI9341Display8drawRectENS_5ColorEtttt
                0x0800341c       0x46 ./Core/Src/NucleoImp/Display/ILI9341Display.o
                0x0800341c                ELE3312::ILI9341Display::drawRect(ELE3312::Color, unsigned short, unsigned short, unsigned short, unsigned short)
 .text._ZN7ELE331214ILI9341Display8drawRectENS_5ColorERKNS_4RectItEE
                0x08003462       0x5e ./Core/Src/NucleoImp/Display/ILI9341Display.o
                0x08003462                ELE3312::ILI9341Display::drawRect(ELE3312::Color, ELE3312::Rect<unsigned short> const&)
 .text._ZN7ELE331214ILI9341Display8fillRectENS_5ColorEtttt
                0x080034c0       0x46 ./Core/Src/NucleoImp/Display/ILI9341Display.o
                0x080034c0                ELE3312::ILI9341Display::fillRect(ELE3312::Color, unsigned short, unsigned short, unsigned short, unsigned short)
 .text._ZN7ELE331214ILI9341Display8fillRectENS_5ColorERKNS_4RectItEE
                0x08003506       0x5e ./Core/Src/NucleoImp/Display/ILI9341Display.o
                0x08003506                ELE3312::ILI9341Display::fillRect(ELE3312::Color, ELE3312::Rect<unsigned short> const&)
 .text._ZN7ELE331214ILI9341Display10drawCircleENS_5ColorEttt
                0x08003564       0x44 ./Core/Src/NucleoImp/Display/ILI9341Display.o
                0x08003564                ELE3312::ILI9341Display::drawCircle(ELE3312::Color, unsigned short, unsigned short, unsigned short)
 .text._ZN7ELE331214ILI9341Display10fillCircleENS_5ColorEttt
                0x080035a8       0x44 ./Core/Src/NucleoImp/Display/ILI9341Display.o
                0x080035a8                ELE3312::ILI9341Display::fillCircle(ELE3312::Color, unsigned short, unsigned short, unsigned short)
 .text._ZN7ELE331214ILI9341Display8drawCharEttc
                0x080035ec       0x80 ./Core/Src/NucleoImp/Display/ILI9341Display.o
                0x080035ec                ELE3312::ILI9341Display::drawChar(unsigned short, unsigned short, char)
 .text._ZN7ELE331214ILI9341Display10drawStringEttNSt7__cxx1112basic_stringIcSt11char_traitsIcESaIcEEENS_5ColorE
                0x0800366c       0x90 ./Core/Src/NucleoImp/Display/ILI9341Display.o
                0x0800366c                ELE3312::ILI9341Display::drawString(unsigned short, unsigned short, std::__cxx11::basic_string<char, std::char_traits<char>, std::allocator<char> >, ELE3312::Color)
 .text._ZN7ELE331214ILI9341Display10drawBitmapEPttttt
                0x080036fc       0x86 ./Core/Src/NucleoImp/Display/ILI9341Display.o
                0x080036fc                ELE3312::ILI9341Display::drawBitmap(unsigned short*, unsigned short, unsigned short, unsigned short, unsigned short)
 *fill*         0x08003782        0x6 
 .text._ZN7ELE331214ILI9341Display18writeFillArcHelperEstttfft
                0x08003788      0x5e0 ./Core/Src/NucleoImp/Display/ILI9341Display.o
                0x08003788                ELE3312::ILI9341Display::writeFillArcHelper(short, unsigned short, unsigned short, unsigned short, float, float, unsigned short)
 .text._ZN7ELE331214ILI9341Display7fillArcEttttffNS_5ColorE
                0x08003d68      0x150 ./Core/Src/NucleoImp/Display/ILI9341Display.o
                0x08003d68                ELE3312::ILI9341Display::fillArc(unsigned short, unsigned short, unsigned short, unsigned short, float, float, ELE3312::Color)
 .text._ZNK7ELE331214ILI9341Display14getScreenWidthEv
                0x08003eb8       0x18 ./Core/Src/NucleoImp/Display/ILI9341Display.o
                0x08003eb8                ELE3312::ILI9341Display::getScreenWidth() const
 .text._ZNK7ELE331214ILI9341Display15getScreenHeightEv
                0x08003ed0       0x16 ./Core/Src/NucleoImp/Display/ILI9341Display.o
                0x08003ed0                ELE3312::ILI9341Display::getScreenHeight() const
 .text._ZN7ELE331214ILI9341Display18setBackgroundColorENS_5ColorE
                0x08003ee6       0x1c ./Core/Src/NucleoImp/Display/ILI9341Display.o
                0x08003ee6                ELE3312::ILI9341Display::setBackgroundColor(ELE3312::Color)
 .text._ZNK7ELE331214ILI9341Display18getBackgroundColorEv
                0x08003f02       0x18 ./Core/Src/NucleoImp/Display/ILI9341Display.o
                0x08003f02                ELE3312::ILI9341Display::getBackgroundColor() const
 .text._ZN7ELE331214ILI9341Display10readMemoryEttttPh
                0x08003f1a       0x80 ./Core/Src/NucleoImp/Display/ILI9341Display.o
                0x08003f1a                ELE3312::ILI9341Display::readMemory(unsigned short, unsigned short, unsigned short, unsigned short, unsigned char*)
 .text._ZNK7ELE33124RectItE5getX1Ev
                0x08003f9a       0x1c ./Core/Src/NucleoImp/Display/ILI9341Display.o
                0x08003f9a                ELE3312::Rect<unsigned short>::getX1() const
 .text._ZNK7ELE33124RectItE5getY1Ev
                0x08003fb6       0x1c ./Core/Src/NucleoImp/Display/ILI9341Display.o
                0x08003fb6                ELE3312::Rect<unsigned short>::getY1() const
 .text._ZNK7ELE33124RectItE8getWidthEv
                0x08003fd2       0x2e ./Core/Src/NucleoImp/Display/ILI9341Display.o
                0x08003fd2                ELE3312::Rect<unsigned short>::getWidth() const
 .text._ZNK7ELE33124RectItE9getHeightEv
                0x08004000       0x2e ./Core/Src/NucleoImp/Display/ILI9341Display.o
                0x08004000                ELE3312::Rect<unsigned short>::getHeight() const
 .text._ZNK7ELE33125PointItE4getXEv
                0x0800402e       0x18 ./Core/Src/NucleoImp/Display/ILI9341Display.o
                0x0800402e                ELE3312::Point<unsigned short>::getX() const
 .text._ZNK7ELE33125PointItE4getYEv
                0x08004046       0x18 ./Core/Src/NucleoImp/Display/ILI9341Display.o
                0x08004046                ELE3312::Point<unsigned short>::getY() const
 .text.ili9341_new
                0x0800405e      0x1f0 ./Core/Src/NucleoImp/Display/ili9341.o
                0x0800405e                ili9341_new
 .text.ili9341_spi_tft_select
                0x0800424e       0x20 ./Core/Src/NucleoImp/Display/ili9341.o
                0x0800424e                ili9341_spi_tft_select
 .text.ili9341_spi_tft_release
                0x0800426e       0x20 ./Core/Src/NucleoImp/Display/ili9341.o
                0x0800426e                ili9341_spi_tft_release
 .text.ili9341_spi_touch_select
                0x0800428e       0x20 ./Core/Src/NucleoImp/Display/ili9341.o
                0x0800428e                ili9341_spi_touch_select
 .text.ili9341_spi_touch_release
                0x080042ae       0x20 ./Core/Src/NucleoImp/Display/ili9341.o
                0x080042ae                ili9341_spi_touch_release
 .text.ili9341_spi_slave_select
                0x080042ce       0x32 ./Core/Src/NucleoImp/Display/ili9341.o
                0x080042ce                ili9341_spi_slave_select
 .text.ili9341_spi_slave_release
                0x08004300       0x32 ./Core/Src/NucleoImp/Display/ili9341.o
                0x08004300                ili9341_spi_slave_release
 .text.ili9341_spi_write_command
                0x08004332       0x70 ./Core/Src/NucleoImp/Display/ili9341.o
                0x08004332                ili9341_spi_write_command
 .text.ili9341_spi_write_data
                0x080043a2       0x72 ./Core/Src/NucleoImp/Display/ili9341.o
                0x080043a2                ili9341_spi_write_data
 .text.ili9341_spi_write_command_data
                0x08004414       0x76 ./Core/Src/NucleoImp/Display/ili9341.o
                0x08004414                ili9341_spi_write_command_data
 .text.ili9341_reset
                0x0800448a       0x42 ./Core/Src/NucleoImp/Display/ili9341.o
 .text.ili9341_initialize
                0x080044cc      0x2c0 ./Core/Src/NucleoImp/Display/ili9341.o
 .text.ili9341_screen_size
                0x0800478c       0x60 ./Core/Src/NucleoImp/Display/ili9341.o
 .text.ili9341_screen_rotation
                0x080047ec       0x38 ./Core/Src/NucleoImp/Display/ili9341.o
 .text.ili9341_read_memory
                0x08004824       0xf4 ./Core/Src/NucleoImp/Display/ili9341.o
                0x08004824                ili9341_read_memory
 .text.glyph_index
                0x08004918       0x2c ./Core/Src/NucleoImp/Display/ili9341_font.o
                0x08004918                glyph_index
 .text.ili9341_spi_tft_set_address_rect
                0x08004944       0xa2 ./Core/Src/NucleoImp/Display/ili9341_gfx.o
                0x08004944                ili9341_spi_tft_set_address_rect
 .text.ili9341_transmit_wait
                0x080049e6       0x2e ./Core/Src/NucleoImp/Display/ili9341_gfx.o
                0x080049e6                ili9341_transmit_wait
 .text.ili9341_transmit_color
                0x08004a14       0x4a ./Core/Src/NucleoImp/Display/ili9341_gfx.o
                0x08004a14                ili9341_transmit_color
 .text.ili9341_draw_pixel
                0x08004a5e       0xb2 ./Core/Src/NucleoImp/Display/ili9341_gfx.o
                0x08004a5e                ili9341_draw_pixel
 .text.ili9341_draw_line
                0x08004b10      0x1da ./Core/Src/NucleoImp/Display/ili9341_gfx.o
                0x08004b10                ili9341_draw_line
 .text.ili9341_draw_rect
                0x08004cea       0xe0 ./Core/Src/NucleoImp/Display/ili9341_gfx.o
                0x08004cea                ili9341_draw_rect
 *fill*         0x08004dca        0x2 
 .text.ili9341_fill_rect
                0x08004dcc      0x124 ./Core/Src/NucleoImp/Display/ili9341_gfx.o
                0x08004dcc                ili9341_fill_rect
 .text.ili9341_draw_circle
                0x08004ef0      0x1e4 ./Core/Src/NucleoImp/Display/ili9341_gfx.o
                0x08004ef0                ili9341_draw_circle
 .text.ili9341_fill_circle
                0x080050d4       0x7a ./Core/Src/NucleoImp/Display/ili9341_gfx.o
                0x080050d4                ili9341_fill_circle
 .text.ili9341_fill_screen
                0x0800514e       0x2c ./Core/Src/NucleoImp/Display/ili9341_gfx.o
                0x0800514e                ili9341_fill_screen
 *fill*         0x0800517a        0x2 
 .text.ili9341_draw_char
                0x0800517c      0x1cc ./Core/Src/NucleoImp/Display/ili9341_gfx.o
                0x0800517c                ili9341_draw_char
 .text.ili9341_draw_string
                0x08005348       0x9a ./Core/Src/NucleoImp/Display/ili9341_gfx.o
                0x08005348                ili9341_draw_string
 .text.ili9341_clip_rect
                0x080053e2      0x13e ./Core/Src/NucleoImp/Display/ili9341_gfx.o
 .text.ili9341_fill_quarter_circle
                0x08005520      0x204 ./Core/Src/NucleoImp/Display/ili9341_gfx.o
 .text._ZN7ELE331218MPU6050MotionInput5setupEP17I2C_HandleTypeDef
                0x08005724       0x2c ./Core/Src/NucleoImp/MotionInput/MPU6050MotionInput.o
                0x08005724                ELE3312::MPU6050MotionInput::setup(I2C_HandleTypeDef*)
 .text._ZN7ELE331211MotionInputC2Ev
                0x08005750       0x20 ./Core/Src/NucleoImp/MotionInput/MPU6050MotionInput.o
                0x08005750                ELE3312::MotionInput::MotionInput()
                0x08005750                ELE3312::MotionInput::MotionInput()
 .text._ZN7ELE331218MPU6050MotionInputC2Ev
                0x08005770       0x24 ./Core/Src/NucleoImp/MotionInput/MPU6050MotionInput.o
                0x08005770                ELE3312::MPU6050MotionInput::MPU6050MotionInput()
                0x08005770                ELE3312::MPU6050MotionInput::MPU6050MotionInput()
 .text._ZN7ELE331218MPU6050MotionInput6updateEv
                0x08005794       0x22 ./Core/Src/NucleoImp/MotionInput/MPU6050MotionInput.o
                0x08005794                ELE3312::MPU6050MotionInput::update()
 .text._ZNK7ELE331218MPU6050MotionInput4getXEv
                0x080057b6       0x1e ./Core/Src/NucleoImp/MotionInput/MPU6050MotionInput.o
                0x080057b6                ELE3312::MPU6050MotionInput::getX() const
 .text._ZNK7ELE331218MPU6050MotionInput4getYEv
                0x080057d4       0x1e ./Core/Src/NucleoImp/MotionInput/MPU6050MotionInput.o
                0x080057d4                ELE3312::MPU6050MotionInput::getY() const
 .text._ZNK7ELE331218MPU6050MotionInput4getZEv
                0x080057f2       0x1e ./Core/Src/NucleoImp/MotionInput/MPU6050MotionInput.o
                0x080057f2                ELE3312::MPU6050MotionInput::getZ() const
 .text.MPU6050_Setup
                0x08005810      0x240 ./Core/Src/NucleoImp/MotionInput/mpu6050.o
                0x08005810                MPU6050_Setup
 .text.MPU6050_Init
                0x08005a50       0x40 ./Core/Src/NucleoImp/MotionInput/mpu6050.o
                0x08005a50                MPU6050_Init
 .text.MPU6050_ExtractAcc
                0x08005a90       0xb2 ./Core/Src/NucleoImp/MotionInput/mpu6050.o
                0x08005a90                MPU6050_ExtractAcc
 .text.MPU6050_ExtractGyro
                0x08005b42       0xb2 ./Core/Src/NucleoImp/MotionInput/mpu6050.o
                0x08005b42                MPU6050_ExtractGyro
 .text.MPU6050_ExtractTemperature
                0x08005bf4       0x58 ./Core/Src/NucleoImp/MotionInput/mpu6050.o
                0x08005bf4                MPU6050_ExtractTemperature
 .text.MPU6050_ReadData
                0x08005c4c       0xb0 ./Core/Src/NucleoImp/MotionInput/mpu6050.o
                0x08005c4c                MPU6050_ReadData
 .text.Reset_Handler
                0x08005cfc       0x50 ./Core/Startup/startup_stm32f446retx.o
                0x08005cfc                Reset_Handler
 .text.Default_Handler
                0x08005d4c        0x2 ./Core/Startup/startup_stm32f446retx.o
                0x08005d4c                RTC_Alarm_IRQHandler
                0x08005d4c                EXTI2_IRQHandler
                0x08005d4c                TIM8_CC_IRQHandler
                0x08005d4c                FMPI2C1_EV_IRQHandler
                0x08005d4c                SPI4_IRQHandler
                0x08005d4c                TIM1_CC_IRQHandler
                0x08005d4c                DMA2_Stream5_IRQHandler
                0x08005d4c                PVD_IRQHandler
                0x08005d4c                SDIO_IRQHandler
                0x08005d4c                TAMP_STAMP_IRQHandler
                0x08005d4c                CAN2_RX1_IRQHandler
                0x08005d4c                EXTI3_IRQHandler
                0x08005d4c                TIM8_TRG_COM_TIM14_IRQHandler
                0x08005d4c                TIM1_UP_TIM10_IRQHandler
                0x08005d4c                TIM8_UP_TIM13_IRQHandler
                0x08005d4c                EXTI0_IRQHandler
                0x08005d4c                I2C2_EV_IRQHandler
                0x08005d4c                DMA1_Stream2_IRQHandler
                0x08005d4c                CAN1_RX0_IRQHandler
                0x08005d4c                FPU_IRQHandler
                0x08005d4c                OTG_HS_WKUP_IRQHandler
                0x08005d4c                CAN2_SCE_IRQHandler
                0x08005d4c                DMA2_Stream2_IRQHandler
                0x08005d4c                TIM6_DAC_IRQHandler
                0x08005d4c                TIM1_BRK_TIM9_IRQHandler
                0x08005d4c                DCMI_IRQHandler
                0x08005d4c                CAN2_RX0_IRQHandler
                0x08005d4c                SAI2_IRQHandler
                0x08005d4c                USART6_IRQHandler
                0x08005d4c                USART3_IRQHandler
                0x08005d4c                CAN1_RX1_IRQHandler
                0x08005d4c                TIM4_IRQHandler
                0x08005d4c                QUADSPI_IRQHandler
                0x08005d4c                I2C1_EV_IRQHandler
                0x08005d4c                DMA1_Stream6_IRQHandler
                0x08005d4c                DMA1_Stream1_IRQHandler
                0x08005d4c                UART4_IRQHandler
                0x08005d4c                TIM3_IRQHandler
                0x08005d4c                RCC_IRQHandler
                0x08005d4c                TIM8_BRK_TIM12_IRQHandler
                0x08005d4c                Default_Handler
                0x08005d4c                CEC_IRQHandler
                0x08005d4c                EXTI15_10_IRQHandler
                0x08005d4c                ADC_IRQHandler
                0x08005d4c                TIM7_IRQHandler
                0x08005d4c                CAN2_TX_IRQHandler
                0x08005d4c                TIM5_IRQHandler
                0x08005d4c                DMA2_Stream7_IRQHandler
                0x08005d4c                EXTI9_5_IRQHandler
                0x08005d4c                RTC_WKUP_IRQHandler
                0x08005d4c                SPDIF_RX_IRQHandler
                0x08005d4c                SPI2_IRQHandler
                0x08005d4c                OTG_HS_EP1_IN_IRQHandler
                0x08005d4c                CAN1_TX_IRQHandler
                0x08005d4c                FMPI2C1_ER_IRQHandler
                0x08005d4c                EXTI4_IRQHandler
                0x08005d4c                OTG_HS_EP1_OUT_IRQHandler
                0x08005d4c                WWDG_IRQHandler
                0x08005d4c                OTG_FS_WKUP_IRQHandler
                0x08005d4c                TIM1_TRG_COM_TIM11_IRQHandler
                0x08005d4c                OTG_HS_IRQHandler
                0x08005d4c                EXTI1_IRQHandler
                0x08005d4c                I2C2_ER_IRQHandler
                0x08005d4c                DMA2_Stream1_IRQHandler
                0x08005d4c                CAN1_SCE_IRQHandler
                0x08005d4c                FLASH_IRQHandler
                0x08005d4c                DMA2_Stream4_IRQHandler
                0x08005d4c                USART1_IRQHandler
                0x08005d4c                OTG_FS_IRQHandler
                0x08005d4c                SPI3_IRQHandler
                0x08005d4c                DMA1_Stream4_IRQHandler
                0x08005d4c                I2C1_ER_IRQHandler
                0x08005d4c                FMC_IRQHandler
                0x08005d4c                DMA2_Stream6_IRQHandler
                0x08005d4c                SAI1_IRQHandler
                0x08005d4c                DMA1_Stream3_IRQHandler
 *fill*         0x08005d4e        0x2 
 .text.HAL_Init
                0x08005d50       0x44 ./Drivers/STM32F4xx_HAL_Driver/Src/stm32f4xx_hal.o
                0x08005d50                HAL_Init
 .text.HAL_InitTick
                0x08005d94       0x60 ./Drivers/STM32F4xx_HAL_Driver/Src/stm32f4xx_hal.o
                0x08005d94                HAL_InitTick
 .text.HAL_IncTick
                0x08005df4       0x28 ./Drivers/STM32F4xx_HAL_Driver/Src/stm32f4xx_hal.o
                0x08005df4                HAL_IncTick
 .text.HAL_GetTick
                0x08005e1c       0x18 ./Drivers/STM32F4xx_HAL_Driver/Src/stm32f4xx_hal.o
                0x08005e1c                HAL_GetTick
 .text.HAL_Delay
                0x08005e34       0x48 ./Drivers/STM32F4xx_HAL_Driver/Src/stm32f4xx_hal.o
                0x08005e34                HAL_Delay
 .text.HAL_ADC_Init
                0x08005e7c       0x86 ./Drivers/STM32F4xx_HAL_Driver/Src/stm32f4xx_hal_adc.o
                0x08005e7c                HAL_ADC_Init
 *fill*         0x08005f02        0x2 
 .text.HAL_ADC_ConfigChannel
                0x08005f04      0x264 ./Drivers/STM32F4xx_HAL_Driver/Src/stm32f4xx_hal_adc.o
                0x08005f04                HAL_ADC_ConfigChannel
 .text.ADC_Init
                0x08006168      0x1f8 ./Drivers/STM32F4xx_HAL_Driver/Src/stm32f4xx_hal_adc.o
 .text.__NVIC_SetPriorityGrouping
                0x08006360       0x48 ./Drivers/STM32F4xx_HAL_Driver/Src/stm32f4xx_hal_cortex.o
 .text.__NVIC_GetPriorityGrouping
                0x080063a8       0x1c ./Drivers/STM32F4xx_HAL_Driver/Src/stm32f4xx_hal_cortex.o
 .text.__NVIC_EnableIRQ
                0x080063c4       0x3c ./Drivers/STM32F4xx_HAL_Driver/Src/stm32f4xx_hal_cortex.o
 .text.__NVIC_SetPriority
                0x08006400       0x54 ./Drivers/STM32F4xx_HAL_Driver/Src/stm32f4xx_hal_cortex.o
 .text.NVIC_EncodePriority
                0x08006454       0x66 ./Drivers/STM32F4xx_HAL_Driver/Src/stm32f4xx_hal_cortex.o
 *fill*         0x080064ba        0x2 
 .text.SysTick_Config
                0x080064bc       0x44 ./Drivers/STM32F4xx_HAL_Driver/Src/stm32f4xx_hal_cortex.o
 .text.HAL_NVIC_SetPriorityGrouping
                0x08006500       0x16 ./Drivers/STM32F4xx_HAL_Driver/Src/stm32f4xx_hal_cortex.o
                0x08006500                HAL_NVIC_SetPriorityGrouping
 .text.HAL_NVIC_SetPriority
                0x08006516       0x38 ./Drivers/STM32F4xx_HAL_Driver/Src/stm32f4xx_hal_cortex.o
                0x08006516                HAL_NVIC_SetPriority
 .text.HAL_NVIC_EnableIRQ
                0x0800654e       0x1c ./Drivers/STM32F4xx_HAL_Driver/Src/stm32f4xx_hal_cortex.o
                0x0800654e                HAL_NVIC_EnableIRQ
 .text.HAL_SYSTICK_Config
                0x0800656a       0x18 ./Drivers/STM32F4xx_HAL_Driver/Src/stm32f4xx_hal_cortex.o
                0x0800656a                HAL_SYSTICK_Config
 .text.HAL_SYSTICK_Callback
                0x08006582        0xe ./Drivers/STM32F4xx_HAL_Driver/Src/stm32f4xx_hal_cortex.o
                0x08006582                HAL_SYSTICK_Callback
 .text.HAL_DAC_Init
                0x08006590       0x44 ./Drivers/STM32F4xx_HAL_Driver/Src/stm32f4xx_hal_dac.o
                0x08006590                HAL_DAC_Init
 .text.HAL_DAC_ConfigChannel
                0x080065d4       0xb2 ./Drivers/STM32F4xx_HAL_Driver/Src/stm32f4xx_hal_dac.o
                0x080065d4                HAL_DAC_ConfigChannel
 *fill*         0x08006686        0x2 
 .text.HAL_DMA_Init
                0x08006688      0x15c ./Drivers/STM32F4xx_HAL_Driver/Src/stm32f4xx_hal_dma.o
                0x08006688                HAL_DMA_Init
 .text.HAL_DMA_Start_IT
                0x080067e4       0xb0 ./Drivers/STM32F4xx_HAL_Driver/Src/stm32f4xx_hal_dma.o
                0x080067e4                HAL_DMA_Start_IT
 .text.HAL_DMA_Abort
                0x08006894       0xe0 ./Drivers/STM32F4xx_HAL_Driver/Src/stm32f4xx_hal_dma.o
                0x08006894                HAL_DMA_Abort
 .text.HAL_DMA_Abort_IT
                0x08006974       0x44 ./Drivers/STM32F4xx_HAL_Driver/Src/stm32f4xx_hal_dma.o
                0x08006974                HAL_DMA_Abort_IT
 .text.HAL_DMA_IRQHandler
                0x080069b8      0x314 ./Drivers/STM32F4xx_HAL_Driver/Src/stm32f4xx_hal_dma.o
                0x080069b8                HAL_DMA_IRQHandler
 .text.HAL_DMA_GetState
                0x08006ccc       0x1c ./Drivers/STM32F4xx_HAL_Driver/Src/stm32f4xx_hal_dma.o
                0x08006ccc                HAL_DMA_GetState
 .text.DMA_SetConfig
                0x08006ce8       0x5c ./Drivers/STM32F4xx_HAL_Driver/Src/stm32f4xx_hal_dma.o
 .text.DMA_CalcBaseAndBitshift
                0x08006d44       0x6c ./Drivers/STM32F4xx_HAL_Driver/Src/stm32f4xx_hal_dma.o
 .text.DMA_CheckFifoParam
                0x08006db0       0xf8 ./Drivers/STM32F4xx_HAL_Driver/Src/stm32f4xx_hal_dma.o
 .text.HAL_GPIO_Init
                0x08006ea8      0x328 ./Drivers/STM32F4xx_HAL_Driver/Src/stm32f4xx_hal_gpio.o
                0x08006ea8                HAL_GPIO_Init
 .text.HAL_GPIO_WritePin
                0x080071d0       0x32 ./Drivers/STM32F4xx_HAL_Driver/Src/stm32f4xx_hal_gpio.o
                0x080071d0                HAL_GPIO_WritePin
 *fill*         0x08007202        0x2 
 .text.HAL_I2C_Init
                0x08007204      0x288 ./Drivers/STM32F4xx_HAL_Driver/Src/stm32f4xx_hal_i2c.o
                0x08007204                HAL_I2C_Init
 .text.I2C_Flush_DR
                0x0800748c       0x2a ./Drivers/STM32F4xx_HAL_Driver/Src/stm32f4xx_hal_i2c.o
 *fill*         0x080074b6        0x2 
 .text.HAL_I2C_Mem_Write
                0x080074b8      0x1f4 ./Drivers/STM32F4xx_HAL_Driver/Src/stm32f4xx_hal_i2c.o
                0x080074b8                HAL_I2C_Mem_Write
 .text.HAL_I2C_Mem_Read
                0x080076ac      0x464 ./Drivers/STM32F4xx_HAL_Driver/Src/stm32f4xx_hal_i2c.o
                0x080076ac                HAL_I2C_Mem_Read
 .text.HAL_I2C_IsDeviceReady
                0x08007b10      0x25c ./Drivers/STM32F4xx_HAL_Driver/Src/stm32f4xx_hal_i2c.o
                0x08007b10                HAL_I2C_IsDeviceReady
 .text.HAL_I2C_EV_IRQHandler
                0x08007d6c      0x2e2 ./Drivers/STM32F4xx_HAL_Driver/Src/stm32f4xx_hal_i2c.o
                0x08007d6c                HAL_I2C_EV_IRQHandler
 .text.HAL_I2C_ER_IRQHandler
                0x0800804e      0x14e ./Drivers/STM32F4xx_HAL_Driver/Src/stm32f4xx_hal_i2c.o
                0x0800804e                HAL_I2C_ER_IRQHandler
 .text.HAL_I2C_MasterTxCpltCallback
                0x0800819c       0x14 ./Drivers/STM32F4xx_HAL_Driver/Src/stm32f4xx_hal_i2c.o
                0x0800819c                HAL_I2C_MasterTxCpltCallback
 .text.HAL_I2C_MasterRxCpltCallback
                0x080081b0       0x14 ./Drivers/STM32F4xx_HAL_Driver/Src/stm32f4xx_hal_i2c.o
                0x080081b0                HAL_I2C_MasterRxCpltCallback
 .text.HAL_I2C_SlaveTxCpltCallback
                0x080081c4       0x14 ./Drivers/STM32F4xx_HAL_Driver/Src/stm32f4xx_hal_i2c.o
                0x080081c4                HAL_I2C_SlaveTxCpltCallback
 .text.HAL_I2C_SlaveRxCpltCallback
                0x080081d8       0x14 ./Drivers/STM32F4xx_HAL_Driver/Src/stm32f4xx_hal_i2c.o
                0x080081d8                HAL_I2C_SlaveRxCpltCallback
 .text.HAL_I2C_AddrCallback
                0x080081ec       0x1c ./Drivers/STM32F4xx_HAL_Driver/Src/stm32f4xx_hal_i2c.o
                0x080081ec                HAL_I2C_AddrCallback
 .text.HAL_I2C_ListenCpltCallback
                0x08008208       0x14 ./Drivers/STM32F4xx_HAL_Driver/Src/stm32f4xx_hal_i2c.o
                0x08008208                HAL_I2C_ListenCpltCallback
 .text.HAL_I2C_MemTxCpltCallback
                0x0800821c       0x14 ./Drivers/STM32F4xx_HAL_Driver/Src/stm32f4xx_hal_i2c.o
                0x0800821c                HAL_I2C_MemTxCpltCallback
 .text.HAL_I2C_MemRxCpltCallback
                0x08008230       0x14 ./Drivers/STM32F4xx_HAL_Driver/Src/stm32f4xx_hal_i2c.o
                0x08008230                HAL_I2C_MemRxCpltCallback
 .text.HAL_I2C_ErrorCallback
                0x08008244       0x14 ./Drivers/STM32F4xx_HAL_Driver/Src/stm32f4xx_hal_i2c.o
                0x08008244                HAL_I2C_ErrorCallback
 .text.HAL_I2C_AbortCpltCallback
                0x08008258       0x14 ./Drivers/STM32F4xx_HAL_Driver/Src/stm32f4xx_hal_i2c.o
                0x08008258                HAL_I2C_AbortCpltCallback
 .text.I2C_MasterTransmit_TXE
                0x0800826c      0x138 ./Drivers/STM32F4xx_HAL_Driver/Src/stm32f4xx_hal_i2c.o
 .text.I2C_MasterTransmit_BTF
                0x080083a4       0xec ./Drivers/STM32F4xx_HAL_Driver/Src/stm32f4xx_hal_i2c.o
 .text.I2C_MemoryTransmit_TXE_BTF
                0x08008490      0x130 ./Drivers/STM32F4xx_HAL_Driver/Src/stm32f4xx_hal_i2c.o
 .text.I2C_MasterReceive_RXNE
                0x080085c0      0x190 ./Drivers/STM32F4xx_HAL_Driver/Src/stm32f4xx_hal_i2c.o
 .text.I2C_MasterReceive_BTF
                0x08008750      0x1e2 ./Drivers/STM32F4xx_HAL_Driver/Src/stm32f4xx_hal_i2c.o
 .text.I2C_Master_SB
                0x08008932      0x10c ./Drivers/STM32F4xx_HAL_Driver/Src/stm32f4xx_hal_i2c.o
 .text.I2C_Master_ADD10
                0x08008a3e       0x54 ./Drivers/STM32F4xx_HAL_Driver/Src/stm32f4xx_hal_i2c.o
 .text.I2C_Master_ADDR
                0x08008a92      0x322 ./Drivers/STM32F4xx_HAL_Driver/Src/stm32f4xx_hal_i2c.o
 .text.I2C_SlaveTransmit_TXE
                0x08008db4       0x7a ./Drivers/STM32F4xx_HAL_Driver/Src/stm32f4xx_hal_i2c.o
 .text.I2C_SlaveTransmit_BTF
                0x08008e2e       0x42 ./Drivers/STM32F4xx_HAL_Driver/Src/stm32f4xx_hal_i2c.o
 .text.I2C_SlaveReceive_RXNE
                0x08008e70       0x7c ./Drivers/STM32F4xx_HAL_Driver/Src/stm32f4xx_hal_i2c.o
 .text.I2C_SlaveReceive_BTF
                0x08008eec       0x44 ./Drivers/STM32F4xx_HAL_Driver/Src/stm32f4xx_hal_i2c.o
 .text.I2C_Slave_ADDR
                0x08008f30       0x94 ./Drivers/STM32F4xx_HAL_Driver/Src/stm32f4xx_hal_i2c.o
 .text.I2C_Slave_STOPF
                0x08008fc4      0x260 ./Drivers/STM32F4xx_HAL_Driver/Src/stm32f4xx_hal_i2c.o
 .text.I2C_Slave_AF
                0x08009224       0xe8 ./Drivers/STM32F4xx_HAL_Driver/Src/stm32f4xx_hal_i2c.o
 .text.I2C_ITError
                0x0800930c      0x264 ./Drivers/STM32F4xx_HAL_Driver/Src/stm32f4xx_hal_i2c.o
 .text.I2C_RequestMemoryWrite
                0x08009570      0x12c ./Drivers/STM32F4xx_HAL_Driver/Src/stm32f4xx_hal_i2c.o
 .text.I2C_RequestMemoryRead
                0x0800969c      0x1d0 ./Drivers/STM32F4xx_HAL_Driver/Src/stm32f4xx_hal_i2c.o
 .text.I2C_DMAAbort
                0x0800986c      0x150 ./Drivers/STM32F4xx_HAL_Driver/Src/stm32f4xx_hal_i2c.o
 .text.I2C_WaitOnFlagUntilTimeout
                0x080099bc       0xf4 ./Drivers/STM32F4xx_HAL_Driver/Src/stm32f4xx_hal_i2c.o
 .text.I2C_WaitOnMasterAddressFlagUntilTimeout
                0x08009ab0      0x140 ./Drivers/STM32F4xx_HAL_Driver/Src/stm32f4xx_hal_i2c.o
 .text.I2C_WaitOnTXEFlagUntilTimeout
                0x08009bf0       0x90 ./Drivers/STM32F4xx_HAL_Driver/Src/stm32f4xx_hal_i2c.o
 .text.I2C_WaitOnBTFFlagUntilTimeout
                0x08009c80       0x90 ./Drivers/STM32F4xx_HAL_Driver/Src/stm32f4xx_hal_i2c.o
 .text.I2C_WaitOnSTOPRequestThroughIT
                0x08009d10       0x64 ./Drivers/STM32F4xx_HAL_Driver/Src/stm32f4xx_hal_i2c.o
 .text.I2C_WaitOnRXNEFlagUntilTimeout
                0x08009d74       0xba ./Drivers/STM32F4xx_HAL_Driver/Src/stm32f4xx_hal_i2c.o
 .text.I2C_IsAcknowledgeFailed
                0x08009e2e       0x5e ./Drivers/STM32F4xx_HAL_Driver/Src/stm32f4xx_hal_i2c.o
 .text.I2C_ConvertOtherXferOptions
                0x08009e8c       0x36 ./Drivers/STM32F4xx_HAL_Driver/Src/stm32f4xx_hal_i2c.o
 *fill*         0x08009ec2        0x2 
 .text.HAL_RCC_ClockConfig
                0x08009ec4      0x1cc ./Drivers/STM32F4xx_HAL_Driver/Src/stm32f4xx_hal_rcc.o
                0x08009ec4                HAL_RCC_ClockConfig
 .text.HAL_RCC_GetHCLKFreq
                0x0800a090       0x18 ./Drivers/STM32F4xx_HAL_Driver/Src/stm32f4xx_hal_rcc.o
                0x0800a090                HAL_RCC_GetHCLKFreq
 .text.HAL_RCC_GetPCLK1Freq
                0x0800a0a8       0x28 ./Drivers/STM32F4xx_HAL_Driver/Src/stm32f4xx_hal_rcc.o
                0x0800a0a8                HAL_RCC_GetPCLK1Freq
 .text.HAL_RCC_GetPCLK2Freq
                0x0800a0d0       0x28 ./Drivers/STM32F4xx_HAL_Driver/Src/stm32f4xx_hal_rcc.o
                0x0800a0d0                HAL_RCC_GetPCLK2Freq
 .text.HAL_RCC_GetSysClockFreq
                0x0800a0f8      0x460 ./Drivers/STM32F4xx_HAL_Driver/Src/stm32f4xx_hal_rcc_ex.o
                0x0800a0f8                HAL_RCC_GetSysClockFreq
 .text.HAL_RCC_OscConfig
                0x0800a558      0x53c ./Drivers/STM32F4xx_HAL_Driver/Src/stm32f4xx_hal_rcc_ex.o
                0x0800a558                HAL_RCC_OscConfig
 .text.HAL_SPI_Init
                0x0800aa94      0x112 ./Drivers/STM32F4xx_HAL_Driver/Src/stm32f4xx_hal_spi.o
                0x0800aa94                HAL_SPI_Init
 .text.HAL_SPI_Transmit
                0x0800aba6      0x288 ./Drivers/STM32F4xx_HAL_Driver/Src/stm32f4xx_hal_spi.o
                0x0800aba6                HAL_SPI_Transmit
 .text.HAL_SPI_Receive
                0x0800ae2e      0x232 ./Drivers/STM32F4xx_HAL_Driver/Src/stm32f4xx_hal_spi.o
                0x0800ae2e                HAL_SPI_Receive
 .text.HAL_SPI_TransmitReceive
                0x0800b060      0x352 ./Drivers/STM32F4xx_HAL_Driver/Src/stm32f4xx_hal_spi.o
                0x0800b060                HAL_SPI_TransmitReceive
 *fill*         0x0800b3b2        0x2 
 .text.HAL_SPI_Transmit_DMA
                0x0800b3b4      0x164 ./Drivers/STM32F4xx_HAL_Driver/Src/stm32f4xx_hal_spi.o
                0x0800b3b4                HAL_SPI_Transmit_DMA
 .text.HAL_SPI_IRQHandler
                0x0800b518      0x200 ./Drivers/STM32F4xx_HAL_Driver/Src/stm32f4xx_hal_spi.o
                0x0800b518                HAL_SPI_IRQHandler
 .text.HAL_SPI_TxCpltCallback
                0x0800b718       0x14 ./Drivers/STM32F4xx_HAL_Driver/Src/stm32f4xx_hal_spi.o
                0x0800b718                HAL_SPI_TxCpltCallback
 .text.HAL_SPI_TxHalfCpltCallback
                0x0800b72c       0x14 ./Drivers/STM32F4xx_HAL_Driver/Src/stm32f4xx_hal_spi.o
                0x0800b72c                HAL_SPI_TxHalfCpltCallback
 .text.HAL_SPI_ErrorCallback
                0x0800b740       0x14 ./Drivers/STM32F4xx_HAL_Driver/Src/stm32f4xx_hal_spi.o
                0x0800b740                HAL_SPI_ErrorCallback
 .text.SPI_DMATransmitCplt
                0x0800b754       0xa8 ./Drivers/STM32F4xx_HAL_Driver/Src/stm32f4xx_hal_spi.o
 .text.SPI_DMAHalfTransmitCplt
                0x0800b7fc       0x1c ./Drivers/STM32F4xx_HAL_Driver/Src/stm32f4xx_hal_spi.o
 .text.SPI_DMAError
                0x0800b818       0x40 ./Drivers/STM32F4xx_HAL_Driver/Src/stm32f4xx_hal_spi.o
 .text.SPI_DMAAbortOnError
                0x0800b858       0x28 ./Drivers/STM32F4xx_HAL_Driver/Src/stm32f4xx_hal_spi.o
 .text.SPI_WaitFlagStateUntilTimeout
                0x0800b880      0x110 ./Drivers/STM32F4xx_HAL_Driver/Src/stm32f4xx_hal_spi.o
 .text.SPI_EndRxTransaction
                0x0800b990       0xca ./Drivers/STM32F4xx_HAL_Driver/Src/stm32f4xx_hal_spi.o
 *fill*         0x0800ba5a        0x2 
 .text.SPI_EndRxTxTransaction
                0x0800ba5c       0xa8 ./Drivers/STM32F4xx_HAL_Driver/Src/stm32f4xx_hal_spi.o
 .text.HAL_TIM_Base_Init
                0x0800bb04       0x9e ./Drivers/STM32F4xx_HAL_Driver/Src/stm32f4xx_hal_tim.o
                0x0800bb04                HAL_TIM_Base_Init
 .text.HAL_TIM_PWM_Init
                0x0800bba2       0x9e ./Drivers/STM32F4xx_HAL_Driver/Src/stm32f4xx_hal_tim.o
                0x0800bba2                HAL_TIM_PWM_Init
 .text.HAL_TIM_PWM_MspInit
                0x0800bc40       0x14 ./Drivers/STM32F4xx_HAL_Driver/Src/stm32f4xx_hal_tim.o
                0x0800bc40                HAL_TIM_PWM_MspInit
 .text.HAL_TIM_IC_Init
                0x0800bc54       0x9e ./Drivers/STM32F4xx_HAL_Driver/Src/stm32f4xx_hal_tim.o
                0x0800bc54                HAL_TIM_IC_Init
 .text.HAL_TIM_IC_MspInit
                0x0800bcf2       0x14 ./Drivers/STM32F4xx_HAL_Driver/Src/stm32f4xx_hal_tim.o
                0x0800bcf2                HAL_TIM_IC_MspInit
 .text.HAL_TIM_IRQHandler
                0x0800bd06      0x1e0 ./Drivers/STM32F4xx_HAL_Driver/Src/stm32f4xx_hal_tim.o
                0x0800bd06                HAL_TIM_IRQHandler
 .text.HAL_TIM_IC_ConfigChannel
                0x0800bee6      0x138 ./Drivers/STM32F4xx_HAL_Driver/Src/stm32f4xx_hal_tim.o
                0x0800bee6                HAL_TIM_IC_ConfigChannel
 *fill*         0x0800c01e        0x2 
 .text.HAL_TIM_PWM_ConfigChannel
                0x0800c020      0x184 ./Drivers/STM32F4xx_HAL_Driver/Src/stm32f4xx_hal_tim.o
                0x0800c020                HAL_TIM_PWM_ConfigChannel
 .text.HAL_TIM_ConfigClockSource
                0x0800c1a4      0x18e ./Drivers/STM32F4xx_HAL_Driver/Src/stm32f4xx_hal_tim.o
                0x0800c1a4                HAL_TIM_ConfigClockSource
 .text.HAL_TIM_PeriodElapsedCallback
                0x0800c332       0x14 ./Drivers/STM32F4xx_HAL_Driver/Src/stm32f4xx_hal_tim.o
                0x0800c332                HAL_TIM_PeriodElapsedCallback
 .text.HAL_TIM_OC_DelayElapsedCallback
                0x0800c346       0x14 ./Drivers/STM32F4xx_HAL_Driver/Src/stm32f4xx_hal_tim.o
                0x0800c346                HAL_TIM_OC_DelayElapsedCallback
 .text.HAL_TIM_IC_CaptureCallback
                0x0800c35a       0x14 ./Drivers/STM32F4xx_HAL_Driver/Src/stm32f4xx_hal_tim.o
                0x0800c35a                HAL_TIM_IC_CaptureCallback
 .text.HAL_TIM_PWM_PulseFinishedCallback
                0x0800c36e       0x14 ./Drivers/STM32F4xx_HAL_Driver/Src/stm32f4xx_hal_tim.o
                0x0800c36e                HAL_TIM_PWM_PulseFinishedCallback
 .text.HAL_TIM_TriggerCallback
                0x0800c382       0x14 ./Drivers/STM32F4xx_HAL_Driver/Src/stm32f4xx_hal_tim.o
                0x0800c382                HAL_TIM_TriggerCallback
 *fill*         0x0800c396        0x2 
 .text.TIM_Base_SetConfig
                0x0800c398      0x14c ./Drivers/STM32F4xx_HAL_Driver/Src/stm32f4xx_hal_tim.o
                0x0800c398                TIM_Base_SetConfig
 .text.TIM_OC1_SetConfig
                0x0800c4e4       0xe0 ./Drivers/STM32F4xx_HAL_Driver/Src/stm32f4xx_hal_tim.o
 .text.TIM_OC2_SetConfig
                0x0800c5c4       0xec ./Drivers/STM32F4xx_HAL_Driver/Src/stm32f4xx_hal_tim.o
                0x0800c5c4                TIM_OC2_SetConfig
 .text.TIM_OC3_SetConfig
                0x0800c6b0       0xe8 ./Drivers/STM32F4xx_HAL_Driver/Src/stm32f4xx_hal_tim.o
 .text.TIM_OC4_SetConfig
                0x0800c798       0xac ./Drivers/STM32F4xx_HAL_Driver/Src/stm32f4xx_hal_tim.o
 .text.TIM_TI1_SetConfig
                0x0800c844       0xe8 ./Drivers/STM32F4xx_HAL_Driver/Src/stm32f4xx_hal_tim.o
                0x0800c844                TIM_TI1_SetConfig
 .text.TIM_TI1_ConfigInputStage
                0x0800c92c       0x5e ./Drivers/STM32F4xx_HAL_Driver/Src/stm32f4xx_hal_tim.o
 .text.TIM_TI2_SetConfig
                0x0800c98a       0x7a ./Drivers/STM32F4xx_HAL_Driver/Src/stm32f4xx_hal_tim.o
 .text.TIM_TI2_ConfigInputStage
                0x0800ca04       0x60 ./Drivers/STM32F4xx_HAL_Driver/Src/stm32f4xx_hal_tim.o
 .text.TIM_TI3_SetConfig
                0x0800ca64       0x78 ./Drivers/STM32F4xx_HAL_Driver/Src/stm32f4xx_hal_tim.o
 .text.TIM_TI4_SetConfig
                0x0800cadc       0x7a ./Drivers/STM32F4xx_HAL_Driver/Src/stm32f4xx_hal_tim.o
 .text.TIM_ITRx_SetConfig
                0x0800cb56       0x36 ./Drivers/STM32F4xx_HAL_Driver/Src/stm32f4xx_hal_tim.o
 .text.TIM_ETR_SetConfig
                0x0800cb8c       0x40 ./Drivers/STM32F4xx_HAL_Driver/Src/stm32f4xx_hal_tim.o
                0x0800cb8c                TIM_ETR_SetConfig
 .text.HAL_TIMEx_MasterConfigSynchronization
                0x0800cbcc       0xf8 ./Drivers/STM32F4xx_HAL_Driver/Src/stm32f4xx_hal_tim_ex.o
                0x0800cbcc                HAL_TIMEx_MasterConfigSynchronization
 .text.HAL_TIMEx_ConfigBreakDeadTime
                0x0800ccc4       0xa4 ./Drivers/STM32F4xx_HAL_Driver/Src/stm32f4xx_hal_tim_ex.o
                0x0800ccc4                HAL_TIMEx_ConfigBreakDeadTime
 .text.HAL_TIMEx_CommutCallback
                0x0800cd68       0x14 ./Drivers/STM32F4xx_HAL_Driver/Src/stm32f4xx_hal_tim_ex.o
                0x0800cd68                HAL_TIMEx_CommutCallback
 .text.HAL_TIMEx_BreakCallback
                0x0800cd7c       0x14 ./Drivers/STM32F4xx_HAL_Driver/Src/stm32f4xx_hal_tim_ex.o
                0x0800cd7c                HAL_TIMEx_BreakCallback
 .text.HAL_UART_Init
                0x0800cd90       0xa0 ./Drivers/STM32F4xx_HAL_Driver/Src/stm32f4xx_hal_uart.o
                0x0800cd90                HAL_UART_Init
 .text.HAL_UART_IRQHandler
                0x0800ce30      0x554 ./Drivers/STM32F4xx_HAL_Driver/Src/stm32f4xx_hal_uart.o
                0x0800ce30                HAL_UART_IRQHandler
 .text.HAL_UART_TxCpltCallback
                0x0800d384       0x14 ./Drivers/STM32F4xx_HAL_Driver/Src/stm32f4xx_hal_uart.o
                0x0800d384                HAL_UART_TxCpltCallback
 .text.HAL_UART_RxCpltCallback
                0x0800d398       0x14 ./Drivers/STM32F4xx_HAL_Driver/Src/stm32f4xx_hal_uart.o
                0x0800d398                HAL_UART_RxCpltCallback
 .text.HAL_UART_ErrorCallback
                0x0800d3ac       0x14 ./Drivers/STM32F4xx_HAL_Driver/Src/stm32f4xx_hal_uart.o
                0x0800d3ac                HAL_UART_ErrorCallback
 .text.HAL_UARTEx_RxEventCallback
                0x0800d3c0       0x18 ./Drivers/STM32F4xx_HAL_Driver/Src/stm32f4xx_hal_uart.o
                0x0800d3c0                HAL_UARTEx_RxEventCallback
 .text.UART_EndRxTransfer
                0x0800d3d8       0xc6 ./Drivers/STM32F4xx_HAL_Driver/Src/stm32f4xx_hal_uart.o
 .text.UART_DMAAbortOnError
                0x0800d49e       0x22 ./Drivers/STM32F4xx_HAL_Driver/Src/stm32f4xx_hal_uart.o
 .text.UART_Transmit_IT
                0x0800d4c0       0xa0 ./Drivers/STM32F4xx_HAL_Driver/Src/stm32f4xx_hal_uart.o
 .text.UART_EndTransmit_IT
                0x0800d560       0x30 ./Drivers/STM32F4xx_HAL_Driver/Src/stm32f4xx_hal_uart.o
 .text.UART_Receive_IT
                0x0800d590      0x17c ./Drivers/STM32F4xx_HAL_Driver/Src/stm32f4xx_hal_uart.o
 .text.UART_SetConfig
                0x0800d70c      0x4e8 ./Drivers/STM32F4xx_HAL_Driver/Src/stm32f4xx_hal_uart.o
 .text._ZdlPvj  0x0800dbf4        0x4 /opt/st/stm32cubeide_1.19.0/plugins/com.st.stm32cube.ide.mcu.externaltools.gnu-tools-for-stm32.13.3.rel1.linux64_1.0.0.202410170706/tools/bin/../lib/gcc/arm-none-eabi/13.3.1/../../../../arm-none-eabi/lib/thumb/v7e-m+fp/hard/libstdc++_nano.a(del_ops.o)
                0x0800dbf4                operator delete(void*, unsigned int)
 .text._Znwj    0x0800dbf8       0x22 /opt/st/stm32cubeide_1.19.0/plugins/com.st.stm32cube.ide.mcu.externaltools.gnu-tools-for-stm32.13.3.rel1.linux64_1.0.0.202410170706/tools/bin/../lib/gcc/arm-none-eabi/13.3.1/../../../../arm-none-eabi/lib/thumb/v7e-m+fp/hard/libstdc++_nano.a(new_op.o)
                0x0800dbf8                operator new(unsigned int)
 .text._ZNKSt7__cxx1112basic_stringIcSt11char_traitsIcESaIcEE5c_strEv
                0x0800dc1a        0x4 /opt/st/stm32cubeide_1.19.0/plugins/com.st.stm32cube.ide.mcu.externaltools.gnu-tools-for-stm32.13.3.rel1.linux64_1.0.0.202410170706/tools/bin/../lib/gcc/arm-none-eabi/13.3.1/../../../../arm-none-eabi/lib/thumb/v7e-m+fp/hard/libstdc++_nano.a(string-inst.o)
                0x0800dc1a                std::__cxx11::basic_string<char, std::char_traits<char>, std::allocator<char> >::c_str() const
 .text._ZdlPv   0x0800dc1e        0x4 /opt/st/stm32cubeide_1.19.0/plugins/com.st.stm32cube.ide.mcu.externaltools.gnu-tools-for-stm32.13.3.rel1.linux64_1.0.0.202410170706/tools/bin/../lib/gcc/arm-none-eabi/13.3.1/../../../../arm-none-eabi/lib/thumb/v7e-m+fp/hard/libstdc++_nano.a(del_op.o)
                0x0800dc1e                operator delete(void*)
 *fill*         0x0800dc22        0x2 
 .text._ZSt15get_new_handlerv
                0x0800dc24       0x10 /opt/st/stm32cubeide_1.19.0/plugins/com.st.stm32cube.ide.mcu.externaltools.gnu-tools-for-stm32.13.3.rel1.linux64_1.0.0.202410170706/tools/bin/../lib/gcc/arm-none-eabi/13.3.1/../../../../arm-none-eabi/lib/thumb/v7e-m+fp/hard/libstdc++_nano.a(new_handler.o)
                0x0800dc24                std::get_new_handler()
 *fill*         0x0800dc34        0x4 
 .text.cos      0x0800dc38       0xa8 /opt/st/stm32cubeide_1.19.0/plugins/com.st.stm32cube.ide.mcu.externaltools.gnu-tools-for-stm32.13.3.rel1.linux64_1.0.0.202410170706/tools/bin/../lib/gcc/arm-none-eabi/13.3.1/../../../../arm-none-eabi/lib/thumb/v7e-m+fp/hard/libm.a(libm_a-s_cos.o)
                0x0800dc38                cos
 .text.sin      0x0800dce0       0xa8 /opt/st/stm32cubeide_1.19.0/plugins/com.st.stm32cube.ide.mcu.externaltools.gnu-tools-for-stm32.13.3.rel1.linux64_1.0.0.202410170706/tools/bin/../lib/gcc/arm-none-eabi/13.3.1/../../../../arm-none-eabi/lib/thumb/v7e-m+fp/hard/libm.a(libm_a-s_sin.o)
                0x0800dce0                sin
 .text.fmodf    0x0800dd88       0x40 /opt/st/stm32cubeide_1.19.0/plugins/com.st.stm32cube.ide.mcu.externaltools.gnu-tools-for-stm32.13.3.rel1.linux64_1.0.0.202410170706/tools/bin/../lib/gcc/arm-none-eabi/13.3.1/../../../../arm-none-eabi/lib/thumb/v7e-m+fp/hard/libm.a(libm_a-wf_fmod.o)
                0x0800dd88                fmodf
 .text.__kernel_cos
                0x0800ddc8      0x18c /opt/st/stm32cubeide_1.19.0/plugins/com.st.stm32cube.ide.mcu.externaltools.gnu-tools-for-stm32.13.3.rel1.linux64_1.0.0.202410170706/tools/bin/../lib/gcc/arm-none-eabi/13.3.1/../../../../arm-none-eabi/lib/thumb/v7e-m+fp/hard/libm.a(libm_a-k_cos.o)
                0x0800ddc8                __kernel_cos
 *fill*         0x0800df54        0x4 
 .text.__kernel_sin
                0x0800df58      0x174 /opt/st/stm32cubeide_1.19.0/plugins/com.st.stm32cube.ide.mcu.externaltools.gnu-tools-for-stm32.13.3.rel1.linux64_1.0.0.202410170706/tools/bin/../lib/gcc/arm-none-eabi/13.3.1/../../../../arm-none-eabi/lib/thumb/v7e-m+fp/hard/libm.a(libm_a-k_sin.o)
                0x0800df58                __kernel_sin
 *fill*         0x0800e0cc        0x4 
 .text.__ieee754_rem_pio2
                0x0800e0d0      0x3f8 /opt/st/stm32cubeide_1.19.0/plugins/com.st.stm32cube.ide.mcu.externaltools.gnu-tools-for-stm32.13.3.rel1.linux64_1.0.0.202410170706/tools/bin/../lib/gcc/arm-none-eabi/13.3.1/../../../../arm-none-eabi/lib/thumb/v7e-m+fp/hard/libm.a(libm_a-e_rem_pio2.o)
                0x0800e0d0                __ieee754_rem_pio2
 .text.fabs     0x0800e4c8       0x10 /opt/st/stm32cubeide_1.19.0/plugins/com.st.stm32cube.ide.mcu.externaltools.gnu-tools-for-stm32.13.3.rel1.linux64_1.0.0.202410170706/tools/bin/../lib/gcc/arm-none-eabi/13.3.1/../../../../arm-none-eabi/lib/thumb/v7e-m+fp/hard/libm.a(libm_a-s_fabs.o)
                0x0800e4c8                fabs
 .text.__ieee754_fmodf
                0x0800e4d8      0x104 /opt/st/stm32cubeide_1.19.0/plugins/com.st.stm32cube.ide.mcu.externaltools.gnu-tools-for-stm32.13.3.rel1.linux64_1.0.0.202410170706/tools/bin/../lib/gcc/arm-none-eabi/13.3.1/../../../../arm-none-eabi/lib/thumb/v7e-m+fp/hard/libm.a(libm_a-ef_fmod.o)
                0x0800e4d8                __ieee754_fmodf
 *fill*         0x0800e5dc        0x4 
 .text.__kernel_rem_pio2
                0x0800e5e0      0x6a0 /opt/st/stm32cubeide_1.19.0/plugins/com.st.stm32cube.ide.mcu.externaltools.gnu-tools-for-stm32.13.3.rel1.linux64_1.0.0.202410170706/tools/bin/../lib/gcc/arm-none-eabi/13.3.1/../../../../arm-none-eabi/lib/thumb/v7e-m+fp/hard/libm.a(libm_a-k_rem_pio2.o)
                0x0800e5e0                __kernel_rem_pio2
 .text.scalbn   0x0800ec80       0xf4 /opt/st/stm32cubeide_1.19.0/plugins/com.st.stm32cube.ide.mcu.externaltools.gnu-tools-for-stm32.13.3.rel1.linux64_1.0.0.202410170706/tools/bin/../lib/gcc/arm-none-eabi/13.3.1/../../../../arm-none-eabi/lib/thumb/v7e-m+fp/hard/libm.a(libm_a-s_scalbn.o)
                0x0800ec80                scalbn
 *fill*         0x0800ed74        0x4 
 .text.floor    0x0800ed78       0xf8 /opt/st/stm32cubeide_1.19.0/plugins/com.st.stm32cube.ide.mcu.externaltools.gnu-tools-for-stm32.13.3.rel1.linux64_1.0.0.202410170706/tools/bin/../lib/gcc/arm-none-eabi/13.3.1/../../../../arm-none-eabi/lib/thumb/v7e-m+fp/hard/libm.a(libm_a-s_floor.o)
                0x0800ed78                floor
 .text.abort    0x0800ee70        0xe /opt/st/stm32cubeide_1.19.0/plugins/com.st.stm32cube.ide.mcu.externaltools.gnu-tools-for-stm32.13.3.rel1.linux64_1.0.0.202410170706/tools/bin/../lib/gcc/arm-none-eabi/13.3.1/../../../../arm-none-eabi/lib/thumb/v7e-m+fp/hard/libc_nano.a(libc_a-abort.o)
                0x0800ee70                abort
 *fill*         0x0800ee7e        0x2 
 .text.__assert_func
                0x0800ee80       0x3c /opt/st/stm32cubeide_1.19.0/plugins/com.st.stm32cube.ide.mcu.externaltools.gnu-tools-for-stm32.13.3.rel1.linux64_1.0.0.202410170706/tools/bin/../lib/gcc/arm-none-eabi/13.3.1/../../../../arm-none-eabi/lib/thumb/v7e-m+fp/hard/libc_nano.a(libc_a-assert.o)
                0x0800ee80                __assert_func
 .text.malloc   0x0800eebc       0x10 /opt/st/stm32cubeide_1.19.0/plugins/com.st.stm32cube.ide.mcu.externaltools.gnu-tools-for-stm32.13.3.rel1.linux64_1.0.0.202410170706/tools/bin/../lib/gcc/arm-none-eabi/13.3.1/../../../../arm-none-eabi/lib/thumb/v7e-m+fp/hard/libc_nano.a(libc_a-malloc.o)
                0x0800eebc                malloc
 .text.free     0x0800eecc       0x10 /opt/st/stm32cubeide_1.19.0/plugins/com.st.stm32cube.ide.mcu.externaltools.gnu-tools-for-stm32.13.3.rel1.linux64_1.0.0.202410170706/tools/bin/../lib/gcc/arm-none-eabi/13.3.1/../../../../arm-none-eabi/lib/thumb/v7e-m+fp/hard/libc_nano.a(libc_a-malloc.o)
                0x0800eecc                free
 .text.sbrk_aligned
                0x0800eedc       0x44 /opt/st/stm32cubeide_1.19.0/plugins/com.st.stm32cube.ide.mcu.externaltools.gnu-tools-for-stm32.13.3.rel1.linux64_1.0.0.202410170706/tools/bin/../lib/gcc/arm-none-eabi/13.3.1/../../../../arm-none-eabi/lib/thumb/v7e-m+fp/hard/libc_nano.a(libc_a-mallocr.o)
 .text._malloc_r
                0x0800ef20      0x100 /opt/st/stm32cubeide_1.19.0/plugins/com.st.stm32cube.ide.mcu.externaltools.gnu-tools-for-stm32.13.3.rel1.linux64_1.0.0.202410170706/tools/bin/../lib/gcc/arm-none-eabi/13.3.1/../../../../arm-none-eabi/lib/thumb/v7e-m+fp/hard/libc_nano.a(libc_a-mallocr.o)
                0x0800ef20                _malloc_r
 .text.__malloc_lock
                0x0800f020        0xc /opt/st/stm32cubeide_1.19.0/plugins/com.st.stm32cube.ide.mcu.externaltools.gnu-tools-for-stm32.13.3.rel1.linux64_1.0.0.202410170706/tools/bin/../lib/gcc/arm-none-eabi/13.3.1/../../../../arm-none-eabi/lib/thumb/v7e-m+fp/hard/libc_nano.a(libc_a-mlock.o)
                0x0800f020                __malloc_lock
 .text.__malloc_unlock
                0x0800f02c        0xc /opt/st/stm32cubeide_1.19.0/plugins/com.st.stm32cube.ide.mcu.externaltools.gnu-tools-for-stm32.13.3.rel1.linux64_1.0.0.202410170706/tools/bin/../lib/gcc/arm-none-eabi/13.3.1/../../../../arm-none-eabi/lib/thumb/v7e-m+fp/hard/libc_nano.a(libc_a-mlock.o)
                0x0800f02c                __malloc_unlock
 .text.rand     0x0800f038       0x7c /opt/st/stm32cubeide_1.19.0/plugins/com.st.stm32cube.ide.mcu.externaltools.gnu-tools-for-stm32.13.3.rel1.linux64_1.0.0.202410170706/tools/bin/../lib/gcc/arm-none-eabi/13.3.1/../../../../arm-none-eabi/lib/thumb/v7e-m+fp/hard/libc_nano.a(libc_a-rand.o)
                0x0800f038                rand
 .text.std      0x0800f0b4       0x6c /opt/st/stm32cubeide_1.19.0/plugins/com.st.stm32cube.ide.mcu.externaltools.gnu-tools-for-stm32.13.3.rel1.linux64_1.0.0.202410170706/tools/bin/../lib/gcc/arm-none-eabi/13.3.1/../../../../arm-none-eabi/lib/thumb/v7e-m+fp/hard/libc_nano.a(libc_a-findfp.o)
 .text.stdio_exit_handler
                0x0800f120       0x18 /opt/st/stm32cubeide_1.19.0/plugins/com.st.stm32cube.ide.mcu.externaltools.gnu-tools-for-stm32.13.3.rel1.linux64_1.0.0.202410170706/tools/bin/../lib/gcc/arm-none-eabi/13.3.1/../../../../arm-none-eabi/lib/thumb/v7e-m+fp/hard/libc_nano.a(libc_a-findfp.o)
 .text.cleanup_stdio
                0x0800f138       0x40 /opt/st/stm32cubeide_1.19.0/plugins/com.st.stm32cube.ide.mcu.externaltools.gnu-tools-for-stm32.13.3.rel1.linux64_1.0.0.202410170706/tools/bin/../lib/gcc/arm-none-eabi/13.3.1/../../../../arm-none-eabi/lib/thumb/v7e-m+fp/hard/libc_nano.a(libc_a-findfp.o)
 .text.global_stdio_init.part.0
                0x0800f178       0x3c /opt/st/stm32cubeide_1.19.0/plugins/com.st.stm32cube.ide.mcu.externaltools.gnu-tools-for-stm32.13.3.rel1.linux64_1.0.0.202410170706/tools/bin/../lib/gcc/arm-none-eabi/13.3.1/../../../../arm-none-eabi/lib/thumb/v7e-m+fp/hard/libc_nano.a(libc_a-findfp.o)
 .text.__sfp_lock_acquire
                0x0800f1b4        0xc /opt/st/stm32cubeide_1.19.0/plugins/com.st.stm32cube.ide.mcu.externaltools.gnu-tools-for-stm32.13.3.rel1.linux64_1.0.0.202410170706/tools/bin/../lib/gcc/arm-none-eabi/13.3.1/../../../../arm-none-eabi/lib/thumb/v7e-m+fp/hard/libc_nano.a(libc_a-findfp.o)
                0x0800f1b4                __sfp_lock_acquire
 .text.__sfp_lock_release
                0x0800f1c0        0xc /opt/st/stm32cubeide_1.19.0/plugins/com.st.stm32cube.ide.mcu.externaltools.gnu-tools-for-stm32.13.3.rel1.linux64_1.0.0.202410170706/tools/bin/../lib/gcc/arm-none-eabi/13.3.1/../../../../arm-none-eabi/lib/thumb/v7e-m+fp/hard/libc_nano.a(libc_a-findfp.o)
                0x0800f1c0                __sfp_lock_release
 .text.__sinit  0x0800f1cc       0x30 /opt/st/stm32cubeide_1.19.0/plugins/com.st.stm32cube.ide.mcu.externaltools.gnu-tools-for-stm32.13.3.rel1.linux64_1.0.0.202410170706/tools/bin/../lib/gcc/arm-none-eabi/13.3.1/../../../../arm-none-eabi/lib/thumb/v7e-m+fp/hard/libc_nano.a(libc_a-findfp.o)
                0x0800f1cc                __sinit
 .text.fprintf  0x0800f1fc       0x24 /opt/st/stm32cubeide_1.19.0/plugins/com.st.stm32cube.ide.mcu.externaltools.gnu-tools-for-stm32.13.3.rel1.linux64_1.0.0.202410170706/tools/bin/../lib/gcc/arm-none-eabi/13.3.1/../../../../arm-none-eabi/lib/thumb/v7e-m+fp/hard/libc_nano.a(libc_a-fprintf.o)
                0x0800f1fc                fprintf
                0x0800f1fc                fiprintf
 .text._fwalk_sglue
                0x0800f220       0x3c /opt/st/stm32cubeide_1.19.0/plugins/com.st.stm32cube.ide.mcu.externaltools.gnu-tools-for-stm32.13.3.rel1.linux64_1.0.0.202410170706/tools/bin/../lib/gcc/arm-none-eabi/13.3.1/../../../../arm-none-eabi/lib/thumb/v7e-m+fp/hard/libc_nano.a(libc_a-fwalk.o)
                0x0800f220                _fwalk_sglue
 .text.__sread  0x0800f25c       0x22 /opt/st/stm32cubeide_1.19.0/plugins/com.st.stm32cube.ide.mcu.externaltools.gnu-tools-for-stm32.13.3.rel1.linux64_1.0.0.202410170706/tools/bin/../lib/gcc/arm-none-eabi/13.3.1/../../../../arm-none-eabi/lib/thumb/v7e-m+fp/hard/libc_nano.a(libc_a-stdio.o)
                0x0800f25c                __sread
 .text.__swrite
                0x0800f27e       0x38 /opt/st/stm32cubeide_1.19.0/plugins/com.st.stm32cube.ide.mcu.externaltools.gnu-tools-for-stm32.13.3.rel1.linux64_1.0.0.202410170706/tools/bin/../lib/gcc/arm-none-eabi/13.3.1/../../../../arm-none-eabi/lib/thumb/v7e-m+fp/hard/libc_nano.a(libc_a-stdio.o)
                0x0800f27e                __swrite
 .text.__sseek  0x0800f2b6       0x24 /opt/st/stm32cubeide_1.19.0/plugins/com.st.stm32cube.ide.mcu.externaltools.gnu-tools-for-stm32.13.3.rel1.linux64_1.0.0.202410170706/tools/bin/../lib/gcc/arm-none-eabi/13.3.1/../../../../arm-none-eabi/lib/thumb/v7e-m+fp/hard/libc_nano.a(libc_a-stdio.o)
                0x0800f2b6                __sseek
 .text.__sclose
                0x0800f2da        0x8 /opt/st/stm32cubeide_1.19.0/plugins/com.st.stm32cube.ide.mcu.externaltools.gnu-tools-for-stm32.13.3.rel1.linux64_1.0.0.202410170706/tools/bin/../lib/gcc/arm-none-eabi/13.3.1/../../../../arm-none-eabi/lib/thumb/v7e-m+fp/hard/libc_nano.a(libc_a-stdio.o)
                0x0800f2da                __sclose
 .text.memset   0x0800f2e2       0x10 /opt/st/stm32cubeide_1.19.0/plugins/com.st.stm32cube.ide.mcu.externaltools.gnu-tools-for-stm32.13.3.rel1.linux64_1.0.0.202410170706/tools/bin/../lib/gcc/arm-none-eabi/13.3.1/../../../../arm-none-eabi/lib/thumb/v7e-m+fp/hard/libc_nano.a(libc_a-memset.o)
                0x0800f2e2                memset
 .text._raise_r
                0x0800f2f2       0x50 /opt/st/stm32cubeide_1.19.0/plugins/com.st.stm32cube.ide.mcu.externaltools.gnu-tools-for-stm32.13.3.rel1.linux64_1.0.0.202410170706/tools/bin/../lib/gcc/arm-none-eabi/13.3.1/../../../../arm-none-eabi/lib/thumb/v7e-m+fp/hard/libc_nano.a(libc_a-signal.o)
                0x0800f2f2                _raise_r
 *fill*         0x0800f342        0x2 
 .text.raise    0x0800f344       0x10 /opt/st/stm32cubeide_1.19.0/plugins/com.st.stm32cube.ide.mcu.externaltools.gnu-tools-for-stm32.13.3.rel1.linux64_1.0.0.202410170706/tools/bin/../lib/gcc/arm-none-eabi/13.3.1/../../../../arm-none-eabi/lib/thumb/v7e-m+fp/hard/libc_nano.a(libc_a-signal.o)
                0x0800f344                raise
 .text._close_r
                0x0800f354       0x20 /opt/st/stm32cubeide_1.19.0/plugins/com.st.stm32cube.ide.mcu.externaltools.gnu-tools-for-stm32.13.3.rel1.linux64_1.0.0.202410170706/tools/bin/../lib/gcc/arm-none-eabi/13.3.1/../../../../arm-none-eabi/lib/thumb/v7e-m+fp/hard/libc_nano.a(libc_a-closer.o)
                0x0800f354                _close_r
 .text._lseek_r
                0x0800f374       0x24 /opt/st/stm32cubeide_1.19.0/plugins/com.st.stm32cube.ide.mcu.externaltools.gnu-tools-for-stm32.13.3.rel1.linux64_1.0.0.202410170706/tools/bin/../lib/gcc/arm-none-eabi/13.3.1/../../../../arm-none-eabi/lib/thumb/v7e-m+fp/hard/libc_nano.a(libc_a-lseekr.o)
                0x0800f374                _lseek_r
 .text._read_r  0x0800f398       0x24 /opt/st/stm32cubeide_1.19.0/plugins/com.st.stm32cube.ide.mcu.externaltools.gnu-tools-for-stm32.13.3.rel1.linux64_1.0.0.202410170706/tools/bin/../lib/gcc/arm-none-eabi/13.3.1/../../../../arm-none-eabi/lib/thumb/v7e-m+fp/hard/libc_nano.a(libc_a-readr.o)
                0x0800f398                _read_r
 .text._kill_r  0x0800f3bc       0x24 /opt/st/stm32cubeide_1.19.0/plugins/com.st.stm32cube.ide.mcu.externaltools.gnu-tools-for-stm32.13.3.rel1.linux64_1.0.0.202410170706/tools/bin/../lib/gcc/arm-none-eabi/13.3.1/../../../../arm-none-eabi/lib/thumb/v7e-m+fp/hard/libc_nano.a(libc_a-signalr.o)
                0x0800f3bc                _kill_r
 .text._getpid_r
                0x0800f3e0        0x4 /opt/st/stm32cubeide_1.19.0/plugins/com.st.stm32cube.ide.mcu.externaltools.gnu-tools-for-stm32.13.3.rel1.linux64_1.0.0.202410170706/tools/bin/../lib/gcc/arm-none-eabi/13.3.1/../../../../arm-none-eabi/lib/thumb/v7e-m+fp/hard/libc_nano.a(libc_a-signalr.o)
                0x0800f3e0                _getpid_r
 .text._sbrk_r  0x0800f3e4       0x20 /opt/st/stm32cubeide_1.19.0/plugins/com.st.stm32cube.ide.mcu.externaltools.gnu-tools-for-stm32.13.3.rel1.linux64_1.0.0.202410170706/tools/bin/../lib/gcc/arm-none-eabi/13.3.1/../../../../arm-none-eabi/lib/thumb/v7e-m+fp/hard/libc_nano.a(libc_a-sbrkr.o)
                0x0800f3e4                _sbrk_r
 .text._write_r
                0x0800f404       0x24 /opt/st/stm32cubeide_1.19.0/plugins/com.st.stm32cube.ide.mcu.externaltools.gnu-tools-for-stm32.13.3.rel1.linux64_1.0.0.202410170706/tools/bin/../lib/gcc/arm-none-eabi/13.3.1/../../../../arm-none-eabi/lib/thumb/v7e-m+fp/hard/libc_nano.a(libc_a-writer.o)
                0x0800f404                _write_r
 .text.__errno  0x0800f428        0xc /opt/st/stm32cubeide_1.19.0/plugins/com.st.stm32cube.ide.mcu.externaltools.gnu-tools-for-stm32.13.3.rel1.linux64_1.0.0.202410170706/tools/bin/../lib/gcc/arm-none-eabi/13.3.1/../../../../arm-none-eabi/lib/thumb/v7e-m+fp/hard/libc_nano.a(libc_a-errno.o)
                0x0800f428                __errno
 .text.__libc_init_array
                0x0800f434       0x48 /opt/st/stm32cubeide_1.19.0/plugins/com.st.stm32cube.ide.mcu.externaltools.gnu-tools-for-stm32.13.3.rel1.linux64_1.0.0.202410170706/tools/bin/../lib/gcc/arm-none-eabi/13.3.1/../../../../arm-none-eabi/lib/thumb/v7e-m+fp/hard/libc_nano.a(libc_a-init.o)
                0x0800f434                __libc_init_array
 .text.__retarget_lock_init_recursive
                0x0800f47c        0x2 /opt/st/stm32cubeide_1.19.0/plugins/com.st.stm32cube.ide.mcu.externaltools.gnu-tools-for-stm32.13.3.rel1.linux64_1.0.0.202410170706/tools/bin/../lib/gcc/arm-none-eabi/13.3.1/../../../../arm-none-eabi/lib/thumb/v7e-m+fp/hard/libc_nano.a(libc_a-lock.o)
                0x0800f47c                __retarget_lock_init_recursive
 .text.__retarget_lock_acquire_recursive
                0x0800f47e        0x2 /opt/st/stm32cubeide_1.19.0/plugins/com.st.stm32cube.ide.mcu.externaltools.gnu-tools-for-stm32.13.3.rel1.linux64_1.0.0.202410170706/tools/bin/../lib/gcc/arm-none-eabi/13.3.1/../../../../arm-none-eabi/lib/thumb/v7e-m+fp/hard/libc_nano.a(libc_a-lock.o)
                0x0800f47e                __retarget_lock_acquire_recursive
 .text.__retarget_lock_release_recursive
                0x0800f480        0x2 /opt/st/stm32cubeide_1.19.0/plugins/com.st.stm32cube.ide.mcu.externaltools.gnu-tools-for-stm32.13.3.rel1.linux64_1.0.0.202410170706/tools/bin/../lib/gcc/arm-none-eabi/13.3.1/../../../../arm-none-eabi/lib/thumb/v7e-m+fp/hard/libc_nano.a(libc_a-lock.o)
                0x0800f480                __retarget_lock_release_recursive
 *fill*         0x0800f482        0x2 
 .text._free_r  0x0800f484       0x94 /opt/st/stm32cubeide_1.19.0/plugins/com.st.stm32cube.ide.mcu.externaltools.gnu-tools-for-stm32.13.3.rel1.linux64_1.0.0.202410170706/tools/bin/../lib/gcc/arm-none-eabi/13.3.1/../../../../arm-none-eabi/lib/thumb/v7e-m+fp/hard/libc_nano.a(libc_a-freer.o)
                0x0800f484                _free_r
 .text.__sfputc_r
                0x0800f518       0x2e /opt/st/stm32cubeide_1.19.0/plugins/com.st.stm32cube.ide.mcu.externaltools.gnu-tools-for-stm32.13.3.rel1.linux64_1.0.0.202410170706/tools/bin/../lib/gcc/arm-none-eabi/13.3.1/../../../../arm-none-eabi/lib/thumb/v7e-m+fp/hard/libc_nano.a(libc_a-nano-vfprintf.o)
 .text.__sfputs_r
                0x0800f546       0x24 /opt/st/stm32cubeide_1.19.0/plugins/com.st.stm32cube.ide.mcu.externaltools.gnu-tools-for-stm32.13.3.rel1.linux64_1.0.0.202410170706/tools/bin/../lib/gcc/arm-none-eabi/13.3.1/../../../../arm-none-eabi/lib/thumb/v7e-m+fp/hard/libc_nano.a(libc_a-nano-vfprintf.o)
                0x0800f546                __sfputs_r
 *fill*         0x0800f56a        0x2 
 .text._vfprintf_r
                0x0800f56c      0x230 /opt/st/stm32cubeide_1.19.0/plugins/com.st.stm32cube.ide.mcu.externaltools.gnu-tools-for-stm32.13.3.rel1.linux64_1.0.0.202410170706/tools/bin/../lib/gcc/arm-none-eabi/13.3.1/../../../../arm-none-eabi/lib/thumb/v7e-m+fp/hard/libc_nano.a(libc_a-nano-vfprintf.o)
                0x0800f56c                _vfiprintf_r
                0x0800f56c                _vfprintf_r
 .text._printf_common
                0x0800f79c       0xda /opt/st/stm32cubeide_1.19.0/plugins/com.st.stm32cube.ide.mcu.externaltools.gnu-tools-for-stm32.13.3.rel1.linux64_1.0.0.202410170706/tools/bin/../lib/gcc/arm-none-eabi/13.3.1/../../../../arm-none-eabi/lib/thumb/v7e-m+fp/hard/libc_nano.a(libc_a-nano-vfprintf_i.o)
                0x0800f79c                _printf_common
 *fill*         0x0800f876        0x2 
 .text._printf_i
                0x0800f878      0x23c /opt/st/stm32cubeide_1.19.0/plugins/com.st.stm32cube.ide.mcu.externaltools.gnu-tools-for-stm32.13.3.rel1.linux64_1.0.0.202410170706/tools/bin/../lib/gcc/arm-none-eabi/13.3.1/../../../../arm-none-eabi/lib/thumb/v7e-m+fp/hard/libc_nano.a(libc_a-nano-vfprintf_i.o)
                0x0800f878                _printf_i
 .text.__sflush_r
                0x0800fab4      0x108 /opt/st/stm32cubeide_1.19.0/plugins/com.st.stm32cube.ide.mcu.externaltools.gnu-tools-for-stm32.13.3.rel1.linux64_1.0.0.202410170706/tools/bin/../lib/gcc/arm-none-eabi/13.3.1/../../../../arm-none-eabi/lib/thumb/v7e-m+fp/hard/libc_nano.a(libc_a-fflush.o)
                0x0800fab4                __sflush_r
 .text._fflush_r
                0x0800fbbc       0x50 /opt/st/stm32cubeide_1.19.0/plugins/com.st.stm32cube.ide.mcu.externaltools.gnu-tools-for-stm32.13.3.rel1.linux64_1.0.0.202410170706/tools/bin/../lib/gcc/arm-none-eabi/13.3.1/../../../../arm-none-eabi/lib/thumb/v7e-m+fp/hard/libc_nano.a(libc_a-fflush.o)
                0x0800fbbc                _fflush_r
 .text.__swbuf_r
                0x0800fc0c       0x7c /opt/st/stm32cubeide_1.19.0/plugins/com.st.stm32cube.ide.mcu.externaltools.gnu-tools-for-stm32.13.3.rel1.linux64_1.0.0.202410170706/tools/bin/../lib/gcc/arm-none-eabi/13.3.1/../../../../arm-none-eabi/lib/thumb/v7e-m+fp/hard/libc_nano.a(libc_a-wbuf.o)
                0x0800fc0c                __swbuf_r
 .text.__swsetup_r
                0x0800fc88       0xac /opt/st/stm32cubeide_1.19.0/plugins/com.st.stm32cube.ide.mcu.externaltools.gnu-tools-for-stm32.13.3.rel1.linux64_1.0.0.202410170706/tools/bin/../lib/gcc/arm-none-eabi/13.3.1/../../../../arm-none-eabi/lib/thumb/v7e-m+fp/hard/libc_nano.a(libc_a-wsetup.o)
                0x0800fc88                __swsetup_r
 .text.__swhatbuf_r
                0x0800fd34       0x4c /opt/st/stm32cubeide_1.19.0/plugins/com.st.stm32cube.ide.mcu.externaltools.gnu-tools-for-stm32.13.3.rel1.linux64_1.0.0.202410170706/tools/bin/../lib/gcc/arm-none-eabi/13.3.1/../../../../arm-none-eabi/lib/thumb/v7e-m+fp/hard/libc_nano.a(libc_a-makebuf.o)
                0x0800fd34                __swhatbuf_r
 .text.__smakebuf_r
                0x0800fd80       0x78 /opt/st/stm32cubeide_1.19.0/plugins/com.st.stm32cube.ide.mcu.externaltools.gnu-tools-for-stm32.13.3.rel1.linux64_1.0.0.202410170706/tools/bin/../lib/gcc/arm-none-eabi/13.3.1/../../../../arm-none-eabi/lib/thumb/v7e-m+fp/hard/libc_nano.a(libc_a-makebuf.o)
                0x0800fd80                __smakebuf_r
 .text._fstat_r
                0x0800fdf8       0x24 /opt/st/stm32cubeide_1.19.0/plugins/com.st.stm32cube.ide.mcu.externaltools.gnu-tools-for-stm32.13.3.rel1.linux64_1.0.0.202410170706/tools/bin/../lib/gcc/arm-none-eabi/13.3.1/../../../../arm-none-eabi/lib/thumb/v7e-m+fp/hard/libc_nano.a(libc_a-fstatr.o)
                0x0800fdf8                _fstat_r
 .text._isatty_r
                0x0800fe1c       0x20 /opt/st/stm32cubeide_1.19.0/plugins/com.st.stm32cube.ide.mcu.externaltools.gnu-tools-for-stm32.13.3.rel1.linux64_1.0.0.202410170706/tools/bin/../lib/gcc/arm-none-eabi/13.3.1/../../../../arm-none-eabi/lib/thumb/v7e-m+fp/hard/libc_nano.a(libc_a-isattyr.o)
                0x0800fe1c                _isatty_r
 *(.glue_7)
 .glue_7        0x0800fe3c        0x0 linker stubs
 *(.glue_7t)
 .glue_7t       0x0800fe3c        0x0 linker stubs
 *(.eh_frame)
 .eh_frame      0x0800fe3c        0x0 /opt/st/stm32cubeide_1.19.0/plugins/com.st.stm32cube.ide.mcu.externaltools.gnu-tools-for-stm32.13.3.rel1.linux64_1.0.0.202410170706/tools/bin/../lib/gcc/arm-none-eabi/13.3.1/thumb/v7e-m+fp/hard/crtbegin.o
 *(.init)
 .init          0x0800fe3c        0x4 /opt/st/stm32cubeide_1.19.0/plugins/com.st.stm32cube.ide.mcu.externaltools.gnu-tools-for-stm32.13.3.rel1.linux64_1.0.0.202410170706/tools/bin/../lib/gcc/arm-none-eabi/13.3.1/thumb/v7e-m+fp/hard/crti.o
                0x0800fe3c                _init
 .init          0x0800fe40        0x8 /opt/st/stm32cubeide_1.19.0/plugins/com.st.stm32cube.ide.mcu.externaltools.gnu-tools-for-stm32.13.3.rel1.linux64_1.0.0.202410170706/tools/bin/../lib/gcc/arm-none-eabi/13.3.1/thumb/v7e-m+fp/hard/crtn.o
 *(.fini)
 .fini          0x0800fe48        0x4 /opt/st/stm32cubeide_1.19.0/plugins/com.st.stm32cube.ide.mcu.externaltools.gnu-tools-for-stm32.13.3.rel1.linux64_1.0.0.202410170706/tools/bin/../lib/gcc/arm-none-eabi/13.3.1/thumb/v7e-m+fp/hard/crti.o
                0x0800fe48                _fini
 .fini          0x0800fe4c        0x8 /opt/st/stm32cubeide_1.19.0/plugins/com.st.stm32cube.ide.mcu.externaltools.gnu-tools-for-stm32.13.3.rel1.linux64_1.0.0.202410170706/tools/bin/../lib/gcc/arm-none-eabi/13.3.1/thumb/v7e-m+fp/hard/crtn.o
                0x0800fe54                        . = ALIGN (0x4)
                0x0800fe54                        _etext = .

.vfp11_veneer   0x0800fe54        0x0
 .vfp11_veneer  0x0800fe54        0x0 linker stubs

.v4_bx          0x0800fe54        0x0
 .v4_bx         0x0800fe54        0x0 linker stubs

.iplt           0x0800fe54        0x0
 .iplt          0x0800fe54        0x0 /opt/st/stm32cubeide_1.19.0/plugins/com.st.stm32cube.ide.mcu.externaltools.gnu-tools-for-stm32.13.3.rel1.linux64_1.0.0.202410170706/tools/bin/../lib/gcc/arm-none-eabi/13.3.1/thumb/v7e-m+fp/hard/crtbegin.o

.rodata         0x0800fe58     0x1278
                0x0800fe58                        . = ALIGN (0x4)
 *(.rodata)
 .rodata        0x0800fe58       0x28 ./Core/Src/main.o
 .rodata        0x0800fe80       0x44 ./Core/Src/NucleoImp/Display/ili9341.o
 .rodata        0x0800fec4       0x91 ./Core/Src/NucleoImp/MotionInput/mpu6050.o
 *(.rodata*)
 *fill*         0x0800ff55        0x3 
 .rodata.AHBPrescTable
                0x0800ff58       0x10 ./Core/Src/system_stm32f4xx.o
                0x0800ff58                AHBPrescTable
 .rodata.APBPrescTable
                0x0800ff68        0x8 ./Core/Src/system_stm32f4xx.o
                0x0800ff68                APBPrescTable
 .rodata._ZTVN7ELE331214ILI9341DisplayE
                0x0800ff70       0x5c ./Core/Src/NucleoImp/Display/ILI9341Display.o
                0x0800ff70                vtable for ELE3312::ILI9341Display
 .rodata._ZTVN7ELE33127DisplayE
                0x0800ffcc       0x5c ./Core/Src/NucleoImp/Display/ILI9341Display.o