../Core/Src/NucleoImp/Sound/SnakeAudio.cpp:20:1:SnakeAudio::SnakeAudio()	16	static
../Core/Src/NucleoImp/Sound/SnakeAudio.cpp:24:6:void SnakeAudio::Init(DAC_HandleTypeDef*, TIM_HandleTypeDef*, Waveform)	24	static
../Core/Src/NucleoImp/Sound/SnakeAudio.cpp:36:6:void SnakeAudio::InitSineTable()	24	static
../Core/Src/NucleoImp/Sound/SnakeAudio.cpp:43:6:void SnakeAudio::InitSquareTable()	24	static
../Core/Src/NucleoImp/Sound/SnakeAudio.cpp:49:6:void SnakeAudio::InitTriangleTable()	24	static
../Core/Src/NucleoImp/Sound/SnakeAudio.cpp:59:6:void SnakeAudio::Start()	24	static
../Core/Src/NucleoImp/Sound/SnakeAudio.cpp:70:6:void SnakeAudio::FillBuffer(uint16_t*)	32	static
../Core/Src/NucleoImp/Sound/SnakeAudio.cpp:91:6:void SnakeAudio::ProcessHalfBuffer()	16	static
../Core/Src/NucleoImp/Sound/SnakeAudio.cpp:95:6:void SnakeAudio::ProcessFullBuffer()	16	static
../Core/Src/NucleoImp/Sound/SnakeAudio.cpp:100:6:void SnakeAudio::UpdateState()	16	static
../Core/Src/NucleoImp/Sound/SnakeAudio.cpp:118:6:void SnakeAudio::setTrack(Track)	16	static
../Core/Src/NucleoImp/Sound/SnakeAudio.cpp:137:10:void HAL_DAC_ConvHalfCpltCallbackCh1(DAC_HandleTypeDef*)	16	static
../Core/Src/NucleoImp/Sound/SnakeAudio.cpp:142:10:void HAL_DAC_ConvCpltCallbackCh1(DAC_HandleTypeDef*)	16	static
../Core/Src/NucleoImp/Sound/SnakeAudio.cpp:146:10:void HAL_TIM_PeriodElapsedCallback(TIM_HandleTypeDef*)	16	static
