../Core/Src/NucleoImp/Sound/SnakeAudio.cpp:22:1:SnakeAudio::SnakeAudio()	16	static
../Core/Src/NucleoImp/Sound/SnakeAudio.cpp:27:6:void SnakeAudio::Init(Waveform)	16	static
../Core/Src/NucleoImp/Sound/SnakeAudio.cpp:35:6:void SnakeAudio::InitSineTable()	24	static
../Core/Src/NucleoImp/Sound/SnakeAudio.cpp:42:6:void SnakeAudio::InitSquareTable()	24	static
../Core/Src/NucleoImp/Sound/SnakeAudio.cpp:48:6:void SnakeAudio::InitTriangleTable()	24	static
../Core/Src/NucleoImp/Sound/SnakeAudio.cpp:58:6:void SnakeAudio::Start()	24	static
../Core/Src/NucleoImp/Sound/SnakeAudio.cpp:70:6:void SnakeAudio::FillBuffer(uint16_t*)	32	static
../Core/Src/NucleoImp/Sound/SnakeAudio.cpp:91:6:void SnakeAudio::ProcessHalfBuffer()	16	static
../Core/Src/NucleoImp/Sound/SnakeAudio.cpp:95:6:void SnakeAudio::ProcessFullBuffer()	16	static
../Core/Src/NucleoImp/Sound/SnakeAudio.cpp:100:6:void SnakeAudio::UpdateState()	16	static
../Core/Src/NucleoImp/Sound/SnakeAudio.cpp:122:10:void HAL_DAC_ConvHalfCpltCallbackCh1(DAC_HandleTypeDef*)	16	static
../Core/Src/NucleoImp/Sound/SnakeAudio.cpp:127:10:void HAL_DAC_ConvCpltCallbackCh1(DAC_HandleTypeDef*)	16	static
../Core/Src/NucleoImp/Sound/SnakeAudio.cpp:130:10:void HAL_TIM_PeriodElapsedCallback(TIM_HandleTypeDef*)	16	static
