../Core/Inc/NucleoImp/SerialCom/Ringbuffer.h:18:5:ELE3312::RingBuffer::RingBuffer()	16	static
../Core/Inc/NucleoImp/SerialCom/Ringbuffer.h:20:10:void ELE3312::RingBuffer::write(uint8_t)	24	static
../Core/Inc/NucleoImp/SerialCom/Ringbuffer.h:28:10:bool ELE3312::RingBuffer::read(uint8_t&)	16	static
../Core/Src/NucleoImp/SerialCom/UartSnakeManager.cpp:30:1:ELE3312::UartSnakeManager::UartSnakeManager()	16	static
../Core/Src/NucleoImp/SerialCom/UartSnakeManager.cpp:32:6:void ELE3312::UartSnakeManager::setup(UART_HandleTypeDef*)	16	static
../Core/Src/NucleoImp/SerialCom/UartSnakeManager.cpp:37:9:uint8_t ELE3312::UartSnakeManager::negotiatePlayerId()	32	static
../Core/Src/NucleoImp/SerialCom/UartSnakeManager.cpp:70:6:void ELE3312::UartSnakeManager::sendData(const ELE3312::SnakePayload&)	40	static
../Core/Src/NucleoImp/SerialCom/UartSnakeManager.cpp:84:6:bool ELE3312::UartSnakeManager::receiveData(ELE3312::SnakePayload&)	88	static
../Core/Src/NucleoImp/SerialCom/UartSnakeManager.cpp:114:10:void HAL_UART_RxCpltCallback(UART_HandleTypeDef*)	16	static
../Core/Src/NucleoImp/SerialCom/UartSnakeManager.cpp:120:1:void __static_initialization_and_destruction_0()	8	static
../Core/Src/NucleoImp/SerialCom/UartSnakeManager.cpp:120:1:cpp)	8	static
