../Core/Inc/NucleoImp/SerialCom/RingBuffer.h:18:5:ELE3312::RingBuffer::RingBuffer()	16	static
../Core/Inc/NucleoImp/SerialCom/RingBuffer.h:20:10:void ELE3312::RingBuffer::write(uint8_t)	24	static
../Core/Inc/NucleoImp/SerialCom/RingBuffer.h:28:10:bool ELE3312::RingBuffer::read(uint8_t&)	16	static
../Core/Src/NucleoImp/SerialCom/UartSnakeManager.cpp:37:1:ELE3312::UartSnakeManager::UartSnakeManager()	16	static
../Core/Src/NucleoImp/SerialCom/UartSnakeManager.cpp:39:6:void ELE3312::UartSnakeManager::setup(UART_HandleTypeDef*)	16	static
../Core/Src/NucleoImp/SerialCom/UartSnakeManager.cpp:43:9:uint8_t ELE3312::UartSnakeManager::negotiatePlayerId()	32	static
../Core/Src/NucleoImp/SerialCom/UartSnakeManager.cpp:76:6:void ELE3312::UartSnakeManager::sendData(const ELE3312::SnakePayload&)	40	static
../Core/Src/NucleoImp/SerialCom/UartSnakeManager.cpp:92:6:bool ELE3312::UartSnakeManager::receiveData(ELE3312::SnakePayload&)	88	static
../Core/Src/NucleoImp/SerialCom/UartSnakeManager.cpp:124:10:void HAL_UART_RxCpltCallback(UART_HandleTypeDef*)	16	static
../Core/Src/NucleoImp/SerialCom/UartSnakeManager.cpp:130:1:void __static_initialization_and_destruction_0()	8	static
../Core/Src/NucleoImp/SerialCom/UartSnakeManager.cpp:130:1:cpp)	8	static
