/Applications/STM32CubeIDE.app/Contents/Eclipse/plugins/com.st.stm32cube.ide.mcu.externaltools.gnu-tools-for-stm32.13.3.rel1.macos64_1.0.0.202411102158/tools/arm-none-eabi/include/c++/13.3.1/arm-none-eabi/thumb/v7e-m+fp/hard/bits/gthr-default.h:229:1:int __gthread_key_delete(__gthread_key_t)	16	static
../Core/Src/cpp_main.cpp:44:7:ELE3312::Color colorType(int)	16	static
../Core/Src/cpp_main.cpp:57:6:void drawTile(tile)	32	static
../Core/Src/cpp_main.cpp:62:6:void drawSnake()	48	static
../Core/Src/cpp_main.cpp:69:6:void drawFruits()	40	static
../Core/Src/cpp_main.cpp:80:6:void cpp_main(peripheral_handles*)	16	static
../Core/Src/cpp_main.cpp:90:1:void __static_initialization_and_destruction_0()	8	static
../Core/Src/cpp_main.cpp:90:1:void __static_initialization_and_destruction_1()	8	static
../Core/Src/cpp_main.cpp:90:1:cpp)	8	static
../Core/Src/cpp_main.cpp:90:1:cpp)	8	static
