/opt/st/stm32cubeide_1.19.0/plugins/com.st.stm32cube.ide.mcu.externaltools.gnu-tools-for-stm32.13.3.rel1.linux64_1.0.0.202410170706/tools/arm-none-eabi/include/c++/13.3.1/arm-none-eabi/thumb/v7e-m+fp/hard/bits/gthr-default.h:229:1:int __gthread_key_delete(__gthread_key_t)	16	static
../Core/Src/cpp_main.cpp:46:5:int eat(ELE3312::Snake, ELE3312::Fruit)	24	static
../Core/Src/cpp_main.cpp:79:6:void cpp_main(peripheral_handles*)	2744	static
../Core/Src/cpp_main.cpp:200:1:void __static_initialization_and_destruction_0()	8	static
../Core/Inc/NucleoImp/MotionInput/MPU6050MotionInput.h:29:10:ELE3312::MPU6050MotionInput::~MPU6050MotionInput()	16	static
../Core/Inc/NucleoImp/MotionInput/MPU6050MotionInput.h:29:10:virtual ELE3312::MPU6050MotionInput::~MPU6050MotionInput()	16	static
../Core/Src/cpp_main.cpp:200:1:void __static_initialization_and_destruction_1()	8	static
../Core/Src/cpp_main.cpp:200:1:cpp)	8	static
../Core/Src/cpp_main.cpp:200:1:cpp)	8	static
